Vivado Simulator v2022.2
Copyright 1986-1999, 2001-2022 Xilinx, Inc. All Rights Reserved.
Running: /home/bigpi/AMD/Vivado/2022.2/bin/unwrapped/lnx64.o/xelab --incr --debug typical --relax --mt 8 -L xil_defaultlib -L xbip_utils_v3_0_10 -L axi_utils_v2_0_6 -L xbip_pipe_v3_0_6 -L xbip_bram18k_v3_0_6 -L mult_gen_v12_0_18 -L cmpy_v6_0_21 -L c_reg_fd_v12_0_6 -L xbip_dsp48_wrapper_v3_0_4 -L xbip_dsp48_addsub_v3_0_6 -L xbip_addsub_v3_0_6 -L c_addsub_v12_0_14 -L c_mux_bit_v12_0_6 -L c_shift_ram_v12_0_14 -L floating_point_v7_0_20 -L xfft_v9_1_8 -L blk_mem_gen_v8_4_5 -L uvm -L unisims_ver -L unimacro_ver -L secureip -L xpm --snapshot SW9_tb_behav xil_defaultlib.SW9_tb xil_defaultlib.glbl -log elaborate.log 
Using 8 slave threads.
Starting static elaboration
Pass Through NonSizing Optimizer
WARNING: [VRFC 10-9380] size mismatch in mixed-language port association of VHDL port 's_axis_config_tvalid' [/home/bigpi/AMD/Vivado/2022.2/Projects/SW9A-AcousticsFPGA/src/Bartlett/fft_max.v:90]
WARNING: [VRFC 10-9380] size mismatch in mixed-language port association of VHDL port 'm_axis_dout_tuser' [/home/bigpi/AMD/Vivado/2022.2/Projects/SW9A-AcousticsFPGA/src/Bartlett/time_domain/complex_mult.v:419]
WARNING: [VRFC 10-9380] size mismatch in mixed-language port association of VHDL port 'm_axis_dout_tuser' [/home/bigpi/AMD/Vivado/2022.2/Projects/SW9A-AcousticsFPGA/src/Bartlett/time_domain/complex_mult.v:445]
WARNING: [VRFC 10-9380] size mismatch in mixed-language port association of VHDL port 'm_axis_dout_tuser' [/home/bigpi/AMD/Vivado/2022.2/Projects/SW9A-AcousticsFPGA/src/Bartlett/time_domain/complex_mult.v:471]
WARNING: [VRFC 10-9380] size mismatch in mixed-language port association of VHDL port 'm_axis_dout_tuser' [/home/bigpi/AMD/Vivado/2022.2/Projects/SW9A-AcousticsFPGA/src/Bartlett/time_domain/complex_mult.v:497]
WARNING: [VRFC 10-9380] size mismatch in mixed-language port association of VHDL port 'm_axis_dout_tuser' [/home/bigpi/AMD/Vivado/2022.2/Projects/SW9A-AcousticsFPGA/src/Bartlett/time_domain/complex_mult.v:523]
WARNING: [VRFC 10-9380] size mismatch in mixed-language port association of VHDL port 'm_axis_dout_tuser' [/home/bigpi/AMD/Vivado/2022.2/Projects/SW9A-AcousticsFPGA/src/Bartlett/time_domain/complex_mult.v:549]
WARNING: [VRFC 10-9380] size mismatch in mixed-language port association of VHDL port 'm_axis_dout_tuser' [/home/bigpi/AMD/Vivado/2022.2/Projects/SW9A-AcousticsFPGA/src/Bartlett/time_domain/complex_mult.v:575]
WARNING: [VRFC 10-9380] size mismatch in mixed-language port association of VHDL port 'm_axis_dout_tuser' [/home/bigpi/AMD/Vivado/2022.2/Projects/SW9A-AcousticsFPGA/src/Bartlett/time_domain/complex_mult.v:601]
WARNING: [VRFC 10-9380] size mismatch in mixed-language port association of VHDL port 'm_axis_dout_tuser' [/home/bigpi/AMD/Vivado/2022.2/Projects/SW9A-AcousticsFPGA/src/Bartlett/time_domain/complex_mult.v:627]
WARNING: [VRFC 10-9380] size mismatch in mixed-language port association of VHDL port 'm_axis_dout_tuser' [/home/bigpi/AMD/Vivado/2022.2/Projects/SW9A-AcousticsFPGA/src/Bartlett/time_domain/complex_mult.v:653]
WARNING: [VRFC 10-9380] size mismatch in mixed-language port association of VHDL port 'm_axis_dout_tuser' [/home/bigpi/AMD/Vivado/2022.2/Projects/SW9A-AcousticsFPGA/src/Bartlett/time_domain/complex_mult.v:679]
WARNING: [VRFC 10-9380] size mismatch in mixed-language port association of VHDL port 'm_axis_dout_tuser' [/home/bigpi/AMD/Vivado/2022.2/Projects/SW9A-AcousticsFPGA/src/Bartlett/time_domain/complex_mult.v:705]
WARNING: [VRFC 10-9380] size mismatch in mixed-language port association of VHDL port 'm_axis_dout_tuser' [/home/bigpi/AMD/Vivado/2022.2/Projects/SW9A-AcousticsFPGA/src/Bartlett/time_domain/complex_mult.v:731]
WARNING: [VRFC 10-9380] size mismatch in mixed-language port association of VHDL port 'm_axis_dout_tuser' [/home/bigpi/AMD/Vivado/2022.2/Projects/SW9A-AcousticsFPGA/src/Bartlett/time_domain/complex_mult.v:757]
WARNING: [VRFC 10-9380] size mismatch in mixed-language port association of VHDL port 'm_axis_dout_tuser' [/home/bigpi/AMD/Vivado/2022.2/Projects/SW9A-AcousticsFPGA/src/Bartlett/time_domain/complex_mult.v:783]
WARNING: [VRFC 10-9380] size mismatch in mixed-language port association of VHDL port 'm_axis_dout_tuser' [/home/bigpi/AMD/Vivado/2022.2/Projects/SW9A-AcousticsFPGA/src/Bartlett/time_domain/complex_mult.v:809]
WARNING: [VRFC 10-3091] actual bit length 3 differs from formal bit length 32 for port 'vga' [/home/bigpi/AMD/Vivado/2022.2/Projects/SW9A-AcousticsFPGA/src/top.v:149]
WARNING: [VRFC 10-3091] actual bit length 9 differs from formal bit length 16 for port 'm_axis_tuser' [/home/bigpi/AMD/Vivado/2022.2/Projects/SW9A-AcousticsFPGA/src/Bartlett/bartlett.v:107]
WARNING: [VRFC 10-3091] actual bit length 16 differs from formal bit length 8 for port 'm_axis_max_tuser' [/home/bigpi/AMD/Vivado/2022.2/Projects/SW9A-AcousticsFPGA/src/Bartlett/fft_max.v:152]
WARNING: [VRFC 10-3091] actual bit length 1 differs from formal bit length 5 for port 's_axis_tuser' [/home/bigpi/AMD/Vivado/2022.2/Projects/SW9A-AcousticsFPGA/src/Bartlett/time_domain/bartlett_time_domain.v:62]
WARNING: [VRFC 10-3091] actual bit length 65 differs from formal bit length 33 for port 'sum' [/home/bigpi/AMD/Vivado/2022.2/Projects/SW9A-AcousticsFPGA/src/Bartlett/time_domain/p_theta/accumulator.v:123]
WARNING: [VRFC 10-3091] actual bit length 66 differs from formal bit length 34 for port 'sum' [/home/bigpi/AMD/Vivado/2022.2/Projects/SW9A-AcousticsFPGA/src/Bartlett/time_domain/p_theta/accumulator.v:130]
WARNING: [VRFC 10-3091] actual bit length 35 differs from formal bit length 34 for port 'a' [/home/bigpi/AMD/Vivado/2022.2/Projects/SW9A-AcousticsFPGA/src/Bartlett/time_domain/p_theta/accumulator.v:135]
WARNING: [VRFC 10-3091] actual bit length 35 differs from formal bit length 34 for port 'b' [/home/bigpi/AMD/Vivado/2022.2/Projects/SW9A-AcousticsFPGA/src/Bartlett/time_domain/p_theta/accumulator.v:136]
WARNING: [VRFC 10-3091] actual bit length 67 differs from formal bit length 35 for port 'sum' [/home/bigpi/AMD/Vivado/2022.2/Projects/SW9A-AcousticsFPGA/src/Bartlett/time_domain/p_theta/accumulator.v:137]
WARNING: [VRFC 10-3091] actual bit length 36 differs from formal bit length 35 for port 'a' [/home/bigpi/AMD/Vivado/2022.2/Projects/SW9A-AcousticsFPGA/src/Bartlett/time_domain/p_theta/accumulator.v:142]
WARNING: [VRFC 10-3091] actual bit length 36 differs from formal bit length 35 for port 'b' [/home/bigpi/AMD/Vivado/2022.2/Projects/SW9A-AcousticsFPGA/src/Bartlett/time_domain/p_theta/accumulator.v:143]
WARNING: [VRFC 10-3091] actual bit length 68 differs from formal bit length 36 for port 'sum' [/home/bigpi/AMD/Vivado/2022.2/Projects/SW9A-AcousticsFPGA/src/Bartlett/time_domain/p_theta/accumulator.v:144]
WARNING: [VRFC 10-3091] actual bit length 5 differs from formal bit length 1 for port 's_axis_weight_tuser' [/home/bigpi/AMD/Vivado/2022.2/Projects/SW9A-AcousticsFPGA/src/Bartlett/time_domain/bartlett_time_domain.v:113]
WARNING: [VRFC 10-3091] actual bit length 5 differs from formal bit length 1 for port 's_axis_weight_tuser' [/home/bigpi/AMD/Vivado/2022.2/Projects/SW9A-AcousticsFPGA/src/Bartlett/time_domain/bartlett_time_domain.v:141]
WARNING: [VRFC 10-5021] port 'sleep' is not connected on this instance [/home/bigpi/AMD/Vivado/2022.2/Projects/SW9A-AcousticsFPGA/src/UART/UART_TX.v:48]
WARNING: [VRFC 10-5021] port 'dinb' is not connected on this instance [/home/bigpi/AMD/Vivado/2022.2/Projects/SW9A-AcousticsFPGA/src/RING_BUFFER.v:138]
WARNING: [VRFC 10-5021] port 's_axis_data_tready' is not connected on this instance [/home/bigpi/AMD/Vivado/2022.2/Projects/SW9A-AcousticsFPGA/src/Bartlett/fft_max.v:90]
WARNING: [VRFC 10-5021] port 's_axis_theta_tuser' is not connected on this instance [/home/bigpi/AMD/Vivado/2022.2/Projects/SW9A-AcousticsFPGA/src/Bartlett/time_domain/bartlett_time_domain.v:103]
WARNING: [VRFC 10-5021] port 's_axis_theta_tuser' is not connected on this instance [/home/bigpi/AMD/Vivado/2022.2/Projects/SW9A-AcousticsFPGA/src/Bartlett/time_domain/bartlett_time_domain.v:131]
WARNING: [VRFC 10-8864] concatenation with an unsized literal will be treated as 32 bits [/home/bigpi/AMD/Vivado/2022.2/Projects/SW9A-AcousticsFPGA/src/Bartlett/time_domain/p_theta/accumulator.v:111]
WARNING: [VRFC 10-8864] concatenation with an unsized literal will be treated as 32 bits [/home/bigpi/AMD/Vivado/2022.2/Projects/SW9A-AcousticsFPGA/src/Bartlett/time_domain/p_theta/accumulator.v:112]
Completed static elaboration
Starting simulation data flow analysis
Completed simulation data flow analysis
Time Resolution for simulation is 1ps
Compiling package std.standard
Compiling package std.textio
Compiling package ieee.std_logic_1164
Compiling package ieee.numeric_std
Compiling package xbip_utils_v3_0_10.xbip_utils_v3_0_10_pkg
Compiling package xfft_v9_1_8.xfft_v9_1_8_viv_comp
Compiling package ieee.std_logic_arith
Compiling package ieee.std_logic_unsigned
Compiling package ieee.math_real
Compiling package axi_utils_v2_0_6.axi_utils_v2_0_6_pkg
Compiling package mult_gen_v12_0_18.mult_gen_v12_0_18_pkg
Compiling package ieee.std_logic_signed
Compiling package cmpy_v6_0_21.cmpy_v6_0_21_pkg
Compiling package floating_point_v7_0_20.floating_point_v7_0_20_consts
Compiling package floating_point_v7_0_20.floating_point_v7_0_20_exp_table...
Compiling package floating_point_v7_0_20.floating_point_v7_0_20_pkg
Compiling package xfft_v9_1_8.pkg
Compiling package xfft_v9_1_8.xfft_v9_1_8_axi_pkg
Compiling package axi_utils_v2_0_6.global_util_pkg
Compiling package axi_utils_v2_0_6.axi_utils_comps
Compiling package unisim.vcomponents
Compiling package c_shift_ram_v12_0_14.c_shift_ram_v12_0_14_pkg
Compiling package c_mux_bit_v12_0_6.c_mux_bit_v12_0_6_viv_comp
Compiling package c_reg_fd_v12_0_6.c_reg_fd_v12_0_6_viv_comp
Compiling package ieee.vital_timing
Compiling package ieee.vital_primitives
Compiling package unisim.vpkg
Compiling package xfft_v9_1_8.half_sincos_tw_table
Compiling package xbip_pipe_v3_0_6.xbip_pipe_v3_0_6_viv_comp
Compiling package xbip_addsub_v3_0_6.xbip_addsub_v3_0_6_viv_comp
Compiling package c_addsub_v12_0_14.c_addsub_v12_0_14_pkg
Compiling package c_addsub_v12_0_14.c_addsub_v12_0_14_pkg_legacy
Compiling package xpm.vcomponents
Compiling package ieee.std_logic_textio
Compiling package mult_gen_v12_0_18.dsp_pkg
Compiling package cmpy_v6_0_21.cmpy_v6_0_21_viv_comp
Compiling module unisims_ver.IBUF
Compiling module unisims_ver.MMCME2_ADV(CLKFBOUT_MULT_F=36.0,...
Compiling module unisims_ver.BUFG
Compiling module xil_defaultlib.clk_wiz_0_clk_wiz
Compiling module xil_defaultlib.clk_wiz_0
Compiling module xil_defaultlib.clk_div
Compiling module xpm.xpm_cdc_sync_rst(DEST_SYNC_FF=2,...
Compiling module xpm.xpm_fifo_rst(COMMON_CLOCK=0)
Compiling module xpm.xpm_fifo_reg_bit
Compiling module xpm.xpm_counter_updn(COUNTER_WIDTH=9...
Compiling module xpm.xpm_counter_updn(COUNTER_WIDTH=8...
Compiling module xpm.xpm_memory_base(MEMORY_TYPE=1,CL...
Compiling module xpm.xpm_cdc_gray(DEST_SYNC_FF=2,INIT...
Compiling module xpm.xpm_fifo_reg_vec(REG_WIDTH=8)
Compiling module xpm.xpm_cdc_gray(DEST_SYNC_FF=2,INIT...
Compiling module xpm.xpm_fifo_reg_vec(REG_WIDTH=9)
Compiling module xpm.xpm_fifo_base(COMMON_CLOCK=0,FIF...
Compiling module xpm.xpm_fifo_async(FIFO_WRITE_DEPTH=...
Compiling module xil_defaultlib.UART_TX_DATAPATH
Compiling module xil_defaultlib.UART_TX_CONTROLLER
Compiling module xil_defaultlib.UART_TX
Compiling module xil_defaultlib.RX_SHIFT_REGISTER
Compiling module xil_defaultlib.GENERAL_COUNTER(COUNT_BIT_WIDTH=...
Compiling module xil_defaultlib.GENERAL_COUNTER(COUNT_BIT_WIDTH=...
Compiling module xil_defaultlib.UART_RX_DATAPATH_default
Compiling module xil_defaultlib.UART_RX_CONTROLLER
Compiling module xil_defaultlib.UART_RX
Compiling module xil_defaultlib.UART
Compiling module xil_defaultlib.UART_RX_DECODER
Compiling module xil_defaultlib.UART_TX_ENCODER
Compiling module xil_defaultlib.UART_TRANSACTION_HANDLER
Compiling module xil_defaultlib.command_reader
Compiling module xil_defaultlib.SIPO
Compiling module xil_defaultlib.BIT_COUNTER(WORD_SIZE=13)
Compiling module xil_defaultlib.SPI_DATAPATH
Compiling module xil_defaultlib.SPI_CONTROLLER
Compiling module xpm.xpm_cdc_single(SRC_INPUT_REG=0)
Compiling module xpm.xpm_cdc_handshake(DEST_EXT_HSK=0...
Compiling module xil_defaultlib.CDC_DRIVER_CONTROLLER
Compiling module xil_defaultlib.CDC_DRIVER
Compiling module xil_defaultlib.SPI
Compiling module xil_defaultlib.SPI_WRAPPER_default
Compiling module blk_mem_gen_v8_4_5.blk_mem_gen_v8_4_5_output_stage(...
Compiling module blk_mem_gen_v8_4_5.blk_mem_gen_v8_4_5_softecc_outpu...
Compiling module blk_mem_gen_v8_4_5.blk_mem_gen_v8_4_5_mem_module(C_...
Compiling module blk_mem_gen_v8_4_5.blk_mem_gen_v8_4_5(C_FAMILY="art...
Compiling module xil_defaultlib.RING_BUFFER_RAM
Compiling module xil_defaultlib.RING_BUFFER_DATAPATH
Compiling module xil_defaultlib.HEAD_CONTROLLER
Compiling module xil_defaultlib.WRITE_CONTROLLER
Compiling module xil_defaultlib.READ_CONTROLLER
Compiling module xil_defaultlib.RING_BUFFER_CONTROLLER
Compiling module xil_defaultlib.RING_BUFFER
Compiling module xil_defaultlib.SPI_TRANSACTION_HANDLER
Compiling module xil_defaultlib.SPI_HANDLER_WRAPPER_default
Compiling architecture xilinx of entity axi_utils_v2_0_6.glb_srl_fifo [\glb_srl_fifo(width=20,has_uvpro...]
Compiling architecture xilinx of entity axi_utils_v2_0_6.glb_ifx_master [\glb_ifx_master(width=20,afull_t...]
Compiling architecture synth of entity xfft_v9_1_8.axi_wrapper_output_fifo [\axi_wrapper_output_fifo(c_fifo_...]
Compiling architecture xilinx of entity axi_utils_v2_0_6.glb_srl_fifo [\glb_srl_fifo(width=4,has_uvprot...]
Compiling architecture xilinx of entity axi_utils_v2_0_6.glb_ifx_slave [\glb_ifx_slave(width=4,has_uvpro...]
Compiling architecture synth of entity xfft_v9_1_8.axi_wrapper_input_fifo [\axi_wrapper_input_fifo(c_fifo_w...]
Compiling architecture xilinx of entity axi_utils_v2_0_6.glb_srl_fifo [\glb_srl_fifo(width=129,has_uvpr...]
Compiling architecture xilinx of entity axi_utils_v2_0_6.glb_ifx_slave [\glb_ifx_slave(width=129,has_uvp...]
Compiling architecture synth of entity xfft_v9_1_8.axi_wrapper_input_fifo [\axi_wrapper_input_fifo(c_fifo_w...]
Compiling architecture xilinx of entity axi_utils_v2_0_6.glb_srl_fifo [\glb_srl_fifo(width=149,has_uvpr...]
Compiling architecture xilinx of entity axi_utils_v2_0_6.glb_ifx_master [\glb_ifx_master(width=149,afull_...]
Compiling architecture synth of entity xfft_v9_1_8.axi_wrapper_output_fifo [\axi_wrapper_output_fifo(c_fifo_...]
Compiling architecture synth of entity xfft_v9_1_8.axi_wrapper [\axi_wrapper(c_channels=4,c_has_...]
Compiling architecture rb18_internal_vhdl_v of entity unisim.RB18_INTERNAL_VHDL [\RB18_INTERNAL_VHDL(bram_size=18...]
Compiling architecture ramb18e1_v of entity unisim.RAMB18E1 [\RAMB18E1(doa_reg=1,dob_reg=1,ra...]
Compiling architecture xilinx of entity xfft_v9_1_8.dpm [\dpm(c_xdevicefamily="artix7",wi...]
Compiling architecture xilinx of entity xfft_v9_1_8.range_r2 [range_r2_default]
Compiling architecture xilinx of entity xfft_v9_1_8.max2_2 [max2_2_default]
Compiling architecture xilinx of entity xfft_v9_1_8.r2_ranger [r2_ranger_default]
Compiling architecture xilinx of entity xfft_v9_1_8.scale_logic [scale_logic_default]
Compiling architecture xilinx of entity xfft_v9_1_8.shift_ram [\shift_ram(c_xdevicefamily="arti...]
Compiling architecture xilinx of entity xfft_v9_1_8.mux_bus4 [\mux_bus4(c_xdevicefamily="artix...]
Compiling architecture xilinx of entity xfft_v9_1_8.mux_bus2 [\mux_bus2(c_xdevicefamily="artix...]
Compiling architecture xilinx of entity xfft_v9_1_8.mux_bus4 [\mux_bus4(c_xdevicefamily="artix...]
Compiling architecture xilinx of entity xfft_v9_1_8.arith_shift3 [\arith_shift3(c_xdevicefamily="a...]
Compiling architecture xilinx of entity xfft_v9_1_8.shift_ram [\shift_ram(c_xdevicefamily="arti...]
Compiling architecture xilinx of entity cmpy_v6_0_21.delay_line [\delay_line(c_xdevicefamily="art...]
Compiling architecture xilinx of entity cmpy_v6_0_21.delay_line [\delay_line(c_xdevicefamily="art...]
Compiling architecture xilinx of entity mult_gen_v12_0_18.delay_line [\delay_line(c_xdevicefamily="art...]
Compiling architecture xilinx of entity mult_gen_v12_0_18.delay_line [\delay_line(c_xdevicefamily="art...]
Compiling architecture dsp48e1_v of entity unisim.DSP48E1 [\DSP48E1(acascreg=2,alumodereg=0...]
Compiling architecture xilinx of entity mult_gen_v12_0_18.delay_line [\delay_line(c_xdevicefamily="art...]
Compiling architecture xilinx of entity mult_gen_v12_0_18.op_resize [\op_resize(ai_width=17,bi_width=...]
Compiling architecture xilinx of entity mult_gen_v12_0_18.dsp [\dsp(c_xdevicefamily="artix7",c_...]
Compiling architecture xilinx of entity cmpy_v6_0_21.cmpy_3_dsp48_mult [\cmpy_3_dsp48_mult(c_xdevicefami...]
Compiling architecture xilinx of entity mult_gen_v12_0_18.delay_line [\delay_line(c_xdevicefamily="art...]
Compiling architecture xilinx of entity mult_gen_v12_0_18.delay_line [\delay_line(c_xdevicefamily="art...]
Compiling architecture dsp48e1_v of entity unisim.DSP48E1 [\DSP48E1(alumodereg=0,bcascreg=2...]
Compiling architecture xilinx of entity mult_gen_v12_0_18.op_resize [\op_resize(ai_width=18,ao_width=...]
Compiling architecture xilinx of entity mult_gen_v12_0_18.dsp [\dsp(c_xdevicefamily="artix7",c_...]
Compiling architecture xilinx of entity cmpy_v6_0_21.cmpy_3_dsp48_mult [\cmpy_3_dsp48_mult(c_xdevicefami...]
Compiling architecture xilinx of entity mult_gen_v12_0_18.dsp [\dsp(c_xdevicefamily="artix7",c_...]
Compiling architecture xilinx of entity cmpy_v6_0_21.cmpy_3_dsp48_mult [\cmpy_3_dsp48_mult(c_xdevicefami...]
Compiling architecture xilinx of entity cmpy_v6_0_21.input_negation [\input_negation(c_xdevicefamily=...]
Compiling architecture xilinx of entity cmpy_v6_0_21.delay_line [\delay_line(c_xdevicefamily="art...]
Compiling architecture xilinx of entity cmpy_v6_0_21.delay_line [\delay_line(c_xdevicefamily="art...]
Compiling architecture xilinx of entity cmpy_v6_0_21.cmpy_3_dsp48 [\cmpy_3_dsp48(c_xdevicefamily="a...]
Compiling architecture xilinx of entity cmpy_v6_0_21.cmpy_v6_0_21_synth [\cmpy_v6_0_21_synth(c_xdevicefam...]
Compiling architecture xilinx of entity xfft_v9_1_8.cmpy [\cmpy(c_xdevicefamily="artix7",b...]
Compiling architecture structural of entity c_reg_fd_v12_0_6.c_reg_fd_v12_0_6_viv [\c_reg_fd_v12_0_6_viv(c_width=21...]
Compiling architecture rtl of entity c_addsub_v12_0_14.c_addsub_v12_0_14_lut6_legacy [\c_addsub_v12_0_14_lut6_legacy(c...]
Compiling architecture synth of entity c_addsub_v12_0_14.c_addsub_v12_0_14_fabric_legacy [\c_addsub_v12_0_14_fabric_legacy...]
Compiling architecture synth of entity c_addsub_v12_0_14.c_addsub_v12_0_14_legacy [\c_addsub_v12_0_14_legacy(c_fami...]
Compiling architecture synth of entity c_addsub_v12_0_14.c_addsub_v12_0_14_viv [\c_addsub_v12_0_14_viv(c_xdevice...]
Compiling architecture xilinx of entity xfft_v9_1_8.adder [\adder(c_xdevicefamily="artix7",...]
Compiling architecture rtl of entity c_addsub_v12_0_14.c_addsub_v12_0_14_lut6_legacy [\c_addsub_v12_0_14_lut6_legacy(c...]
Compiling architecture synth of entity c_addsub_v12_0_14.c_addsub_v12_0_14_fabric_legacy [\c_addsub_v12_0_14_fabric_legacy...]
Compiling architecture synth of entity c_addsub_v12_0_14.c_addsub_v12_0_14_legacy [\c_addsub_v12_0_14_legacy(c_fami...]
Compiling architecture synth of entity c_addsub_v12_0_14.c_addsub_v12_0_14_viv [\c_addsub_v12_0_14_viv(c_xdevice...]
Compiling architecture xilinx of entity xfft_v9_1_8.subtracter [\subtracter(c_xdevicefamily="art...]
Compiling architecture xilinx of entity xfft_v9_1_8.butterfly [\butterfly(c_xdevicefamily="arti...]
Compiling architecture xilinx of entity xfft_v9_1_8.r2_pe [\r2_pe(c_xdevicefamily="artix7",...]
Compiling architecture xilinx of entity xfft_v9_1_8.r2_datapath [\r2_datapath(c_xdevicefamily="ar...]
Compiling architecture xilinx of entity xfft_v9_1_8.r2_pe [\r2_pe(c_xdevicefamily="artix7",...]
Compiling architecture xilinx of entity xfft_v9_1_8.r2_datapath [\r2_datapath(c_xdevicefamily="ar...]
Compiling architecture xilinx of entity xfft_v9_1_8.r2_pe [\r2_pe(c_xdevicefamily="artix7",...]
Compiling architecture xilinx of entity xfft_v9_1_8.r2_datapath [\r2_datapath(c_xdevicefamily="ar...]
Compiling architecture xilinx of entity xfft_v9_1_8.r2_pe [\r2_pe(c_xdevicefamily="artix7",...]
Compiling architecture xilinx of entity xfft_v9_1_8.r2_datapath [\r2_datapath(c_xdevicefamily="ar...]
Compiling architecture struct of entity c_shift_ram_v12_0_14.c_shift_ram_v12_0_14_legacy [\c_shift_ram_v12_0_14_legacy(c_x...]
Compiling architecture synth of entity c_shift_ram_v12_0_14.c_shift_ram_v12_0_14_viv [\c_shift_ram_v12_0_14_viv(c_xdev...]
Compiling architecture xilinx of entity xfft_v9_1_8.shift_ram [\shift_ram(c_xdevicefamily="arti...]
Compiling architecture struct of entity c_shift_ram_v12_0_14.c_shift_ram_v12_0_14_legacy [\c_shift_ram_v12_0_14_legacy(c_x...]
Compiling architecture synth of entity c_shift_ram_v12_0_14.c_shift_ram_v12_0_14_viv [\c_shift_ram_v12_0_14_viv(c_xdev...]
Compiling architecture xilinx of entity xfft_v9_1_8.shift_ram [\shift_ram(c_xdevicefamily="arti...]
Compiling architecture struct of entity c_shift_ram_v12_0_14.c_shift_ram_v12_0_14_legacy [\c_shift_ram_v12_0_14_legacy(c_x...]
Compiling architecture synth of entity c_shift_ram_v12_0_14.c_shift_ram_v12_0_14_viv [\c_shift_ram_v12_0_14_viv(c_xdev...]
Compiling architecture xilinx of entity xfft_v9_1_8.shift_ram [\shift_ram(c_xdevicefamily="arti...]
Compiling architecture struct of entity c_shift_ram_v12_0_14.c_shift_ram_v12_0_14_legacy [\c_shift_ram_v12_0_14_legacy(c_x...]
Compiling architecture synth of entity c_shift_ram_v12_0_14.c_shift_ram_v12_0_14_viv [\c_shift_ram_v12_0_14_viv(c_xdev...]
Compiling architecture xilinx of entity xfft_v9_1_8.shift_ram [\shift_ram(c_xdevicefamily="arti...]
Compiling architecture struct of entity c_shift_ram_v12_0_14.c_shift_ram_v12_0_14_legacy [\c_shift_ram_v12_0_14_legacy(c_x...]
Compiling architecture synth of entity c_shift_ram_v12_0_14.c_shift_ram_v12_0_14_viv [\c_shift_ram_v12_0_14_viv(c_xdev...]
Compiling architecture xilinx of entity xfft_v9_1_8.shift_ram [\shift_ram(c_xdevicefamily="arti...]
Compiling architecture fdre_v of entity unisim.FDRE [fdre_default]
Compiling architecture lut6_v of entity unisim.LUT6 [\LUT6(init="11111111000000001111...]
Compiling architecture muxf7_v of entity unisim.MUXF7 [muxf7_default]
Compiling architecture muxf8_v of entity unisim.MUXF8 [muxf8_default]
Compiling architecture xilinx of entity xfft_v9_1_8.mux_bus16 [\mux_bus16(c_xdevicefamily="arti...]
Compiling architecture xilinx of entity xfft_v9_1_8.xor_bit_gate [\xor_bit_gate(c_inputs=8)\]
Compiling architecture xilinx of entity xfft_v9_1_8.r2_in_addr [\r2_in_addr(c_xdevicefamily="art...]
Compiling architecture xilinx of entity xfft_v9_1_8.shift_ram [\shift_ram(c_xdevicefamily="arti...]
Compiling architecture xilinx of entity xfft_v9_1_8.mux_bus4 [\mux_bus4(c_xdevicefamily="artix...]
Compiling architecture xilinx of entity xfft_v9_1_8.xor_bit_gate [\xor_bit_gate(c_inputs=7)\]
Compiling architecture xilinx of entity xfft_v9_1_8.r2_rw_addr [\r2_rw_addr(c_xdevicefamily="art...]
Compiling architecture srl16e_v of entity unisim.SRL16E [\SRL16E(0,15)\]
Compiling architecture xilinx of entity xfft_v9_1_8.shift_ram [\shift_ram(c_xdevicefamily="arti...]
Compiling architecture lut3_v of entity unisim.LUT3 [\LUT3(init="11001010")(0,7)\]
Compiling architecture xilinx of entity xfft_v9_1_8.mux_bus2 [\mux_bus2(c_xdevicefamily="artix...]
Compiling architecture structural of entity c_reg_fd_v12_0_6.c_reg_fd_v12_0_6_viv [\c_reg_fd_v12_0_6_viv(c_sync_pri...]
Compiling architecture struct of entity c_shift_ram_v12_0_14.c_shift_ram_v12_0_14_legacy [\c_shift_ram_v12_0_14_legacy(c_x...]
Compiling architecture synth of entity c_shift_ram_v12_0_14.c_shift_ram_v12_0_14_viv [\c_shift_ram_v12_0_14_viv(c_xdev...]
Compiling architecture xilinx of entity xfft_v9_1_8.shift_ram [\shift_ram(c_xdevicefamily="arti...]
Compiling architecture xilinx of entity xfft_v9_1_8.shift_ram [\shift_ram(c_xdevicefamily="arti...]
Compiling architecture struct of entity c_shift_ram_v12_0_14.c_shift_ram_v12_0_14_legacy [\c_shift_ram_v12_0_14_legacy(c_x...]
Compiling architecture synth of entity c_shift_ram_v12_0_14.c_shift_ram_v12_0_14_viv [\c_shift_ram_v12_0_14_viv(c_xdev...]
Compiling architecture xilinx of entity xfft_v9_1_8.shift_ram [\shift_ram(c_xdevicefamily="arti...]
Compiling architecture vcc_v of entity unisim.VCC [vcc_default]
Compiling architecture xilinx of entity xfft_v9_1_8.twgen_half_sincos [\twgen_half_sincos(c_xdevicefami...]
Compiling architecture xilinx of entity xfft_v9_1_8.twiddle_gen [\twiddle_gen(c_xdevicefamily="ar...]
Compiling architecture xilinx of entity xfft_v9_1_8.mux_bus8 [\mux_bus8(c_xdevicefamily="artix...]
Compiling architecture xilinx of entity xfft_v9_1_8.r2_tw_addr [\r2_tw_addr(c_xdevicefamily="art...]
Compiling architecture xilinx of entity xfft_v9_1_8.shift_ram [\shift_ram(c_xdevicefamily="arti...]
Compiling architecture xilinx of entity xfft_v9_1_8.shift_ram [\shift_ram(c_xdevicefamily="arti...]
Compiling architecture struct of entity c_shift_ram_v12_0_14.c_shift_ram_v12_0_14_legacy [\c_shift_ram_v12_0_14_legacy(c_x...]
Compiling architecture synth of entity c_shift_ram_v12_0_14.c_shift_ram_v12_0_14_viv [\c_shift_ram_v12_0_14_viv(c_xdev...]
Compiling architecture xilinx of entity xfft_v9_1_8.shift_ram [\shift_ram(c_xdevicefamily="arti...]
Compiling architecture xilinx of entity xfft_v9_1_8.shift_ram [\shift_ram(c_xdevicefamily="arti...]
Compiling architecture xilinx of entity xfft_v9_1_8.shift_ram [\shift_ram(c_xdevicefamily="arti...]
Compiling architecture fde_v of entity unisim.FDE [fde_default]
Compiling architecture rtl of entity c_addsub_v12_0_14.c_addsub_v12_0_14_lut6_legacy [\c_addsub_v12_0_14_lut6_legacy(c...]
Compiling architecture synth of entity c_addsub_v12_0_14.c_addsub_v12_0_14_fabric_legacy [\c_addsub_v12_0_14_fabric_legacy...]
Compiling architecture synth of entity c_addsub_v12_0_14.c_addsub_v12_0_14_legacy [\c_addsub_v12_0_14_legacy(c_fami...]
Compiling architecture synth of entity c_addsub_v12_0_14.c_addsub_v12_0_14_viv [\c_addsub_v12_0_14_viv(c_xdevice...]
Compiling architecture xilinx of entity xfft_v9_1_8.equ_rtl [\equ_rtl(c_xdevicefamily="artix7...]
Compiling architecture xilinx of entity xfft_v9_1_8.cnt_tc_rtl [\cnt_tc_rtl(c_xdevicefamily="art...]
Compiling architecture xilinx of entity xfft_v9_1_8.shift_ram [\shift_ram(c_xdevicefamily="arti...]
Compiling architecture xilinx of entity xfft_v9_1_8.reg_rs_rtl [reg_rs_rtl_default]
Compiling architecture muxcy_v of entity unisim.MUXCY [muxcy_default]
Compiling architecture xorcy_v of entity unisim.XORCY [xorcy_default]
Compiling architecture rtl of entity c_addsub_v12_0_14.c_addsub_v12_0_14_lut6_legacy [\c_addsub_v12_0_14_lut6_legacy(c...]
Compiling architecture synth of entity c_addsub_v12_0_14.c_addsub_v12_0_14_fabric_legacy [\c_addsub_v12_0_14_fabric_legacy...]
Compiling architecture synth of entity c_addsub_v12_0_14.c_addsub_v12_0_14_legacy [\c_addsub_v12_0_14_legacy(c_fami...]
Compiling architecture synth of entity c_addsub_v12_0_14.c_addsub_v12_0_14_viv [\c_addsub_v12_0_14_viv(c_xdevice...]
Compiling architecture lut6_v of entity unisim.LUT6 [\LUT6(init="10010000000010010000...]
Compiling architecture xilinx of entity xfft_v9_1_8.equ_rtl [\equ_rtl(c_xdevicefamily="artix7...]
Compiling architecture xilinx of entity xfft_v9_1_8.cnt_tc_rtl [\cnt_tc_rtl(c_xdevicefamily="art...]
Compiling architecture rtl of entity c_addsub_v12_0_14.c_addsub_v12_0_14_lut6_legacy [\c_addsub_v12_0_14_lut6_legacy(c...]
Compiling architecture synth of entity c_addsub_v12_0_14.c_addsub_v12_0_14_fabric_legacy [\c_addsub_v12_0_14_fabric_legacy...]
Compiling architecture synth of entity c_addsub_v12_0_14.c_addsub_v12_0_14_legacy [\c_addsub_v12_0_14_legacy(c_fami...]
Compiling architecture synth of entity c_addsub_v12_0_14.c_addsub_v12_0_14_viv [\c_addsub_v12_0_14_viv(c_xdevice...]
Compiling architecture xilinx of entity xfft_v9_1_8.equ_rtl [\equ_rtl(c_xdevicefamily="artix7...]
Compiling architecture xilinx of entity xfft_v9_1_8.cnt_tc_rtl [\cnt_tc_rtl(c_xdevicefamily="art...]
Compiling architecture rtl of entity c_addsub_v12_0_14.c_addsub_v12_0_14_lut6_legacy [\c_addsub_v12_0_14_lut6_legacy(c...]
Compiling architecture synth of entity c_addsub_v12_0_14.c_addsub_v12_0_14_fabric_legacy [\c_addsub_v12_0_14_fabric_legacy...]
Compiling architecture synth of entity c_addsub_v12_0_14.c_addsub_v12_0_14_legacy [\c_addsub_v12_0_14_legacy(c_fami...]
Compiling architecture synth of entity c_addsub_v12_0_14.c_addsub_v12_0_14_viv [\c_addsub_v12_0_14_viv(c_xdevice...]
Compiling architecture xilinx of entity xfft_v9_1_8.equ_rtl [\equ_rtl(c_xdevicefamily="artix7...]
Compiling architecture xilinx of entity xfft_v9_1_8.cnt_tc_rtl [\cnt_tc_rtl(c_xdevicefamily="art...]
Compiling architecture xilinx of entity xfft_v9_1_8.flow_control_c [\flow_control_c(c_xdevicefamily=...]
Compiling architecture xilinx of entity xfft_v9_1_8.shift_ram [\shift_ram(c_xdevicefamily="arti...]
Compiling architecture struct of entity c_shift_ram_v12_0_14.c_shift_ram_v12_0_14_legacy [\c_shift_ram_v12_0_14_legacy(c_x...]
Compiling architecture synth of entity c_shift_ram_v12_0_14.c_shift_ram_v12_0_14_viv [\c_shift_ram_v12_0_14_viv(c_xdev...]
Compiling architecture xilinx of entity xfft_v9_1_8.shift_ram [\shift_ram(c_xdevicefamily="arti...]
Compiling architecture xilinx of entity xfft_v9_1_8.r2_control [\r2_control(c_xdevicefamily="art...]
Compiling architecture xilinx of entity xfft_v9_1_8.xfft_v9_1_8_c [\xfft_v9_1_8_c(c_channels=4,c_xd...]
Compiling architecture synth of entity xfft_v9_1_8.xfft_v9_1_8_core [\xfft_v9_1_8_core(c_xdevicefamil...]
Compiling architecture synth of entity xfft_v9_1_8.xfft_v9_1_8_viv [\xfft_v9_1_8_viv(c_xdevicefamily...]
Compiling architecture xilinx of entity xfft_v9_1_8.xfft_v9_1_8 [\xfft_v9_1_8(c_xdevicefamily="ar...]
Compiling architecture xfft_0_arch of entity xil_defaultlib.xfft_0 [xfft_0_default]
Compiling module xil_defaultlib.max_fft_bin
Compiling module xil_defaultlib.fft_max
Compiling module xil_defaultlib.theta_driver
Compiling architecture xilinx of entity cmpy_v6_0_21.delay_line [\delay_line(c_xdevicefamily="art...]
Compiling architecture xilinx of entity cmpy_v6_0_21.delay_line [\delay_line(c_xdevicefamily="art...]
Compiling architecture xilinx of entity axi_utils_v2_0_6.axi_slave_2to1 [\axi_slave_2to1(c_a_tdata_width=...]
Compiling architecture xilinx of entity axi_utils_v2_0_6.glb_srl_fifo [\glb_srl_fifo(width=75,depth=4,h...]
Compiling architecture xilinx of entity axi_utils_v2_0_6.glb_ifx_master [\glb_ifx_master(width=75,depth=4...]
Compiling architecture xilinx of entity cmpy_v6_0_21.delay_line [\delay_line(c_xdevicefamily="art...]
Compiling architecture xilinx of entity cmpy_v6_0_21.input_negation [\input_negation(c_xdevicefamily=...]
Compiling architecture xilinx of entity cmpy_v6_0_21.delay_line [\delay_line(c_xdevicefamily="art...]
Compiling architecture lut2_v of entity unisim.LUT2 [\LUT2(init="1000")(0,3)\]
Compiling architecture mult_and_v of entity unisim.MULT_AND [mult_and_default]
Compiling architecture xilinx of entity mult_gen_v12_0_18.op_resize [\op_resize(ai_width=17,ao_width=...]
Compiling architecture xilinx of entity mult_gen_v12_0_18.luts [\luts(c_xdevicefamily="artix7",c...]
Compiling architecture xilinx of entity mult_gen_v12_0_18.mult_gen_v12_0_18_viv [\mult_gen_v12_0_18_viv(c_verbosi...]
Compiling architecture xilinx of entity mult_gen_v12_0_18.op_resize [\op_resize(bi_width=17,swap_oper...]
Compiling architecture xilinx of entity mult_gen_v12_0_18.luts [\luts(c_xdevicefamily="artix7",c...]
Compiling architecture xilinx of entity mult_gen_v12_0_18.mult_gen_v12_0_18_viv [\mult_gen_v12_0_18_viv(c_verbosi...]
Compiling architecture xilinx of entity cmpy_v6_0_21.delay_line [\delay_line(c_xdevicefamily="art...]
Compiling architecture xilinx of entity cmpy_v6_0_21.cmpy_3_mult18_lut [\cmpy_3_mult18_lut(c_xdevicefami...]
Compiling architecture xilinx of entity cmpy_v6_0_21.cmpy_v6_0_21_synth [\cmpy_v6_0_21_synth(c_xdevicefam...]
Compiling architecture xilinx of entity cmpy_v6_0_21.cmpy_v6_0_21_viv [\cmpy_v6_0_21_viv(c_xdevicefamil...]
Compiling architecture xilinx of entity cmpy_v6_0_21.cmpy_v6_0_21 [\cmpy_v6_0_21(c_xdevicefamily="a...]
Compiling architecture cmpy_1_arch of entity xil_defaultlib.cmpy_1 [cmpy_1_default]
Compiling module xil_defaultlib.complex_matrix_multiplier
Compiling module xil_defaultlib.scalar_complex_divider_const_red...
Compiling module xil_defaultlib.scalar_divide_const(NUM_SIZE=64)
Compiling module xil_defaultlib.rxx
Compiling module xil_defaultlib.s_theta_16
Compiling module xil_defaultlib.complex_matrix_hadamard_default
Compiling module xil_defaultlib.shift_register_n(SIZE=1,STAGES=1...
Compiling module xil_defaultlib.shift_register(SIZE=1,STAGES=1)
Compiling module xil_defaultlib.shift_register(SIZE=5,STAGES=1)
Compiling module xil_defaultlib.adder
Compiling module xil_defaultlib.adder(NUM_SIZE=33)
Compiling module xil_defaultlib.adder(NUM_SIZE=34)
Compiling module xil_defaultlib.adder(NUM_SIZE=35)
Compiling module xil_defaultlib.matrix_accumulator_no_latency_re...
Compiling module xil_defaultlib.p_theta
Compiling module xil_defaultlib.output_store
Compiling module xil_defaultlib.max
Compiling module xil_defaultlib.bartlett_time_domain(NUM_SIZE=32...
Compiling module xil_defaultlib.bartlett_datapath
Compiling module xil_defaultlib.top
Compiling module xil_defaultlib.SW9_tb
Compiling module xil_defaultlib.glbl
Built simulation snapshot SW9_tb_behav
