INFO: [VRFC 10-2263] Analyzing Verilog file "/home/bigpi/AMD/Vivado/2022.2/Projects/BARTLETT/BARTLETT.gen/sources_1/ip/xfft_256pt_32bit/xfft_256pt_32bit_sim_netlist.v" into library xil_defaultlib
INFO: [VRFC 10-311] analyzing module xfft_256pt_32bit
INFO: [VRFC 10-311] analyzing module xfft_256pt_32bit_adder
INFO: [VRFC 10-311] analyzing module xfft_256pt_32bit_adder_157
INFO: [VRFC 10-311] analyzing module xfft_256pt_32bit_adder_158
INFO: [VRFC 10-311] analyzing module xfft_256pt_32bit_adder_22
INFO: [VRFC 10-311] analyzing module xfft_256pt_32bit_adder_229
INFO: [VRFC 10-311] analyzing module xfft_256pt_32bit_adder_230
INFO: [VRFC 10-311] analyzing module xfft_256pt_32bit_adder_85
INFO: [VRFC 10-311] analyzing module xfft_256pt_32bit_adder_86
INFO: [VRFC 10-311] analyzing module xfft_256pt_32bit_arith_shift3
INFO: [VRFC 10-311] analyzing module xfft_256pt_32bit_arith_shift3_10
INFO: [VRFC 10-311] analyzing module xfft_256pt_32bit_arith_shift3_11
INFO: [VRFC 10-311] analyzing module xfft_256pt_32bit_arith_shift3_122
INFO: [VRFC 10-311] analyzing module xfft_256pt_32bit_arith_shift3_123
INFO: [VRFC 10-311] analyzing module xfft_256pt_32bit_arith_shift3_124
INFO: [VRFC 10-311] analyzing module xfft_256pt_32bit_arith_shift3_125
INFO: [VRFC 10-311] analyzing module xfft_256pt_32bit_arith_shift3_194
INFO: [VRFC 10-311] analyzing module xfft_256pt_32bit_arith_shift3_195
INFO: [VRFC 10-311] analyzing module xfft_256pt_32bit_arith_shift3_196
INFO: [VRFC 10-311] analyzing module xfft_256pt_32bit_arith_shift3_197
INFO: [VRFC 10-311] analyzing module xfft_256pt_32bit_arith_shift3_50
INFO: [VRFC 10-311] analyzing module xfft_256pt_32bit_arith_shift3_51
INFO: [VRFC 10-311] analyzing module xfft_256pt_32bit_arith_shift3_52
INFO: [VRFC 10-311] analyzing module xfft_256pt_32bit_arith_shift3_53
INFO: [VRFC 10-311] analyzing module xfft_256pt_32bit_arith_shift3_9
INFO: [VRFC 10-311] analyzing module xfft_256pt_32bit_axi_wrapper
INFO: [VRFC 10-311] analyzing module xfft_256pt_32bit_axi_wrapper_input_fifo
INFO: [VRFC 10-311] analyzing module xfft_256pt_32bit_axi_wrapper_input_fifo__parameterized0
INFO: [VRFC 10-311] analyzing module xfft_256pt_32bit_axi_wrapper_output_fifo
INFO: [VRFC 10-311] analyzing module xfft_256pt_32bit_axi_wrapper_output_fifo__parameterized0
INFO: [VRFC 10-311] analyzing module xfft_256pt_32bit_butterfly
INFO: [VRFC 10-311] analyzing module xfft_256pt_32bit_butterfly_117
INFO: [VRFC 10-311] analyzing module xfft_256pt_32bit_butterfly_189
INFO: [VRFC 10-311] analyzing module xfft_256pt_32bit_butterfly_45
INFO: [VRFC 10-311] analyzing module xfft_256pt_32bit_c_addsub_v12_0_14_fabric_legacy
INFO: [VRFC 10-311] analyzing module xfft_256pt_32bit_c_addsub_v12_0_14_fabric_legacy__parameterized1
INFO: [VRFC 10-311] analyzing module xfft_256pt_32bit_c_addsub_v12_0_14_fabric_legacy__parameterized3
INFO: [VRFC 10-311] analyzing module xfft_256pt_32bit_c_addsub_v12_0_14_fabric_legacy__parameterized5
INFO: [VRFC 10-311] analyzing module xfft_256pt_32bit_c_addsub_v12_0_14_fabric_legacy__parameterized5_279
INFO: [VRFC 10-311] analyzing module xfft_256pt_32bit_c_addsub_v12_0_14_fabric_legacy__parameterized7
INFO: [VRFC 10-311] analyzing module xfft_256pt_32bit_c_addsub_v12_0_14_fabric_legacy__parameterized7_102
INFO: [VRFC 10-311] analyzing module xfft_256pt_32bit_c_addsub_v12_0_14_fabric_legacy__parameterized7_170
INFO: [VRFC 10-311] analyzing module xfft_256pt_32bit_c_addsub_v12_0_14_fabric_legacy__parameterized7_174
INFO: [VRFC 10-311] analyzing module xfft_256pt_32bit_c_addsub_v12_0_14_fabric_legacy__parameterized7_242
INFO: [VRFC 10-311] analyzing module xfft_256pt_32bit_c_addsub_v12_0_14_fabric_legacy__parameterized7_246
INFO: [VRFC 10-311] analyzing module xfft_256pt_32bit_c_addsub_v12_0_14_fabric_legacy__parameterized7_30
INFO: [VRFC 10-311] analyzing module xfft_256pt_32bit_c_addsub_v12_0_14_fabric_legacy__parameterized7_98
INFO: [VRFC 10-311] analyzing module xfft_256pt_32bit_c_addsub_v12_0_14_fabric_legacy__parameterized9
INFO: [VRFC 10-311] analyzing module xfft_256pt_32bit_c_addsub_v12_0_14_fabric_legacy__parameterized9_162
INFO: [VRFC 10-311] analyzing module xfft_256pt_32bit_c_addsub_v12_0_14_fabric_legacy__parameterized9_166
INFO: [VRFC 10-311] analyzing module xfft_256pt_32bit_c_addsub_v12_0_14_fabric_legacy__parameterized9_234
INFO: [VRFC 10-311] analyzing module xfft_256pt_32bit_c_addsub_v12_0_14_fabric_legacy__parameterized9_238
INFO: [VRFC 10-311] analyzing module xfft_256pt_32bit_c_addsub_v12_0_14_fabric_legacy__parameterized9_25
INFO: [VRFC 10-311] analyzing module xfft_256pt_32bit_c_addsub_v12_0_14_fabric_legacy__parameterized9_90
INFO: [VRFC 10-311] analyzing module xfft_256pt_32bit_c_addsub_v12_0_14_fabric_legacy__parameterized9_94
INFO: [VRFC 10-311] analyzing module xfft_256pt_32bit_c_addsub_v12_0_14_legacy
INFO: [VRFC 10-311] analyzing module xfft_256pt_32bit_c_addsub_v12_0_14_legacy__parameterized1
INFO: [VRFC 10-311] analyzing module xfft_256pt_32bit_c_addsub_v12_0_14_legacy__parameterized3
INFO: [VRFC 10-311] analyzing module xfft_256pt_32bit_c_addsub_v12_0_14_legacy__parameterized5
INFO: [VRFC 10-311] analyzing module xfft_256pt_32bit_c_addsub_v12_0_14_legacy__parameterized5_278
INFO: [VRFC 10-311] analyzing module xfft_256pt_32bit_c_addsub_v12_0_14_legacy__parameterized7
INFO: [VRFC 10-311] analyzing module xfft_256pt_32bit_c_addsub_v12_0_14_legacy__parameterized7_101
INFO: [VRFC 10-311] analyzing module xfft_256pt_32bit_c_addsub_v12_0_14_legacy__parameterized7_169
INFO: [VRFC 10-311] analyzing module xfft_256pt_32bit_c_addsub_v12_0_14_legacy__parameterized7_173
INFO: [VRFC 10-311] analyzing module xfft_256pt_32bit_c_addsub_v12_0_14_legacy__parameterized7_241
INFO: [VRFC 10-311] analyzing module xfft_256pt_32bit_c_addsub_v12_0_14_legacy__parameterized7_245
INFO: [VRFC 10-311] analyzing module xfft_256pt_32bit_c_addsub_v12_0_14_legacy__parameterized7_29
INFO: [VRFC 10-311] analyzing module xfft_256pt_32bit_c_addsub_v12_0_14_legacy__parameterized7_97
INFO: [VRFC 10-311] analyzing module xfft_256pt_32bit_c_addsub_v12_0_14_legacy__parameterized9
INFO: [VRFC 10-311] analyzing module xfft_256pt_32bit_c_addsub_v12_0_14_legacy__parameterized9_161
INFO: [VRFC 10-311] analyzing module xfft_256pt_32bit_c_addsub_v12_0_14_legacy__parameterized9_165
INFO: [VRFC 10-311] analyzing module xfft_256pt_32bit_c_addsub_v12_0_14_legacy__parameterized9_233
INFO: [VRFC 10-311] analyzing module xfft_256pt_32bit_c_addsub_v12_0_14_legacy__parameterized9_237
INFO: [VRFC 10-311] analyzing module xfft_256pt_32bit_c_addsub_v12_0_14_legacy__parameterized9_24
INFO: [VRFC 10-311] analyzing module xfft_256pt_32bit_c_addsub_v12_0_14_legacy__parameterized9_89
INFO: [VRFC 10-311] analyzing module xfft_256pt_32bit_c_addsub_v12_0_14_legacy__parameterized9_93
INFO: [VRFC 10-311] analyzing module xfft_256pt_32bit_c_addsub_v12_0_14_lut6_legacy
INFO: [VRFC 10-311] analyzing module xfft_256pt_32bit_c_addsub_v12_0_14_lut6_legacy__parameterized1
INFO: [VRFC 10-311] analyzing module xfft_256pt_32bit_c_addsub_v12_0_14_lut6_legacy__parameterized3
INFO: [VRFC 10-311] analyzing module xfft_256pt_32bit_c_addsub_v12_0_14_lut6_legacy__parameterized5
INFO: [VRFC 10-311] analyzing module xfft_256pt_32bit_c_addsub_v12_0_14_lut6_legacy__parameterized5_280
INFO: [VRFC 10-311] analyzing module xfft_256pt_32bit_c_addsub_v12_0_14_lut6_legacy__parameterized7
INFO: [VRFC 10-311] analyzing module xfft_256pt_32bit_c_addsub_v12_0_14_lut6_legacy__parameterized7_103
INFO: [VRFC 10-311] analyzing module xfft_256pt_32bit_c_addsub_v12_0_14_lut6_legacy__parameterized7_171
INFO: [VRFC 10-311] analyzing module xfft_256pt_32bit_c_addsub_v12_0_14_lut6_legacy__parameterized7_175
INFO: [VRFC 10-311] analyzing module xfft_256pt_32bit_c_addsub_v12_0_14_lut6_legacy__parameterized7_243
INFO: [VRFC 10-311] analyzing module xfft_256pt_32bit_c_addsub_v12_0_14_lut6_legacy__parameterized7_247
INFO: [VRFC 10-311] analyzing module xfft_256pt_32bit_c_addsub_v12_0_14_lut6_legacy__parameterized7_31
INFO: [VRFC 10-311] analyzing module xfft_256pt_32bit_c_addsub_v12_0_14_lut6_legacy__parameterized7_99
INFO: [VRFC 10-311] analyzing module xfft_256pt_32bit_c_addsub_v12_0_14_lut6_legacy__parameterized9
INFO: [VRFC 10-311] analyzing module xfft_256pt_32bit_c_addsub_v12_0_14_lut6_legacy__parameterized9_163
INFO: [VRFC 10-311] analyzing module xfft_256pt_32bit_c_addsub_v12_0_14_lut6_legacy__parameterized9_167
INFO: [VRFC 10-311] analyzing module xfft_256pt_32bit_c_addsub_v12_0_14_lut6_legacy__parameterized9_235
INFO: [VRFC 10-311] analyzing module xfft_256pt_32bit_c_addsub_v12_0_14_lut6_legacy__parameterized9_239
INFO: [VRFC 10-311] analyzing module xfft_256pt_32bit_c_addsub_v12_0_14_lut6_legacy__parameterized9_26
INFO: [VRFC 10-311] analyzing module xfft_256pt_32bit_c_addsub_v12_0_14_lut6_legacy__parameterized9_91
INFO: [VRFC 10-311] analyzing module xfft_256pt_32bit_c_addsub_v12_0_14_lut6_legacy__parameterized9_95
INFO: [VRFC 10-311] analyzing module xfft_256pt_32bit_c_addsub_v12_0_14_viv
INFO: [VRFC 10-311] analyzing module xfft_256pt_32bit_c_addsub_v12_0_14_viv__parameterized0
INFO: [VRFC 10-311] analyzing module xfft_256pt_32bit_c_addsub_v12_0_14_viv__parameterized1
INFO: [VRFC 10-311] analyzing module xfft_256pt_32bit_c_addsub_v12_0_14_viv__parameterized2
INFO: [VRFC 10-311] analyzing module xfft_256pt_32bit_c_addsub_v12_0_14_viv__parameterized2__1
INFO: [VRFC 10-311] analyzing module xfft_256pt_32bit_c_addsub_v12_0_14_viv__parameterized3
INFO: [VRFC 10-311] analyzing module xfft_256pt_32bit_c_addsub_v12_0_14_viv__parameterized3__1
INFO: [VRFC 10-311] analyzing module xfft_256pt_32bit_c_addsub_v12_0_14_viv__parameterized3__2
INFO: [VRFC 10-311] analyzing module xfft_256pt_32bit_c_addsub_v12_0_14_viv__parameterized3__3
INFO: [VRFC 10-311] analyzing module xfft_256pt_32bit_c_addsub_v12_0_14_viv__parameterized3__4
INFO: [VRFC 10-311] analyzing module xfft_256pt_32bit_c_addsub_v12_0_14_viv__parameterized3__5
INFO: [VRFC 10-311] analyzing module xfft_256pt_32bit_c_addsub_v12_0_14_viv__parameterized3__6
INFO: [VRFC 10-311] analyzing module xfft_256pt_32bit_c_addsub_v12_0_14_viv__parameterized3__7
INFO: [VRFC 10-311] analyzing module xfft_256pt_32bit_c_addsub_v12_0_14_viv__parameterized4
INFO: [VRFC 10-311] analyzing module xfft_256pt_32bit_c_addsub_v12_0_14_viv__parameterized4__1
INFO: [VRFC 10-311] analyzing module xfft_256pt_32bit_c_addsub_v12_0_14_viv__parameterized4__2
INFO: [VRFC 10-311] analyzing module xfft_256pt_32bit_c_addsub_v12_0_14_viv__parameterized4__3
INFO: [VRFC 10-311] analyzing module xfft_256pt_32bit_c_addsub_v12_0_14_viv__parameterized4__4
INFO: [VRFC 10-311] analyzing module xfft_256pt_32bit_c_addsub_v12_0_14_viv__parameterized4__5
INFO: [VRFC 10-311] analyzing module xfft_256pt_32bit_c_addsub_v12_0_14_viv__parameterized4__6
INFO: [VRFC 10-311] analyzing module xfft_256pt_32bit_c_addsub_v12_0_14_viv__parameterized4__7
INFO: [VRFC 10-311] analyzing module xfft_256pt_32bit_c_reg_fd_v12_0_6_viv
INFO: [VRFC 10-311] analyzing module xfft_256pt_32bit_c_reg_fd_v12_0_6_viv_271
INFO: [VRFC 10-311] analyzing module xfft_256pt_32bit_c_reg_fd_v12_0_6_viv__parameterized2
INFO: [VRFC 10-311] analyzing module xfft_256pt_32bit_c_reg_fd_v12_0_6_viv__parameterized2_100
INFO: [VRFC 10-311] analyzing module xfft_256pt_32bit_c_reg_fd_v12_0_6_viv__parameterized2_104
INFO: [VRFC 10-311] analyzing module xfft_256pt_32bit_c_reg_fd_v12_0_6_viv__parameterized2_164
INFO: [VRFC 10-311] analyzing module xfft_256pt_32bit_c_reg_fd_v12_0_6_viv__parameterized2_168
INFO: [VRFC 10-311] analyzing module xfft_256pt_32bit_c_reg_fd_v12_0_6_viv__parameterized2_172
INFO: [VRFC 10-311] analyzing module xfft_256pt_32bit_c_reg_fd_v12_0_6_viv__parameterized2_176
INFO: [VRFC 10-311] analyzing module xfft_256pt_32bit_c_reg_fd_v12_0_6_viv__parameterized2_236
INFO: [VRFC 10-311] analyzing module xfft_256pt_32bit_c_reg_fd_v12_0_6_viv__parameterized2_240
INFO: [VRFC 10-311] analyzing module xfft_256pt_32bit_c_reg_fd_v12_0_6_viv__parameterized2_244
INFO: [VRFC 10-311] analyzing module xfft_256pt_32bit_c_reg_fd_v12_0_6_viv__parameterized2_248
INFO: [VRFC 10-311] analyzing module xfft_256pt_32bit_c_reg_fd_v12_0_6_viv__parameterized2_27
INFO: [VRFC 10-311] analyzing module xfft_256pt_32bit_c_reg_fd_v12_0_6_viv__parameterized2_28
INFO: [VRFC 10-311] analyzing module xfft_256pt_32bit_c_reg_fd_v12_0_6_viv__parameterized2_32
INFO: [VRFC 10-311] analyzing module xfft_256pt_32bit_c_reg_fd_v12_0_6_viv__parameterized2_92
INFO: [VRFC 10-311] analyzing module xfft_256pt_32bit_c_reg_fd_v12_0_6_viv__parameterized2_96
INFO: [VRFC 10-311] analyzing module xfft_256pt_32bit_c_shift_ram_v12_0_14_legacy
INFO: [VRFC 10-311] analyzing module xfft_256pt_32bit_c_shift_ram_v12_0_14_legacy__1
INFO: [VRFC 10-311] analyzing module xfft_256pt_32bit_c_shift_ram_v12_0_14_legacy__parameterized0
INFO: [VRFC 10-311] analyzing module xfft_256pt_32bit_c_shift_ram_v12_0_14_legacy__parameterized0__1
INFO: [VRFC 10-311] analyzing module xfft_256pt_32bit_c_shift_ram_v12_0_14_legacy__parameterized1
INFO: [VRFC 10-311] analyzing module xfft_256pt_32bit_c_shift_ram_v12_0_14_legacy__parameterized2
INFO: [VRFC 10-311] analyzing module xfft_256pt_32bit_c_shift_ram_v12_0_14_legacy__parameterized2__1
INFO: [VRFC 10-311] analyzing module xfft_256pt_32bit_c_shift_ram_v12_0_14_legacy__parameterized2__2
INFO: [VRFC 10-311] analyzing module xfft_256pt_32bit_c_shift_ram_v12_0_14_legacy__parameterized3
INFO: [VRFC 10-311] analyzing module xfft_256pt_32bit_c_shift_ram_v12_0_14_legacy__parameterized3__1
INFO: [VRFC 10-311] analyzing module xfft_256pt_32bit_c_shift_ram_v12_0_14_legacy__parameterized4
INFO: [VRFC 10-311] analyzing module xfft_256pt_32bit_c_shift_ram_v12_0_14_legacy__parameterized5
INFO: [VRFC 10-311] analyzing module xfft_256pt_32bit_c_shift_ram_v12_0_14_legacy__parameterized6
INFO: [VRFC 10-311] analyzing module xfft_256pt_32bit_c_shift_ram_v12_0_14_legacy__parameterized7
INFO: [VRFC 10-311] analyzing module xfft_256pt_32bit_c_shift_ram_v12_0_14_legacy__parameterized7__1
INFO: [VRFC 10-311] analyzing module xfft_256pt_32bit_c_shift_ram_v12_0_14_viv
INFO: [VRFC 10-311] analyzing module xfft_256pt_32bit_c_shift_ram_v12_0_14_viv__1
INFO: [VRFC 10-311] analyzing module xfft_256pt_32bit_c_shift_ram_v12_0_14_viv__parameterized0
INFO: [VRFC 10-311] analyzing module xfft_256pt_32bit_c_shift_ram_v12_0_14_viv__parameterized0__1
INFO: [VRFC 10-311] analyzing module xfft_256pt_32bit_c_shift_ram_v12_0_14_viv__parameterized1
INFO: [VRFC 10-311] analyzing module xfft_256pt_32bit_c_shift_ram_v12_0_14_viv__parameterized2
INFO: [VRFC 10-311] analyzing module xfft_256pt_32bit_c_shift_ram_v12_0_14_viv__parameterized2__1
INFO: [VRFC 10-311] analyzing module xfft_256pt_32bit_c_shift_ram_v12_0_14_viv__parameterized2__2
INFO: [VRFC 10-311] analyzing module xfft_256pt_32bit_c_shift_ram_v12_0_14_viv__parameterized3
INFO: [VRFC 10-311] analyzing module xfft_256pt_32bit_c_shift_ram_v12_0_14_viv__parameterized3__1
INFO: [VRFC 10-311] analyzing module xfft_256pt_32bit_c_shift_ram_v12_0_14_viv__parameterized4
INFO: [VRFC 10-311] analyzing module xfft_256pt_32bit_c_shift_ram_v12_0_14_viv__parameterized5
INFO: [VRFC 10-311] analyzing module xfft_256pt_32bit_c_shift_ram_v12_0_14_viv__parameterized6
INFO: [VRFC 10-311] analyzing module xfft_256pt_32bit_c_shift_ram_v12_0_14_viv__parameterized7
INFO: [VRFC 10-311] analyzing module xfft_256pt_32bit_c_shift_ram_v12_0_14_viv__parameterized7__1
INFO: [VRFC 10-311] analyzing module xfft_256pt_32bit_cmpy
INFO: [VRFC 10-311] analyzing module xfft_256pt_32bit_cmpy_118
INFO: [VRFC 10-311] analyzing module xfft_256pt_32bit_cmpy_190
INFO: [VRFC 10-311] analyzing module xfft_256pt_32bit_cmpy_3_dsp48
INFO: [VRFC 10-311] analyzing module xfft_256pt_32bit_cmpy_3_dsp48_131
INFO: [VRFC 10-311] analyzing module xfft_256pt_32bit_cmpy_3_dsp48_203
INFO: [VRFC 10-311] analyzing module xfft_256pt_32bit_cmpy_3_dsp48_59
INFO: [VRFC 10-311] analyzing module xfft_256pt_32bit_cmpy_3_dsp48_mult
INFO: [VRFC 10-311] analyzing module xfft_256pt_32bit_cmpy_3_dsp48_mult_132
INFO: [VRFC 10-311] analyzing module xfft_256pt_32bit_cmpy_3_dsp48_mult_204
INFO: [VRFC 10-311] analyzing module xfft_256pt_32bit_cmpy_3_dsp48_mult_60
INFO: [VRFC 10-311] analyzing module xfft_256pt_32bit_cmpy_3_dsp48_mult__parameterized0
INFO: [VRFC 10-311] analyzing module xfft_256pt_32bit_cmpy_3_dsp48_mult__parameterized0_133
INFO: [VRFC 10-311] analyzing module xfft_256pt_32bit_cmpy_3_dsp48_mult__parameterized0_205
INFO: [VRFC 10-311] analyzing module xfft_256pt_32bit_cmpy_3_dsp48_mult__parameterized0_61
INFO: [VRFC 10-311] analyzing module xfft_256pt_32bit_cmpy_3_dsp48_mult__parameterized1
INFO: [VRFC 10-311] analyzing module xfft_256pt_32bit_cmpy_3_dsp48_mult__parameterized1_134
INFO: [VRFC 10-311] analyzing module xfft_256pt_32bit_cmpy_3_dsp48_mult__parameterized1_206
INFO: [VRFC 10-311] analyzing module xfft_256pt_32bit_cmpy_3_dsp48_mult__parameterized1_62
INFO: [VRFC 10-311] analyzing module xfft_256pt_32bit_cmpy_46
INFO: [VRFC 10-311] analyzing module xfft_256pt_32bit_cmpy_v6_0_21_delay_line__parameterized1
INFO: [VRFC 10-311] analyzing module xfft_256pt_32bit_cmpy_v6_0_21_delay_line__parameterized1_151
INFO: [VRFC 10-311] analyzing module xfft_256pt_32bit_cmpy_v6_0_21_delay_line__parameterized1_223
INFO: [VRFC 10-311] analyzing module xfft_256pt_32bit_cmpy_v6_0_21_delay_line__parameterized1_79
INFO: [VRFC 10-311] analyzing module xfft_256pt_32bit_cmpy_v6_0_21_delay_line__parameterized2
INFO: [VRFC 10-311] analyzing module xfft_256pt_32bit_cmpy_v6_0_21_delay_line__parameterized2_137
INFO: [VRFC 10-311] analyzing module xfft_256pt_32bit_cmpy_v6_0_21_delay_line__parameterized2_150
INFO: [VRFC 10-311] analyzing module xfft_256pt_32bit_cmpy_v6_0_21_delay_line__parameterized2_16
INFO: [VRFC 10-311] analyzing module xfft_256pt_32bit_cmpy_v6_0_21_delay_line__parameterized2_209
INFO: [VRFC 10-311] analyzing module xfft_256pt_32bit_cmpy_v6_0_21_delay_line__parameterized2_222
INFO: [VRFC 10-311] analyzing module xfft_256pt_32bit_cmpy_v6_0_21_delay_line__parameterized2_65
INFO: [VRFC 10-311] analyzing module xfft_256pt_32bit_cmpy_v6_0_21_delay_line__parameterized2_78
INFO: [VRFC 10-311] analyzing module xfft_256pt_32bit_cmpy_v6_0_21_synth
INFO: [VRFC 10-311] analyzing module xfft_256pt_32bit_cmpy_v6_0_21_synth_130
INFO: [VRFC 10-311] analyzing module xfft_256pt_32bit_cmpy_v6_0_21_synth_202
INFO: [VRFC 10-311] analyzing module xfft_256pt_32bit_cmpy_v6_0_21_synth_58
INFO: [VRFC 10-311] analyzing module xfft_256pt_32bit_cnt_tc_rtl
INFO: [VRFC 10-311] analyzing module xfft_256pt_32bit_cnt_tc_rtl__parameterized0
INFO: [VRFC 10-311] analyzing module xfft_256pt_32bit_cnt_tc_rtl__parameterized1
INFO: [VRFC 10-311] analyzing module xfft_256pt_32bit_cnt_tc_rtl__parameterized2
INFO: [VRFC 10-311] analyzing module xfft_256pt_32bit_cnt_tc_rtl__parameterized2_276
INFO: [VRFC 10-311] analyzing module xfft_256pt_32bit_dpm
INFO: [VRFC 10-311] analyzing module xfft_256pt_32bit_dpm__1
INFO: [VRFC 10-311] analyzing module xfft_256pt_32bit_dpm__2
INFO: [VRFC 10-311] analyzing module xfft_256pt_32bit_dpm__3
INFO: [VRFC 10-311] analyzing module xfft_256pt_32bit_dpm__4
INFO: [VRFC 10-311] analyzing module xfft_256pt_32bit_dpm__5
INFO: [VRFC 10-311] analyzing module xfft_256pt_32bit_dpm__6
INFO: [VRFC 10-311] analyzing module xfft_256pt_32bit_dpm__7
INFO: [VRFC 10-311] analyzing module xfft_256pt_32bit_dsp
INFO: [VRFC 10-311] analyzing module xfft_256pt_32bit_dsp_149
INFO: [VRFC 10-311] analyzing module xfft_256pt_32bit_dsp_221
INFO: [VRFC 10-311] analyzing module xfft_256pt_32bit_dsp_77
INFO: [VRFC 10-311] analyzing module xfft_256pt_32bit_dsp__parameterized0
INFO: [VRFC 10-311] analyzing module xfft_256pt_32bit_dsp__parameterized0_143
INFO: [VRFC 10-311] analyzing module xfft_256pt_32bit_dsp__parameterized0_215
INFO: [VRFC 10-311] analyzing module xfft_256pt_32bit_dsp__parameterized0_71
INFO: [VRFC 10-311] analyzing module xfft_256pt_32bit_dsp__parameterized1
INFO: [VRFC 10-311] analyzing module xfft_256pt_32bit_dsp__parameterized1_136
INFO: [VRFC 10-311] analyzing module xfft_256pt_32bit_dsp__parameterized1_208
INFO: [VRFC 10-311] analyzing module xfft_256pt_32bit_dsp__parameterized1_64
INFO: [VRFC 10-311] analyzing module xfft_256pt_32bit_equ_rtl
INFO: [VRFC 10-311] analyzing module xfft_256pt_32bit_equ_rtl__parameterized0
INFO: [VRFC 10-311] analyzing module xfft_256pt_32bit_equ_rtl__parameterized1
INFO: [VRFC 10-311] analyzing module xfft_256pt_32bit_equ_rtl__parameterized2
INFO: [VRFC 10-311] analyzing module xfft_256pt_32bit_equ_rtl__parameterized2_277
INFO: [VRFC 10-311] analyzing module xfft_256pt_32bit_flow_control_c
INFO: [VRFC 10-311] analyzing module xfft_256pt_32bit_glb_ifx_master
INFO: [VRFC 10-311] analyzing module xfft_256pt_32bit_glb_ifx_master__parameterized0
INFO: [VRFC 10-311] analyzing module xfft_256pt_32bit_glb_ifx_slave
INFO: [VRFC 10-311] analyzing module xfft_256pt_32bit_glb_ifx_slave__parameterized0
INFO: [VRFC 10-311] analyzing module xfft_256pt_32bit_glb_srl_fifo
INFO: [VRFC 10-311] analyzing module xfft_256pt_32bit_glb_srl_fifo__parameterized1
INFO: [VRFC 10-311] analyzing module xfft_256pt_32bit_glb_srl_fifo__parameterized3
INFO: [VRFC 10-311] analyzing module xfft_256pt_32bit_glb_srl_fifo__parameterized5
INFO: [VRFC 10-311] analyzing module xfft_256pt_32bit_input_negation
INFO: [VRFC 10-311] analyzing module xfft_256pt_32bit_input_negation_135
INFO: [VRFC 10-311] analyzing module xfft_256pt_32bit_input_negation_207
INFO: [VRFC 10-311] analyzing module xfft_256pt_32bit_input_negation_63
INFO: [VRFC 10-311] analyzing module xfft_256pt_32bit_mult_gen_v12_0_18_delay_line
INFO: [VRFC 10-311] analyzing module xfft_256pt_32bit_mult_gen_v12_0_18_delay_line_138
INFO: [VRFC 10-311] analyzing module xfft_256pt_32bit_mult_gen_v12_0_18_delay_line_152
INFO: [VRFC 10-311] analyzing module xfft_256pt_32bit_mult_gen_v12_0_18_delay_line_17
INFO: [VRFC 10-311] analyzing module xfft_256pt_32bit_mult_gen_v12_0_18_delay_line_210
INFO: [VRFC 10-311] analyzing module xfft_256pt_32bit_mult_gen_v12_0_18_delay_line_224
INFO: [VRFC 10-311] analyzing module xfft_256pt_32bit_mult_gen_v12_0_18_delay_line_66
INFO: [VRFC 10-311] analyzing module xfft_256pt_32bit_mult_gen_v12_0_18_delay_line_80
INFO: [VRFC 10-311] analyzing module xfft_256pt_32bit_mult_gen_v12_0_18_delay_line__parameterized0
INFO: [VRFC 10-311] analyzing module xfft_256pt_32bit_mult_gen_v12_0_18_delay_line__parameterized0_139
INFO: [VRFC 10-311] analyzing module xfft_256pt_32bit_mult_gen_v12_0_18_delay_line__parameterized0_142
INFO: [VRFC 10-311] analyzing module xfft_256pt_32bit_mult_gen_v12_0_18_delay_line__parameterized0_15
INFO: [VRFC 10-311] analyzing module xfft_256pt_32bit_mult_gen_v12_0_18_delay_line__parameterized0_153
INFO: [VRFC 10-311] analyzing module xfft_256pt_32bit_mult_gen_v12_0_18_delay_line__parameterized0_156
INFO: [VRFC 10-311] analyzing module xfft_256pt_32bit_mult_gen_v12_0_18_delay_line__parameterized0_18
INFO: [VRFC 10-311] analyzing module xfft_256pt_32bit_mult_gen_v12_0_18_delay_line__parameterized0_21
INFO: [VRFC 10-311] analyzing module xfft_256pt_32bit_mult_gen_v12_0_18_delay_line__parameterized0_211
INFO: [VRFC 10-311] analyzing module xfft_256pt_32bit_mult_gen_v12_0_18_delay_line__parameterized0_214
INFO: [VRFC 10-311] analyzing module xfft_256pt_32bit_mult_gen_v12_0_18_delay_line__parameterized0_225
INFO: [VRFC 10-311] analyzing module xfft_256pt_32bit_mult_gen_v12_0_18_delay_line__parameterized0_228
INFO: [VRFC 10-311] analyzing module xfft_256pt_32bit_mult_gen_v12_0_18_delay_line__parameterized0_67
INFO: [VRFC 10-311] analyzing module xfft_256pt_32bit_mult_gen_v12_0_18_delay_line__parameterized0_70
INFO: [VRFC 10-311] analyzing module xfft_256pt_32bit_mult_gen_v12_0_18_delay_line__parameterized0_81
INFO: [VRFC 10-311] analyzing module xfft_256pt_32bit_mult_gen_v12_0_18_delay_line__parameterized0_84
INFO: [VRFC 10-311] analyzing module xfft_256pt_32bit_mult_gen_v12_0_18_delay_line__parameterized1
INFO: [VRFC 10-311] analyzing module xfft_256pt_32bit_mult_gen_v12_0_18_delay_line__parameterized10
INFO: [VRFC 10-311] analyzing module xfft_256pt_32bit_mult_gen_v12_0_18_delay_line__parameterized10_148
INFO: [VRFC 10-311] analyzing module xfft_256pt_32bit_mult_gen_v12_0_18_delay_line__parameterized10_220
INFO: [VRFC 10-311] analyzing module xfft_256pt_32bit_mult_gen_v12_0_18_delay_line__parameterized10_76
INFO: [VRFC 10-311] analyzing module xfft_256pt_32bit_mult_gen_v12_0_18_delay_line__parameterized1_140
INFO: [VRFC 10-311] analyzing module xfft_256pt_32bit_mult_gen_v12_0_18_delay_line__parameterized1_154
INFO: [VRFC 10-311] analyzing module xfft_256pt_32bit_mult_gen_v12_0_18_delay_line__parameterized1_19
INFO: [VRFC 10-311] analyzing module xfft_256pt_32bit_mult_gen_v12_0_18_delay_line__parameterized1_212
INFO: [VRFC 10-311] analyzing module xfft_256pt_32bit_mult_gen_v12_0_18_delay_line__parameterized1_226
INFO: [VRFC 10-311] analyzing module xfft_256pt_32bit_mult_gen_v12_0_18_delay_line__parameterized1_68
INFO: [VRFC 10-311] analyzing module xfft_256pt_32bit_mult_gen_v12_0_18_delay_line__parameterized1_82
INFO: [VRFC 10-311] analyzing module xfft_256pt_32bit_mult_gen_v12_0_18_delay_line__parameterized2
INFO: [VRFC 10-311] analyzing module xfft_256pt_32bit_mult_gen_v12_0_18_delay_line__parameterized2_141
INFO: [VRFC 10-311] analyzing module xfft_256pt_32bit_mult_gen_v12_0_18_delay_line__parameterized2_155
INFO: [VRFC 10-311] analyzing module xfft_256pt_32bit_mult_gen_v12_0_18_delay_line__parameterized2_20
INFO: [VRFC 10-311] analyzing module xfft_256pt_32bit_mult_gen_v12_0_18_delay_line__parameterized2_213
INFO: [VRFC 10-311] analyzing module xfft_256pt_32bit_mult_gen_v12_0_18_delay_line__parameterized2_227
INFO: [VRFC 10-311] analyzing module xfft_256pt_32bit_mult_gen_v12_0_18_delay_line__parameterized2_69
INFO: [VRFC 10-311] analyzing module xfft_256pt_32bit_mult_gen_v12_0_18_delay_line__parameterized2_83
INFO: [VRFC 10-311] analyzing module xfft_256pt_32bit_mult_gen_v12_0_18_delay_line__parameterized4
INFO: [VRFC 10-311] analyzing module xfft_256pt_32bit_mult_gen_v12_0_18_delay_line__parameterized4_144
INFO: [VRFC 10-311] analyzing module xfft_256pt_32bit_mult_gen_v12_0_18_delay_line__parameterized4_216
INFO: [VRFC 10-311] analyzing module xfft_256pt_32bit_mult_gen_v12_0_18_delay_line__parameterized4_72
INFO: [VRFC 10-311] analyzing module xfft_256pt_32bit_mult_gen_v12_0_18_delay_line__parameterized5
INFO: [VRFC 10-311] analyzing module xfft_256pt_32bit_mult_gen_v12_0_18_delay_line__parameterized5_145
INFO: [VRFC 10-311] analyzing module xfft_256pt_32bit_mult_gen_v12_0_18_delay_line__parameterized5_217
INFO: [VRFC 10-311] analyzing module xfft_256pt_32bit_mult_gen_v12_0_18_delay_line__parameterized5_73
INFO: [VRFC 10-311] analyzing module xfft_256pt_32bit_mult_gen_v12_0_18_delay_line__parameterized8
INFO: [VRFC 10-311] analyzing module xfft_256pt_32bit_mult_gen_v12_0_18_delay_line__parameterized8_146
INFO: [VRFC 10-311] analyzing module xfft_256pt_32bit_mult_gen_v12_0_18_delay_line__parameterized8_218
INFO: [VRFC 10-311] analyzing module xfft_256pt_32bit_mult_gen_v12_0_18_delay_line__parameterized8_74
INFO: [VRFC 10-311] analyzing module xfft_256pt_32bit_mult_gen_v12_0_18_delay_line__parameterized9
INFO: [VRFC 10-311] analyzing module xfft_256pt_32bit_mult_gen_v12_0_18_delay_line__parameterized9_147
INFO: [VRFC 10-311] analyzing module xfft_256pt_32bit_mult_gen_v12_0_18_delay_line__parameterized9_219
INFO: [VRFC 10-311] analyzing module xfft_256pt_32bit_mult_gen_v12_0_18_delay_line__parameterized9_75
INFO: [VRFC 10-311] analyzing module xfft_256pt_32bit_mux_bus16
INFO: [VRFC 10-311] analyzing module xfft_256pt_32bit_mux_bus4
INFO: [VRFC 10-311] analyzing module xfft_256pt_32bit_mux_bus4_257
INFO: [VRFC 10-311] analyzing module xfft_256pt_32bit_mux_bus4_258
INFO: [VRFC 10-311] analyzing module xfft_256pt_32bit_mux_bus4_259
INFO: [VRFC 10-311] analyzing module xfft_256pt_32bit_mux_bus4_260
INFO: [VRFC 10-311] analyzing module xfft_256pt_32bit_mux_bus4_261
INFO: [VRFC 10-311] analyzing module xfft_256pt_32bit_mux_bus4_262
INFO: [VRFC 10-311] analyzing module xfft_256pt_32bit_mux_bus4_263
INFO: [VRFC 10-311] analyzing module xfft_256pt_32bit_mux_bus4_264
INFO: [VRFC 10-311] analyzing module xfft_256pt_32bit_mux_bus4_265
INFO: [VRFC 10-311] analyzing module xfft_256pt_32bit_mux_bus4_266
INFO: [VRFC 10-311] analyzing module xfft_256pt_32bit_mux_bus4_267
INFO: [VRFC 10-311] analyzing module xfft_256pt_32bit_mux_bus4_268
INFO: [VRFC 10-311] analyzing module xfft_256pt_32bit_mux_bus4_269
INFO: [VRFC 10-311] analyzing module xfft_256pt_32bit_mux_bus4__parameterized0
INFO: [VRFC 10-311] analyzing module xfft_256pt_32bit_mux_bus4__parameterized0_113
INFO: [VRFC 10-311] analyzing module xfft_256pt_32bit_mux_bus4__parameterized0_114
INFO: [VRFC 10-311] analyzing module xfft_256pt_32bit_mux_bus4__parameterized0_115
INFO: [VRFC 10-311] analyzing module xfft_256pt_32bit_mux_bus4__parameterized0_116
INFO: [VRFC 10-311] analyzing module xfft_256pt_32bit_mux_bus4__parameterized0_185
INFO: [VRFC 10-311] analyzing module xfft_256pt_32bit_mux_bus4__parameterized0_186
INFO: [VRFC 10-311] analyzing module xfft_256pt_32bit_mux_bus4__parameterized0_187
INFO: [VRFC 10-311] analyzing module xfft_256pt_32bit_mux_bus4__parameterized0_188
INFO: [VRFC 10-311] analyzing module xfft_256pt_32bit_mux_bus4__parameterized0_41
INFO: [VRFC 10-311] analyzing module xfft_256pt_32bit_mux_bus4__parameterized0_42
INFO: [VRFC 10-311] analyzing module xfft_256pt_32bit_mux_bus4__parameterized0_43
INFO: [VRFC 10-311] analyzing module xfft_256pt_32bit_mux_bus4__parameterized0_44
INFO: [VRFC 10-311] analyzing module xfft_256pt_32bit_mux_bus4__parameterized0_5
INFO: [VRFC 10-311] analyzing module xfft_256pt_32bit_mux_bus4__parameterized0_6
INFO: [VRFC 10-311] analyzing module xfft_256pt_32bit_mux_bus4__parameterized0_7
INFO: [VRFC 10-311] analyzing module xfft_256pt_32bit_mux_bus4__parameterized1
INFO: [VRFC 10-311] analyzing module xfft_256pt_32bit_mux_bus4__parameterized1_12
INFO: [VRFC 10-311] analyzing module xfft_256pt_32bit_mux_bus4__parameterized1_126
INFO: [VRFC 10-311] analyzing module xfft_256pt_32bit_mux_bus4__parameterized1_127
INFO: [VRFC 10-311] analyzing module xfft_256pt_32bit_mux_bus4__parameterized1_128
INFO: [VRFC 10-311] analyzing module xfft_256pt_32bit_mux_bus4__parameterized1_129
INFO: [VRFC 10-311] analyzing module xfft_256pt_32bit_mux_bus4__parameterized1_13
INFO: [VRFC 10-311] analyzing module xfft_256pt_32bit_mux_bus4__parameterized1_14
INFO: [VRFC 10-311] analyzing module xfft_256pt_32bit_mux_bus4__parameterized1_198
INFO: [VRFC 10-311] analyzing module xfft_256pt_32bit_mux_bus4__parameterized1_199
INFO: [VRFC 10-311] analyzing module xfft_256pt_32bit_mux_bus4__parameterized1_200
INFO: [VRFC 10-311] analyzing module xfft_256pt_32bit_mux_bus4__parameterized1_201
INFO: [VRFC 10-311] analyzing module xfft_256pt_32bit_mux_bus4__parameterized1_54
INFO: [VRFC 10-311] analyzing module xfft_256pt_32bit_mux_bus4__parameterized1_55
INFO: [VRFC 10-311] analyzing module xfft_256pt_32bit_mux_bus4__parameterized1_56
INFO: [VRFC 10-311] analyzing module xfft_256pt_32bit_mux_bus4__parameterized1_57
INFO: [VRFC 10-311] analyzing module xfft_256pt_32bit_mux_bus8
INFO: [VRFC 10-311] analyzing module xfft_256pt_32bit_r2_control
INFO: [VRFC 10-311] analyzing module xfft_256pt_32bit_r2_datapath
INFO: [VRFC 10-311] analyzing module xfft_256pt_32bit_r2_datapath__parameterized0
INFO: [VRFC 10-311] analyzing module xfft_256pt_32bit_r2_datapath__parameterized1
INFO: [VRFC 10-311] analyzing module xfft_256pt_32bit_r2_datapath__parameterized2
INFO: [VRFC 10-311] analyzing module xfft_256pt_32bit_r2_in_addr
INFO: [VRFC 10-311] analyzing module xfft_256pt_32bit_r2_ovflo_gen
INFO: [VRFC 10-311] analyzing module xfft_256pt_32bit_r2_ovflo_gen_119
INFO: [VRFC 10-311] analyzing module xfft_256pt_32bit_r2_ovflo_gen_191
INFO: [VRFC 10-311] analyzing module xfft_256pt_32bit_r2_ovflo_gen_47
INFO: [VRFC 10-311] analyzing module xfft_256pt_32bit_r2_pe
INFO: [VRFC 10-311] analyzing module xfft_256pt_32bit_r2_pe__parameterized0
INFO: [VRFC 10-311] analyzing module xfft_256pt_32bit_r2_pe__parameterized1
INFO: [VRFC 10-311] analyzing module xfft_256pt_32bit_r2_pe__parameterized2
INFO: [VRFC 10-311] analyzing module xfft_256pt_32bit_r2_rw_addr
INFO: [VRFC 10-311] analyzing module xfft_256pt_32bit_r2_tw_addr
INFO: [VRFC 10-311] analyzing module xfft_256pt_32bit_reg_rs_rtl
INFO: [VRFC 10-311] analyzing module xfft_256pt_32bit_reg_rs_rtl_272
INFO: [VRFC 10-311] analyzing module xfft_256pt_32bit_reg_rs_rtl_273
INFO: [VRFC 10-311] analyzing module xfft_256pt_32bit_reg_rs_rtl_274
INFO: [VRFC 10-311] analyzing module xfft_256pt_32bit_reg_rs_rtl_275
INFO: [VRFC 10-311] analyzing module xfft_256pt_32bit_shift_ram
INFO: [VRFC 10-311] analyzing module xfft_256pt_32bit_shift_ram_250
INFO: [VRFC 10-311] analyzing module xfft_256pt_32bit_shift_ram__parameterized0
INFO: [VRFC 10-311] analyzing module xfft_256pt_32bit_shift_ram__parameterized1
INFO: [VRFC 10-311] analyzing module xfft_256pt_32bit_shift_ram__parameterized10
INFO: [VRFC 10-311] analyzing module xfft_256pt_32bit_shift_ram__parameterized11
INFO: [VRFC 10-311] analyzing module xfft_256pt_32bit_shift_ram__parameterized12
INFO: [VRFC 10-311] analyzing module xfft_256pt_32bit_shift_ram__parameterized13
INFO: [VRFC 10-311] analyzing module xfft_256pt_32bit_shift_ram__parameterized14
INFO: [VRFC 10-311] analyzing module xfft_256pt_32bit_shift_ram__parameterized15
INFO: [VRFC 10-311] analyzing module xfft_256pt_32bit_shift_ram__parameterized15_253
INFO: [VRFC 10-311] analyzing module xfft_256pt_32bit_shift_ram__parameterized16
INFO: [VRFC 10-311] analyzing module xfft_256pt_32bit_shift_ram__parameterized16_109
INFO: [VRFC 10-311] analyzing module xfft_256pt_32bit_shift_ram__parameterized16_110
INFO: [VRFC 10-311] analyzing module xfft_256pt_32bit_shift_ram__parameterized16_181
INFO: [VRFC 10-311] analyzing module xfft_256pt_32bit_shift_ram__parameterized16_182
INFO: [VRFC 10-311] analyzing module xfft_256pt_32bit_shift_ram__parameterized16_3
INFO: [VRFC 10-311] analyzing module xfft_256pt_32bit_shift_ram__parameterized16_37
INFO: [VRFC 10-311] analyzing module xfft_256pt_32bit_shift_ram__parameterized16_38
INFO: [VRFC 10-311] analyzing module xfft_256pt_32bit_shift_ram__parameterized17
INFO: [VRFC 10-311] analyzing module xfft_256pt_32bit_shift_ram__parameterized17_120
INFO: [VRFC 10-311] analyzing module xfft_256pt_32bit_shift_ram__parameterized17_121
INFO: [VRFC 10-311] analyzing module xfft_256pt_32bit_shift_ram__parameterized17_192
INFO: [VRFC 10-311] analyzing module xfft_256pt_32bit_shift_ram__parameterized17_193
INFO: [VRFC 10-311] analyzing module xfft_256pt_32bit_shift_ram__parameterized17_48
INFO: [VRFC 10-311] analyzing module xfft_256pt_32bit_shift_ram__parameterized17_49
INFO: [VRFC 10-311] analyzing module xfft_256pt_32bit_shift_ram__parameterized17_8
INFO: [VRFC 10-311] analyzing module xfft_256pt_32bit_shift_ram__parameterized1_252
INFO: [VRFC 10-311] analyzing module xfft_256pt_32bit_shift_ram__parameterized2
INFO: [VRFC 10-311] analyzing module xfft_256pt_32bit_shift_ram__parameterized3
INFO: [VRFC 10-311] analyzing module xfft_256pt_32bit_shift_ram__parameterized4
INFO: [VRFC 10-311] analyzing module xfft_256pt_32bit_shift_ram__parameterized4_249
INFO: [VRFC 10-311] analyzing module xfft_256pt_32bit_shift_ram__parameterized5
INFO: [VRFC 10-311] analyzing module xfft_256pt_32bit_shift_ram__parameterized6
INFO: [VRFC 10-311] analyzing module xfft_256pt_32bit_shift_ram__parameterized7
INFO: [VRFC 10-311] analyzing module xfft_256pt_32bit_shift_ram__parameterized7_251
INFO: [VRFC 10-311] analyzing module xfft_256pt_32bit_shift_ram__parameterized9
INFO: [VRFC 10-311] analyzing module xfft_256pt_32bit_subtracter
INFO: [VRFC 10-311] analyzing module xfft_256pt_32bit_subtracter_159
INFO: [VRFC 10-311] analyzing module xfft_256pt_32bit_subtracter_160
INFO: [VRFC 10-311] analyzing module xfft_256pt_32bit_subtracter_23
INFO: [VRFC 10-311] analyzing module xfft_256pt_32bit_subtracter_231
INFO: [VRFC 10-311] analyzing module xfft_256pt_32bit_subtracter_232
INFO: [VRFC 10-311] analyzing module xfft_256pt_32bit_subtracter_87
INFO: [VRFC 10-311] analyzing module xfft_256pt_32bit_subtracter_88
INFO: [VRFC 10-311] analyzing module xfft_256pt_32bit_twgen_half_sincos
INFO: [VRFC 10-311] analyzing module xfft_256pt_32bit_twiddle_gen
INFO: [VRFC 10-311] analyzing module xfft_256pt_32bit_xfft_v9_1_8
INFO: [VRFC 10-311] analyzing module xfft_256pt_32bit_xfft_v9_1_8_c
INFO: [VRFC 10-311] analyzing module xfft_256pt_32bit_xfft_v9_1_8_core
INFO: [VRFC 10-311] analyzing module xfft_256pt_32bit_xfft_v9_1_8_mux_bus2
INFO: [VRFC 10-311] analyzing module xfft_256pt_32bit_xfft_v9_1_8_mux_bus2_254
INFO: [VRFC 10-311] analyzing module xfft_256pt_32bit_xfft_v9_1_8_mux_bus2_255
INFO: [VRFC 10-311] analyzing module xfft_256pt_32bit_xfft_v9_1_8_mux_bus2_256
INFO: [VRFC 10-311] analyzing module xfft_256pt_32bit_xfft_v9_1_8_mux_bus2__parameterized0
INFO: [VRFC 10-311] analyzing module xfft_256pt_32bit_xfft_v9_1_8_mux_bus2__parameterized0_0
INFO: [VRFC 10-311] analyzing module xfft_256pt_32bit_xfft_v9_1_8_mux_bus2__parameterized0_1
INFO: [VRFC 10-311] analyzing module xfft_256pt_32bit_xfft_v9_1_8_mux_bus2__parameterized0_105
INFO: [VRFC 10-311] analyzing module xfft_256pt_32bit_xfft_v9_1_8_mux_bus2__parameterized0_106
INFO: [VRFC 10-311] analyzing module xfft_256pt_32bit_xfft_v9_1_8_mux_bus2__parameterized0_107
INFO: [VRFC 10-311] analyzing module xfft_256pt_32bit_xfft_v9_1_8_mux_bus2__parameterized0_108
INFO: [VRFC 10-311] analyzing module xfft_256pt_32bit_xfft_v9_1_8_mux_bus2__parameterized0_177
INFO: [VRFC 10-311] analyzing module xfft_256pt_32bit_xfft_v9_1_8_mux_bus2__parameterized0_178
INFO: [VRFC 10-311] analyzing module xfft_256pt_32bit_xfft_v9_1_8_mux_bus2__parameterized0_179
INFO: [VRFC 10-311] analyzing module xfft_256pt_32bit_xfft_v9_1_8_mux_bus2__parameterized0_180
INFO: [VRFC 10-311] analyzing module xfft_256pt_32bit_xfft_v9_1_8_mux_bus2__parameterized0_2
INFO: [VRFC 10-311] analyzing module xfft_256pt_32bit_xfft_v9_1_8_mux_bus2__parameterized0_33
INFO: [VRFC 10-311] analyzing module xfft_256pt_32bit_xfft_v9_1_8_mux_bus2__parameterized0_34
INFO: [VRFC 10-311] analyzing module xfft_256pt_32bit_xfft_v9_1_8_mux_bus2__parameterized0_35
INFO: [VRFC 10-311] analyzing module xfft_256pt_32bit_xfft_v9_1_8_mux_bus2__parameterized0_36
INFO: [VRFC 10-311] analyzing module xfft_256pt_32bit_xfft_v9_1_8_mux_bus2__parameterized1
INFO: [VRFC 10-311] analyzing module xfft_256pt_32bit_xfft_v9_1_8_mux_bus2__parameterized1_111
INFO: [VRFC 10-311] analyzing module xfft_256pt_32bit_xfft_v9_1_8_mux_bus2__parameterized1_112
INFO: [VRFC 10-311] analyzing module xfft_256pt_32bit_xfft_v9_1_8_mux_bus2__parameterized1_183
INFO: [VRFC 10-311] analyzing module xfft_256pt_32bit_xfft_v9_1_8_mux_bus2__parameterized1_184
INFO: [VRFC 10-311] analyzing module xfft_256pt_32bit_xfft_v9_1_8_mux_bus2__parameterized1_39
INFO: [VRFC 10-311] analyzing module xfft_256pt_32bit_xfft_v9_1_8_mux_bus2__parameterized1_4
INFO: [VRFC 10-311] analyzing module xfft_256pt_32bit_xfft_v9_1_8_mux_bus2__parameterized1_40
INFO: [VRFC 10-311] analyzing module xfft_256pt_32bit_xfft_v9_1_8_viv
INFO: [VRFC 10-311] analyzing module xfft_256pt_32bit_xor_bit_gate
INFO: [VRFC 10-311] analyzing module xfft_256pt_32bit_xor_bit_gate_270
INFO: [VRFC 10-311] analyzing module xfft_256pt_32bit_xor_bit_gate__parameterized0
INFO: [VRFC 10-311] analyzing module glbl
INFO: [VRFC 10-2263] Analyzing Verilog file "/home/bigpi/AMD/Vivado/2022.2/Projects/BARTLETT/BARTLETT.srcs/sources_1/new/BARTLETT.v" into library xil_defaultlib
INFO: [VRFC 10-311] analyzing module BARTLETT
INFO: [VRFC 10-311] analyzing module HILBERT_DATAPATH
INFO: [VRFC 10-311] analyzing module DATA_CORRECTOR
INFO: [VRFC 10-2263] Analyzing Verilog file "/home/bigpi/AMD/Vivado/2022.2/Projects/BARTLETT/BARTLETT.srcs/sim_1/new/BARTLETT_tb.v" into library xil_defaultlib
INFO: [VRFC 10-311] analyzing module BARTLETT_tb
INFO: [VRFC 10-2263] Analyzing Verilog file "/home/bigpi/AMD/Vivado/2022.2/Projects/BARTLETT/BARTLETT.sim/sim_1/behav/xsim/glbl.v" into library xil_defaultlib
INFO: [VRFC 10-311] analyzing module glbl
WARNING: [VRFC 10-3609] overwriting previous definition of module 'glbl' [/home/bigpi/AMD/Vivado/2022.2/Projects/BARTLETT/BARTLETT.sim/sim_1/behav/xsim/glbl.v:6]
