INFO: [VRFC 10-2263] Analyzing Verilog file "C:/Users/myles/.Xilinx/Projects/BARTLETT/BARTLETT.sim/sim_1/synth/func/xsim/BARTLETT_tb_func_synth.v" into library xil_defaultlib
INFO: [VRFC 10-311] analyzing module BARTLETT
INFO: [VRFC 10-311] analyzing module DATA_CORRECTOR
INFO: [VRFC 10-311] analyzing module HILBERT_DATAPATH
INFO: [VRFC 10-311] analyzing module xfft_256pt_32bit
INFO: [VRFC 10-311] analyzing module xfft_256pt_32bit_adder
INFO: [VRFC 10-311] analyzing module xfft_256pt_32bit_adder_123
INFO: [VRFC 10-311] analyzing module xfft_256pt_32bit_adder_124
INFO: [VRFC 10-311] analyzing module xfft_256pt_32bit_adder_16
INFO: [VRFC 10-311] analyzing module xfft_256pt_32bit_adder_181
INFO: [VRFC 10-311] analyzing module xfft_256pt_32bit_adder_182
INFO: [VRFC 10-311] analyzing module xfft_256pt_32bit_adder_65
INFO: [VRFC 10-311] analyzing module xfft_256pt_32bit_adder_66
INFO: [VRFC 10-311] analyzing module xfft_256pt_32bit_arith_shift3
INFO: [VRFC 10-311] analyzing module xfft_256pt_32bit_arith_shift3_10
INFO: [VRFC 10-311] analyzing module xfft_256pt_32bit_arith_shift3_102
INFO: [VRFC 10-311] analyzing module xfft_256pt_32bit_arith_shift3_103
INFO: [VRFC 10-311] analyzing module xfft_256pt_32bit_arith_shift3_104
INFO: [VRFC 10-311] analyzing module xfft_256pt_32bit_arith_shift3_105
INFO: [VRFC 10-311] analyzing module xfft_256pt_32bit_arith_shift3_11
INFO: [VRFC 10-311] analyzing module xfft_256pt_32bit_arith_shift3_160
INFO: [VRFC 10-311] analyzing module xfft_256pt_32bit_arith_shift3_161
INFO: [VRFC 10-311] analyzing module xfft_256pt_32bit_arith_shift3_162
INFO: [VRFC 10-311] analyzing module xfft_256pt_32bit_arith_shift3_163
INFO: [VRFC 10-311] analyzing module xfft_256pt_32bit_arith_shift3_44
INFO: [VRFC 10-311] analyzing module xfft_256pt_32bit_arith_shift3_45
INFO: [VRFC 10-311] analyzing module xfft_256pt_32bit_arith_shift3_46
INFO: [VRFC 10-311] analyzing module xfft_256pt_32bit_arith_shift3_47
INFO: [VRFC 10-311] analyzing module xfft_256pt_32bit_arith_shift3_9
INFO: [VRFC 10-311] analyzing module xfft_256pt_32bit_axi_wrapper
INFO: [VRFC 10-311] analyzing module xfft_256pt_32bit_axi_wrapper_input_fifo
INFO: [VRFC 10-311] analyzing module xfft_256pt_32bit_axi_wrapper_input_fifo__parameterized0
INFO: [VRFC 10-311] analyzing module xfft_256pt_32bit_axi_wrapper_output_fifo
INFO: [VRFC 10-311] analyzing module xfft_256pt_32bit_axi_wrapper_output_fifo__parameterized0
INFO: [VRFC 10-311] analyzing module xfft_256pt_32bit_butterfly
INFO: [VRFC 10-311] analyzing module xfft_256pt_32bit_butterfly_155
INFO: [VRFC 10-311] analyzing module xfft_256pt_32bit_butterfly_39
INFO: [VRFC 10-311] analyzing module xfft_256pt_32bit_butterfly_97
INFO: [VRFC 10-311] analyzing module xfft_256pt_32bit_c_addsub_v12_0_14_fabric_legacy
INFO: [VRFC 10-311] analyzing module xfft_256pt_32bit_c_addsub_v12_0_14_fabric_legacy__parameterized1
INFO: [VRFC 10-311] analyzing module xfft_256pt_32bit_c_addsub_v12_0_14_fabric_legacy__parameterized3
INFO: [VRFC 10-311] analyzing module xfft_256pt_32bit_c_addsub_v12_0_14_fabric_legacy__parameterized5
INFO: [VRFC 10-311] analyzing module xfft_256pt_32bit_c_addsub_v12_0_14_fabric_legacy__parameterized5_231
INFO: [VRFC 10-311] analyzing module xfft_256pt_32bit_c_addsub_v12_0_14_fabric_legacy__parameterized7
INFO: [VRFC 10-311] analyzing module xfft_256pt_32bit_c_addsub_v12_0_14_fabric_legacy__parameterized7_136
INFO: [VRFC 10-311] analyzing module xfft_256pt_32bit_c_addsub_v12_0_14_fabric_legacy__parameterized7_140
INFO: [VRFC 10-311] analyzing module xfft_256pt_32bit_c_addsub_v12_0_14_fabric_legacy__parameterized7_194
INFO: [VRFC 10-311] analyzing module xfft_256pt_32bit_c_addsub_v12_0_14_fabric_legacy__parameterized7_198
INFO: [VRFC 10-311] analyzing module xfft_256pt_32bit_c_addsub_v12_0_14_fabric_legacy__parameterized7_24
INFO: [VRFC 10-311] analyzing module xfft_256pt_32bit_c_addsub_v12_0_14_fabric_legacy__parameterized7_78
INFO: [VRFC 10-311] analyzing module xfft_256pt_32bit_c_addsub_v12_0_14_fabric_legacy__parameterized7_82
INFO: [VRFC 10-311] analyzing module xfft_256pt_32bit_c_addsub_v12_0_14_fabric_legacy__parameterized9
INFO: [VRFC 10-311] analyzing module xfft_256pt_32bit_c_addsub_v12_0_14_fabric_legacy__parameterized9_128
INFO: [VRFC 10-311] analyzing module xfft_256pt_32bit_c_addsub_v12_0_14_fabric_legacy__parameterized9_132
INFO: [VRFC 10-311] analyzing module xfft_256pt_32bit_c_addsub_v12_0_14_fabric_legacy__parameterized9_186
INFO: [VRFC 10-311] analyzing module xfft_256pt_32bit_c_addsub_v12_0_14_fabric_legacy__parameterized9_19
INFO: [VRFC 10-311] analyzing module xfft_256pt_32bit_c_addsub_v12_0_14_fabric_legacy__parameterized9_190
INFO: [VRFC 10-311] analyzing module xfft_256pt_32bit_c_addsub_v12_0_14_fabric_legacy__parameterized9_70
INFO: [VRFC 10-311] analyzing module xfft_256pt_32bit_c_addsub_v12_0_14_fabric_legacy__parameterized9_74
INFO: [VRFC 10-311] analyzing module xfft_256pt_32bit_c_addsub_v12_0_14_legacy
INFO: [VRFC 10-311] analyzing module xfft_256pt_32bit_c_addsub_v12_0_14_legacy__parameterized1
INFO: [VRFC 10-311] analyzing module xfft_256pt_32bit_c_addsub_v12_0_14_legacy__parameterized3
INFO: [VRFC 10-311] analyzing module xfft_256pt_32bit_c_addsub_v12_0_14_legacy__parameterized5
INFO: [VRFC 10-311] analyzing module xfft_256pt_32bit_c_addsub_v12_0_14_legacy__parameterized5_230
INFO: [VRFC 10-311] analyzing module xfft_256pt_32bit_c_addsub_v12_0_14_legacy__parameterized7
INFO: [VRFC 10-311] analyzing module xfft_256pt_32bit_c_addsub_v12_0_14_legacy__parameterized7_135
INFO: [VRFC 10-311] analyzing module xfft_256pt_32bit_c_addsub_v12_0_14_legacy__parameterized7_139
INFO: [VRFC 10-311] analyzing module xfft_256pt_32bit_c_addsub_v12_0_14_legacy__parameterized7_193
INFO: [VRFC 10-311] analyzing module xfft_256pt_32bit_c_addsub_v12_0_14_legacy__parameterized7_197
INFO: [VRFC 10-311] analyzing module xfft_256pt_32bit_c_addsub_v12_0_14_legacy__parameterized7_23
INFO: [VRFC 10-311] analyzing module xfft_256pt_32bit_c_addsub_v12_0_14_legacy__parameterized7_77
INFO: [VRFC 10-311] analyzing module xfft_256pt_32bit_c_addsub_v12_0_14_legacy__parameterized7_81
INFO: [VRFC 10-311] analyzing module xfft_256pt_32bit_c_addsub_v12_0_14_legacy__parameterized9
INFO: [VRFC 10-311] analyzing module xfft_256pt_32bit_c_addsub_v12_0_14_legacy__parameterized9_127
INFO: [VRFC 10-311] analyzing module xfft_256pt_32bit_c_addsub_v12_0_14_legacy__parameterized9_131
INFO: [VRFC 10-311] analyzing module xfft_256pt_32bit_c_addsub_v12_0_14_legacy__parameterized9_18
INFO: [VRFC 10-311] analyzing module xfft_256pt_32bit_c_addsub_v12_0_14_legacy__parameterized9_185
INFO: [VRFC 10-311] analyzing module xfft_256pt_32bit_c_addsub_v12_0_14_legacy__parameterized9_189
INFO: [VRFC 10-311] analyzing module xfft_256pt_32bit_c_addsub_v12_0_14_legacy__parameterized9_69
INFO: [VRFC 10-311] analyzing module xfft_256pt_32bit_c_addsub_v12_0_14_legacy__parameterized9_73
INFO: [VRFC 10-311] analyzing module xfft_256pt_32bit_c_addsub_v12_0_14_lut6_legacy
INFO: [VRFC 10-311] analyzing module xfft_256pt_32bit_c_addsub_v12_0_14_lut6_legacy__parameterized1
INFO: [VRFC 10-311] analyzing module xfft_256pt_32bit_c_addsub_v12_0_14_lut6_legacy__parameterized3
INFO: [VRFC 10-311] analyzing module xfft_256pt_32bit_c_addsub_v12_0_14_lut6_legacy__parameterized5
INFO: [VRFC 10-311] analyzing module xfft_256pt_32bit_c_addsub_v12_0_14_lut6_legacy__parameterized5_232
INFO: [VRFC 10-311] analyzing module xfft_256pt_32bit_c_addsub_v12_0_14_lut6_legacy__parameterized7
INFO: [VRFC 10-311] analyzing module xfft_256pt_32bit_c_addsub_v12_0_14_lut6_legacy__parameterized7_137
INFO: [VRFC 10-311] analyzing module xfft_256pt_32bit_c_addsub_v12_0_14_lut6_legacy__parameterized7_141
INFO: [VRFC 10-311] analyzing module xfft_256pt_32bit_c_addsub_v12_0_14_lut6_legacy__parameterized7_195
INFO: [VRFC 10-311] analyzing module xfft_256pt_32bit_c_addsub_v12_0_14_lut6_legacy__parameterized7_199
INFO: [VRFC 10-311] analyzing module xfft_256pt_32bit_c_addsub_v12_0_14_lut6_legacy__parameterized7_25
INFO: [VRFC 10-311] analyzing module xfft_256pt_32bit_c_addsub_v12_0_14_lut6_legacy__parameterized7_79
INFO: [VRFC 10-311] analyzing module xfft_256pt_32bit_c_addsub_v12_0_14_lut6_legacy__parameterized7_83
INFO: [VRFC 10-311] analyzing module xfft_256pt_32bit_c_addsub_v12_0_14_lut6_legacy__parameterized9
INFO: [VRFC 10-311] analyzing module xfft_256pt_32bit_c_addsub_v12_0_14_lut6_legacy__parameterized9_129
INFO: [VRFC 10-311] analyzing module xfft_256pt_32bit_c_addsub_v12_0_14_lut6_legacy__parameterized9_133
INFO: [VRFC 10-311] analyzing module xfft_256pt_32bit_c_addsub_v12_0_14_lut6_legacy__parameterized9_187
INFO: [VRFC 10-311] analyzing module xfft_256pt_32bit_c_addsub_v12_0_14_lut6_legacy__parameterized9_191
INFO: [VRFC 10-311] analyzing module xfft_256pt_32bit_c_addsub_v12_0_14_lut6_legacy__parameterized9_20
INFO: [VRFC 10-311] analyzing module xfft_256pt_32bit_c_addsub_v12_0_14_lut6_legacy__parameterized9_71
INFO: [VRFC 10-311] analyzing module xfft_256pt_32bit_c_addsub_v12_0_14_lut6_legacy__parameterized9_75
INFO: [VRFC 10-311] analyzing module xfft_256pt_32bit_c_addsub_v12_0_14_viv
INFO: [VRFC 10-311] analyzing module xfft_256pt_32bit_c_addsub_v12_0_14_viv__parameterized0
INFO: [VRFC 10-311] analyzing module xfft_256pt_32bit_c_addsub_v12_0_14_viv__parameterized1
INFO: [VRFC 10-311] analyzing module xfft_256pt_32bit_c_addsub_v12_0_14_viv__parameterized2
INFO: [VRFC 10-311] analyzing module xfft_256pt_32bit_c_addsub_v12_0_14_viv__parameterized2__1
INFO: [VRFC 10-311] analyzing module xfft_256pt_32bit_c_addsub_v12_0_14_viv__parameterized3
INFO: [VRFC 10-311] analyzing module xfft_256pt_32bit_c_addsub_v12_0_14_viv__parameterized3__1
INFO: [VRFC 10-311] analyzing module xfft_256pt_32bit_c_addsub_v12_0_14_viv__parameterized3__2
INFO: [VRFC 10-311] analyzing module xfft_256pt_32bit_c_addsub_v12_0_14_viv__parameterized3__3
INFO: [VRFC 10-311] analyzing module xfft_256pt_32bit_c_addsub_v12_0_14_viv__parameterized3__4
INFO: [VRFC 10-311] analyzing module xfft_256pt_32bit_c_addsub_v12_0_14_viv__parameterized3__5
INFO: [VRFC 10-311] analyzing module xfft_256pt_32bit_c_addsub_v12_0_14_viv__parameterized3__6
INFO: [VRFC 10-311] analyzing module xfft_256pt_32bit_c_addsub_v12_0_14_viv__parameterized3__7
INFO: [VRFC 10-311] analyzing module xfft_256pt_32bit_c_addsub_v12_0_14_viv__parameterized4
INFO: [VRFC 10-311] analyzing module xfft_256pt_32bit_c_addsub_v12_0_14_viv__parameterized4__1
INFO: [VRFC 10-311] analyzing module xfft_256pt_32bit_c_addsub_v12_0_14_viv__parameterized4__2
INFO: [VRFC 10-311] analyzing module xfft_256pt_32bit_c_addsub_v12_0_14_viv__parameterized4__3
INFO: [VRFC 10-311] analyzing module xfft_256pt_32bit_c_addsub_v12_0_14_viv__parameterized4__4
INFO: [VRFC 10-311] analyzing module xfft_256pt_32bit_c_addsub_v12_0_14_viv__parameterized4__5
INFO: [VRFC 10-311] analyzing module xfft_256pt_32bit_c_addsub_v12_0_14_viv__parameterized4__6
INFO: [VRFC 10-311] analyzing module xfft_256pt_32bit_c_addsub_v12_0_14_viv__parameterized4__7
INFO: [VRFC 10-311] analyzing module xfft_256pt_32bit_c_reg_fd_v12_0_6_viv
INFO: [VRFC 10-311] analyzing module xfft_256pt_32bit_c_reg_fd_v12_0_6_viv_223
INFO: [VRFC 10-311] analyzing module xfft_256pt_32bit_c_reg_fd_v12_0_6_viv__parameterized2
INFO: [VRFC 10-311] analyzing module xfft_256pt_32bit_c_reg_fd_v12_0_6_viv__parameterized2_130
INFO: [VRFC 10-311] analyzing module xfft_256pt_32bit_c_reg_fd_v12_0_6_viv__parameterized2_134
INFO: [VRFC 10-311] analyzing module xfft_256pt_32bit_c_reg_fd_v12_0_6_viv__parameterized2_138
INFO: [VRFC 10-311] analyzing module xfft_256pt_32bit_c_reg_fd_v12_0_6_viv__parameterized2_142
INFO: [VRFC 10-311] analyzing module xfft_256pt_32bit_c_reg_fd_v12_0_6_viv__parameterized2_188
INFO: [VRFC 10-311] analyzing module xfft_256pt_32bit_c_reg_fd_v12_0_6_viv__parameterized2_192
INFO: [VRFC 10-311] analyzing module xfft_256pt_32bit_c_reg_fd_v12_0_6_viv__parameterized2_196
INFO: [VRFC 10-311] analyzing module xfft_256pt_32bit_c_reg_fd_v12_0_6_viv__parameterized2_200
INFO: [VRFC 10-311] analyzing module xfft_256pt_32bit_c_reg_fd_v12_0_6_viv__parameterized2_21
INFO: [VRFC 10-311] analyzing module xfft_256pt_32bit_c_reg_fd_v12_0_6_viv__parameterized2_22
INFO: [VRFC 10-311] analyzing module xfft_256pt_32bit_c_reg_fd_v12_0_6_viv__parameterized2_26
INFO: [VRFC 10-311] analyzing module xfft_256pt_32bit_c_reg_fd_v12_0_6_viv__parameterized2_72
INFO: [VRFC 10-311] analyzing module xfft_256pt_32bit_c_reg_fd_v12_0_6_viv__parameterized2_76
INFO: [VRFC 10-311] analyzing module xfft_256pt_32bit_c_reg_fd_v12_0_6_viv__parameterized2_80
INFO: [VRFC 10-311] analyzing module xfft_256pt_32bit_c_reg_fd_v12_0_6_viv__parameterized2_84
INFO: [VRFC 10-311] analyzing module xfft_256pt_32bit_c_shift_ram_v12_0_14_legacy
INFO: [VRFC 10-311] analyzing module xfft_256pt_32bit_c_shift_ram_v12_0_14_legacy__1
INFO: [VRFC 10-311] analyzing module xfft_256pt_32bit_c_shift_ram_v12_0_14_legacy__parameterized0
INFO: [VRFC 10-311] analyzing module xfft_256pt_32bit_c_shift_ram_v12_0_14_legacy__parameterized1
INFO: [VRFC 10-311] analyzing module xfft_256pt_32bit_c_shift_ram_v12_0_14_legacy__parameterized1__1
INFO: [VRFC 10-311] analyzing module xfft_256pt_32bit_c_shift_ram_v12_0_14_legacy__parameterized1__2
INFO: [VRFC 10-311] analyzing module xfft_256pt_32bit_c_shift_ram_v12_0_14_legacy__parameterized2
INFO: [VRFC 10-311] analyzing module xfft_256pt_32bit_c_shift_ram_v12_0_14_legacy__parameterized2__1
INFO: [VRFC 10-311] analyzing module xfft_256pt_32bit_c_shift_ram_v12_0_14_legacy__parameterized3
INFO: [VRFC 10-311] analyzing module xfft_256pt_32bit_c_shift_ram_v12_0_14_legacy__parameterized4
INFO: [VRFC 10-311] analyzing module xfft_256pt_32bit_c_shift_ram_v12_0_14_legacy__parameterized5
INFO: [VRFC 10-311] analyzing module xfft_256pt_32bit_c_shift_ram_v12_0_14_legacy__parameterized5__1
INFO: [VRFC 10-311] analyzing module xfft_256pt_32bit_c_shift_ram_v12_0_14_viv
INFO: [VRFC 10-311] analyzing module xfft_256pt_32bit_c_shift_ram_v12_0_14_viv__1
INFO: [VRFC 10-311] analyzing module xfft_256pt_32bit_c_shift_ram_v12_0_14_viv__parameterized0
INFO: [VRFC 10-311] analyzing module xfft_256pt_32bit_c_shift_ram_v12_0_14_viv__parameterized1
INFO: [VRFC 10-311] analyzing module xfft_256pt_32bit_c_shift_ram_v12_0_14_viv__parameterized1__1
INFO: [VRFC 10-311] analyzing module xfft_256pt_32bit_c_shift_ram_v12_0_14_viv__parameterized1__2
INFO: [VRFC 10-311] analyzing module xfft_256pt_32bit_c_shift_ram_v12_0_14_viv__parameterized2
INFO: [VRFC 10-311] analyzing module xfft_256pt_32bit_c_shift_ram_v12_0_14_viv__parameterized2__1
INFO: [VRFC 10-311] analyzing module xfft_256pt_32bit_c_shift_ram_v12_0_14_viv__parameterized3
INFO: [VRFC 10-311] analyzing module xfft_256pt_32bit_c_shift_ram_v12_0_14_viv__parameterized4
INFO: [VRFC 10-311] analyzing module xfft_256pt_32bit_c_shift_ram_v12_0_14_viv__parameterized5
INFO: [VRFC 10-311] analyzing module xfft_256pt_32bit_c_shift_ram_v12_0_14_viv__parameterized5__1
INFO: [VRFC 10-311] analyzing module xfft_256pt_32bit_cmpy
INFO: [VRFC 10-311] analyzing module xfft_256pt_32bit_cmpy_156
INFO: [VRFC 10-311] analyzing module xfft_256pt_32bit_cmpy_3_dsp48
INFO: [VRFC 10-311] analyzing module xfft_256pt_32bit_cmpy_3_dsp48_111
INFO: [VRFC 10-311] analyzing module xfft_256pt_32bit_cmpy_3_dsp48_169
INFO: [VRFC 10-311] analyzing module xfft_256pt_32bit_cmpy_3_dsp48_53
INFO: [VRFC 10-311] analyzing module xfft_256pt_32bit_cmpy_3_dsp48_mult
INFO: [VRFC 10-311] analyzing module xfft_256pt_32bit_cmpy_3_dsp48_mult_113
INFO: [VRFC 10-311] analyzing module xfft_256pt_32bit_cmpy_3_dsp48_mult_171
INFO: [VRFC 10-311] analyzing module xfft_256pt_32bit_cmpy_3_dsp48_mult_55
INFO: [VRFC 10-311] analyzing module xfft_256pt_32bit_cmpy_3_dsp48_mult__parameterized0
INFO: [VRFC 10-311] analyzing module xfft_256pt_32bit_cmpy_3_dsp48_mult__parameterized0_114
INFO: [VRFC 10-311] analyzing module xfft_256pt_32bit_cmpy_3_dsp48_mult__parameterized0_172
INFO: [VRFC 10-311] analyzing module xfft_256pt_32bit_cmpy_3_dsp48_mult__parameterized0_56
INFO: [VRFC 10-311] analyzing module xfft_256pt_32bit_cmpy_3_dsp48_mult__parameterized1
INFO: [VRFC 10-311] analyzing module xfft_256pt_32bit_cmpy_3_dsp48_mult__parameterized1_115
INFO: [VRFC 10-311] analyzing module xfft_256pt_32bit_cmpy_3_dsp48_mult__parameterized1_173
INFO: [VRFC 10-311] analyzing module xfft_256pt_32bit_cmpy_3_dsp48_mult__parameterized1_57
INFO: [VRFC 10-311] analyzing module xfft_256pt_32bit_cmpy_40
INFO: [VRFC 10-311] analyzing module xfft_256pt_32bit_cmpy_98
INFO: [VRFC 10-311] analyzing module xfft_256pt_32bit_cmpy_v6_0_21_delay_line__parameterized1
INFO: [VRFC 10-311] analyzing module xfft_256pt_32bit_cmpy_v6_0_21_delay_line__parameterized1_112
INFO: [VRFC 10-311] analyzing module xfft_256pt_32bit_cmpy_v6_0_21_delay_line__parameterized1_170
INFO: [VRFC 10-311] analyzing module xfft_256pt_32bit_cmpy_v6_0_21_delay_line__parameterized1_54
INFO: [VRFC 10-311] analyzing module xfft_256pt_32bit_cmpy_v6_0_21_synth
INFO: [VRFC 10-311] analyzing module xfft_256pt_32bit_cmpy_v6_0_21_synth_110
INFO: [VRFC 10-311] analyzing module xfft_256pt_32bit_cmpy_v6_0_21_synth_168
INFO: [VRFC 10-311] analyzing module xfft_256pt_32bit_cmpy_v6_0_21_synth_52
INFO: [VRFC 10-311] analyzing module xfft_256pt_32bit_cnt_tc_rtl
INFO: [VRFC 10-311] analyzing module xfft_256pt_32bit_cnt_tc_rtl__parameterized0
INFO: [VRFC 10-311] analyzing module xfft_256pt_32bit_cnt_tc_rtl__parameterized1
INFO: [VRFC 10-311] analyzing module xfft_256pt_32bit_cnt_tc_rtl__parameterized2
INFO: [VRFC 10-311] analyzing module xfft_256pt_32bit_cnt_tc_rtl__parameterized2_228
INFO: [VRFC 10-311] analyzing module xfft_256pt_32bit_dpm
INFO: [VRFC 10-311] analyzing module xfft_256pt_32bit_dpm__1
INFO: [VRFC 10-311] analyzing module xfft_256pt_32bit_dpm__2
INFO: [VRFC 10-311] analyzing module xfft_256pt_32bit_dpm__3
INFO: [VRFC 10-311] analyzing module xfft_256pt_32bit_dpm__4
INFO: [VRFC 10-311] analyzing module xfft_256pt_32bit_dpm__5
INFO: [VRFC 10-311] analyzing module xfft_256pt_32bit_dpm__6
INFO: [VRFC 10-311] analyzing module xfft_256pt_32bit_dpm__7
INFO: [VRFC 10-311] analyzing module xfft_256pt_32bit_dsp
INFO: [VRFC 10-311] analyzing module xfft_256pt_32bit_dsp_120
INFO: [VRFC 10-311] analyzing module xfft_256pt_32bit_dsp_178
INFO: [VRFC 10-311] analyzing module xfft_256pt_32bit_dsp_62
INFO: [VRFC 10-311] analyzing module xfft_256pt_32bit_dsp__parameterized0
INFO: [VRFC 10-311] analyzing module xfft_256pt_32bit_dsp__parameterized0_119
INFO: [VRFC 10-311] analyzing module xfft_256pt_32bit_dsp__parameterized0_177
INFO: [VRFC 10-311] analyzing module xfft_256pt_32bit_dsp__parameterized0_61
INFO: [VRFC 10-311] analyzing module xfft_256pt_32bit_dsp__parameterized1
INFO: [VRFC 10-311] analyzing module xfft_256pt_32bit_dsp__parameterized1_117
INFO: [VRFC 10-311] analyzing module xfft_256pt_32bit_dsp__parameterized1_175
INFO: [VRFC 10-311] analyzing module xfft_256pt_32bit_dsp__parameterized1_59
INFO: [VRFC 10-311] analyzing module xfft_256pt_32bit_equ_rtl
INFO: [VRFC 10-311] analyzing module xfft_256pt_32bit_equ_rtl__parameterized0
INFO: [VRFC 10-311] analyzing module xfft_256pt_32bit_equ_rtl__parameterized1
INFO: [VRFC 10-311] analyzing module xfft_256pt_32bit_equ_rtl__parameterized2
INFO: [VRFC 10-311] analyzing module xfft_256pt_32bit_equ_rtl__parameterized2_229
INFO: [VRFC 10-311] analyzing module xfft_256pt_32bit_flow_control_c
INFO: [VRFC 10-311] analyzing module xfft_256pt_32bit_glb_ifx_master
INFO: [VRFC 10-311] analyzing module xfft_256pt_32bit_glb_ifx_master__parameterized0
INFO: [VRFC 10-311] analyzing module xfft_256pt_32bit_glb_ifx_slave
INFO: [VRFC 10-311] analyzing module xfft_256pt_32bit_glb_ifx_slave__parameterized0
INFO: [VRFC 10-311] analyzing module xfft_256pt_32bit_glb_srl_fifo
INFO: [VRFC 10-311] analyzing module xfft_256pt_32bit_glb_srl_fifo__parameterized1
INFO: [VRFC 10-311] analyzing module xfft_256pt_32bit_glb_srl_fifo__parameterized3
INFO: [VRFC 10-311] analyzing module xfft_256pt_32bit_glb_srl_fifo__parameterized5
INFO: [VRFC 10-311] analyzing module xfft_256pt_32bit_input_negation
INFO: [VRFC 10-311] analyzing module xfft_256pt_32bit_input_negation_116
INFO: [VRFC 10-311] analyzing module xfft_256pt_32bit_input_negation_174
INFO: [VRFC 10-311] analyzing module xfft_256pt_32bit_input_negation_58
INFO: [VRFC 10-311] analyzing module xfft_256pt_32bit_mult_gen_v12_0_18_delay_line
INFO: [VRFC 10-311] analyzing module xfft_256pt_32bit_mult_gen_v12_0_18_delay_line_121
INFO: [VRFC 10-311] analyzing module xfft_256pt_32bit_mult_gen_v12_0_18_delay_line_179
INFO: [VRFC 10-311] analyzing module xfft_256pt_32bit_mult_gen_v12_0_18_delay_line_63
INFO: [VRFC 10-311] analyzing module xfft_256pt_32bit_mult_gen_v12_0_18_delay_line__parameterized0
INFO: [VRFC 10-311] analyzing module xfft_256pt_32bit_mult_gen_v12_0_18_delay_line__parameterized0_118
INFO: [VRFC 10-311] analyzing module xfft_256pt_32bit_mult_gen_v12_0_18_delay_line__parameterized0_122
INFO: [VRFC 10-311] analyzing module xfft_256pt_32bit_mult_gen_v12_0_18_delay_line__parameterized0_15
INFO: [VRFC 10-311] analyzing module xfft_256pt_32bit_mult_gen_v12_0_18_delay_line__parameterized0_176
INFO: [VRFC 10-311] analyzing module xfft_256pt_32bit_mult_gen_v12_0_18_delay_line__parameterized0_180
INFO: [VRFC 10-311] analyzing module xfft_256pt_32bit_mult_gen_v12_0_18_delay_line__parameterized0_60
INFO: [VRFC 10-311] analyzing module xfft_256pt_32bit_mult_gen_v12_0_18_delay_line__parameterized0_64
INFO: [VRFC 10-311] analyzing module xfft_256pt_32bit_mux_bus16
INFO: [VRFC 10-311] analyzing module xfft_256pt_32bit_mux_bus4
INFO: [VRFC 10-311] analyzing module xfft_256pt_32bit_mux_bus4_209
INFO: [VRFC 10-311] analyzing module xfft_256pt_32bit_mux_bus4_210
INFO: [VRFC 10-311] analyzing module xfft_256pt_32bit_mux_bus4_211
INFO: [VRFC 10-311] analyzing module xfft_256pt_32bit_mux_bus4_212
INFO: [VRFC 10-311] analyzing module xfft_256pt_32bit_mux_bus4_213
INFO: [VRFC 10-311] analyzing module xfft_256pt_32bit_mux_bus4_214
INFO: [VRFC 10-311] analyzing module xfft_256pt_32bit_mux_bus4_215
INFO: [VRFC 10-311] analyzing module xfft_256pt_32bit_mux_bus4_216
INFO: [VRFC 10-311] analyzing module xfft_256pt_32bit_mux_bus4_217
INFO: [VRFC 10-311] analyzing module xfft_256pt_32bit_mux_bus4_218
INFO: [VRFC 10-311] analyzing module xfft_256pt_32bit_mux_bus4_219
INFO: [VRFC 10-311] analyzing module xfft_256pt_32bit_mux_bus4_220
INFO: [VRFC 10-311] analyzing module xfft_256pt_32bit_mux_bus4_221
INFO: [VRFC 10-311] analyzing module xfft_256pt_32bit_mux_bus4__parameterized0
INFO: [VRFC 10-311] analyzing module xfft_256pt_32bit_mux_bus4__parameterized0_151
INFO: [VRFC 10-311] analyzing module xfft_256pt_32bit_mux_bus4__parameterized0_152
INFO: [VRFC 10-311] analyzing module xfft_256pt_32bit_mux_bus4__parameterized0_153
INFO: [VRFC 10-311] analyzing module xfft_256pt_32bit_mux_bus4__parameterized0_154
INFO: [VRFC 10-311] analyzing module xfft_256pt_32bit_mux_bus4__parameterized0_35
INFO: [VRFC 10-311] analyzing module xfft_256pt_32bit_mux_bus4__parameterized0_36
INFO: [VRFC 10-311] analyzing module xfft_256pt_32bit_mux_bus4__parameterized0_37
INFO: [VRFC 10-311] analyzing module xfft_256pt_32bit_mux_bus4__parameterized0_38
INFO: [VRFC 10-311] analyzing module xfft_256pt_32bit_mux_bus4__parameterized0_5
INFO: [VRFC 10-311] analyzing module xfft_256pt_32bit_mux_bus4__parameterized0_6
INFO: [VRFC 10-311] analyzing module xfft_256pt_32bit_mux_bus4__parameterized0_7
INFO: [VRFC 10-311] analyzing module xfft_256pt_32bit_mux_bus4__parameterized0_93
INFO: [VRFC 10-311] analyzing module xfft_256pt_32bit_mux_bus4__parameterized0_94
INFO: [VRFC 10-311] analyzing module xfft_256pt_32bit_mux_bus4__parameterized0_95
INFO: [VRFC 10-311] analyzing module xfft_256pt_32bit_mux_bus4__parameterized0_96
INFO: [VRFC 10-311] analyzing module xfft_256pt_32bit_mux_bus4__parameterized1
INFO: [VRFC 10-311] analyzing module xfft_256pt_32bit_mux_bus4__parameterized1_106
INFO: [VRFC 10-311] analyzing module xfft_256pt_32bit_mux_bus4__parameterized1_107
INFO: [VRFC 10-311] analyzing module xfft_256pt_32bit_mux_bus4__parameterized1_108
INFO: [VRFC 10-311] analyzing module xfft_256pt_32bit_mux_bus4__parameterized1_109
INFO: [VRFC 10-311] analyzing module xfft_256pt_32bit_mux_bus4__parameterized1_12
INFO: [VRFC 10-311] analyzing module xfft_256pt_32bit_mux_bus4__parameterized1_13
INFO: [VRFC 10-311] analyzing module xfft_256pt_32bit_mux_bus4__parameterized1_14
INFO: [VRFC 10-311] analyzing module xfft_256pt_32bit_mux_bus4__parameterized1_164
INFO: [VRFC 10-311] analyzing module xfft_256pt_32bit_mux_bus4__parameterized1_165
INFO: [VRFC 10-311] analyzing module xfft_256pt_32bit_mux_bus4__parameterized1_166
INFO: [VRFC 10-311] analyzing module xfft_256pt_32bit_mux_bus4__parameterized1_167
INFO: [VRFC 10-311] analyzing module xfft_256pt_32bit_mux_bus4__parameterized1_48
INFO: [VRFC 10-311] analyzing module xfft_256pt_32bit_mux_bus4__parameterized1_49
INFO: [VRFC 10-311] analyzing module xfft_256pt_32bit_mux_bus4__parameterized1_50
INFO: [VRFC 10-311] analyzing module xfft_256pt_32bit_mux_bus4__parameterized1_51
INFO: [VRFC 10-311] analyzing module xfft_256pt_32bit_mux_bus8
INFO: [VRFC 10-311] analyzing module xfft_256pt_32bit_r2_control
INFO: [VRFC 10-311] analyzing module xfft_256pt_32bit_r2_datapath
INFO: [VRFC 10-311] analyzing module xfft_256pt_32bit_r2_datapath__parameterized0
INFO: [VRFC 10-311] analyzing module xfft_256pt_32bit_r2_datapath__parameterized1
INFO: [VRFC 10-311] analyzing module xfft_256pt_32bit_r2_datapath__parameterized2
INFO: [VRFC 10-311] analyzing module xfft_256pt_32bit_r2_in_addr
INFO: [VRFC 10-311] analyzing module xfft_256pt_32bit_r2_ovflo_gen
INFO: [VRFC 10-311] analyzing module xfft_256pt_32bit_r2_ovflo_gen_157
INFO: [VRFC 10-311] analyzing module xfft_256pt_32bit_r2_ovflo_gen_41
INFO: [VRFC 10-311] analyzing module xfft_256pt_32bit_r2_ovflo_gen_99
INFO: [VRFC 10-311] analyzing module xfft_256pt_32bit_r2_pe
INFO: [VRFC 10-311] analyzing module xfft_256pt_32bit_r2_pe__parameterized0
INFO: [VRFC 10-311] analyzing module xfft_256pt_32bit_r2_pe__parameterized1
INFO: [VRFC 10-311] analyzing module xfft_256pt_32bit_r2_pe__parameterized2
INFO: [VRFC 10-311] analyzing module xfft_256pt_32bit_r2_rw_addr
INFO: [VRFC 10-311] analyzing module xfft_256pt_32bit_r2_tw_addr
INFO: [VRFC 10-311] analyzing module xfft_256pt_32bit_reg_rs_rtl
INFO: [VRFC 10-311] analyzing module xfft_256pt_32bit_reg_rs_rtl_224
INFO: [VRFC 10-311] analyzing module xfft_256pt_32bit_reg_rs_rtl_225
INFO: [VRFC 10-311] analyzing module xfft_256pt_32bit_reg_rs_rtl_226
INFO: [VRFC 10-311] analyzing module xfft_256pt_32bit_reg_rs_rtl_227
INFO: [VRFC 10-311] analyzing module xfft_256pt_32bit_shift_ram
INFO: [VRFC 10-311] analyzing module xfft_256pt_32bit_shift_ram_202
INFO: [VRFC 10-311] analyzing module xfft_256pt_32bit_shift_ram__parameterized0
INFO: [VRFC 10-311] analyzing module xfft_256pt_32bit_shift_ram__parameterized1
INFO: [VRFC 10-311] analyzing module xfft_256pt_32bit_shift_ram__parameterized10
INFO: [VRFC 10-311] analyzing module xfft_256pt_32bit_shift_ram__parameterized11
INFO: [VRFC 10-311] analyzing module xfft_256pt_32bit_shift_ram__parameterized12
INFO: [VRFC 10-311] analyzing module xfft_256pt_32bit_shift_ram__parameterized13
INFO: [VRFC 10-311] analyzing module xfft_256pt_32bit_shift_ram__parameterized14
INFO: [VRFC 10-311] analyzing module xfft_256pt_32bit_shift_ram__parameterized15
INFO: [VRFC 10-311] analyzing module xfft_256pt_32bit_shift_ram__parameterized15_205
INFO: [VRFC 10-311] analyzing module xfft_256pt_32bit_shift_ram__parameterized16
INFO: [VRFC 10-311] analyzing module xfft_256pt_32bit_shift_ram__parameterized16_147
INFO: [VRFC 10-311] analyzing module xfft_256pt_32bit_shift_ram__parameterized16_148
INFO: [VRFC 10-311] analyzing module xfft_256pt_32bit_shift_ram__parameterized16_3
INFO: [VRFC 10-311] analyzing module xfft_256pt_32bit_shift_ram__parameterized16_31
INFO: [VRFC 10-311] analyzing module xfft_256pt_32bit_shift_ram__parameterized16_32
INFO: [VRFC 10-311] analyzing module xfft_256pt_32bit_shift_ram__parameterized16_89
INFO: [VRFC 10-311] analyzing module xfft_256pt_32bit_shift_ram__parameterized16_90
INFO: [VRFC 10-311] analyzing module xfft_256pt_32bit_shift_ram__parameterized17
INFO: [VRFC 10-311] analyzing module xfft_256pt_32bit_shift_ram__parameterized17_100
INFO: [VRFC 10-311] analyzing module xfft_256pt_32bit_shift_ram__parameterized17_101
INFO: [VRFC 10-311] analyzing module xfft_256pt_32bit_shift_ram__parameterized17_158
INFO: [VRFC 10-311] analyzing module xfft_256pt_32bit_shift_ram__parameterized17_159
INFO: [VRFC 10-311] analyzing module xfft_256pt_32bit_shift_ram__parameterized17_42
INFO: [VRFC 10-311] analyzing module xfft_256pt_32bit_shift_ram__parameterized17_43
INFO: [VRFC 10-311] analyzing module xfft_256pt_32bit_shift_ram__parameterized17_8
INFO: [VRFC 10-311] analyzing module xfft_256pt_32bit_shift_ram__parameterized1_204
INFO: [VRFC 10-311] analyzing module xfft_256pt_32bit_shift_ram__parameterized2
INFO: [VRFC 10-311] analyzing module xfft_256pt_32bit_shift_ram__parameterized3
INFO: [VRFC 10-311] analyzing module xfft_256pt_32bit_shift_ram__parameterized4
INFO: [VRFC 10-311] analyzing module xfft_256pt_32bit_shift_ram__parameterized4_201
INFO: [VRFC 10-311] analyzing module xfft_256pt_32bit_shift_ram__parameterized5
INFO: [VRFC 10-311] analyzing module xfft_256pt_32bit_shift_ram__parameterized6
INFO: [VRFC 10-311] analyzing module xfft_256pt_32bit_shift_ram__parameterized7
INFO: [VRFC 10-311] analyzing module xfft_256pt_32bit_shift_ram__parameterized7_203
INFO: [VRFC 10-311] analyzing module xfft_256pt_32bit_shift_ram__parameterized9
INFO: [VRFC 10-311] analyzing module xfft_256pt_32bit_subtracter
INFO: [VRFC 10-311] analyzing module xfft_256pt_32bit_subtracter_125
INFO: [VRFC 10-311] analyzing module xfft_256pt_32bit_subtracter_126
INFO: [VRFC 10-311] analyzing module xfft_256pt_32bit_subtracter_17
INFO: [VRFC 10-311] analyzing module xfft_256pt_32bit_subtracter_183
INFO: [VRFC 10-311] analyzing module xfft_256pt_32bit_subtracter_184
INFO: [VRFC 10-311] analyzing module xfft_256pt_32bit_subtracter_67
INFO: [VRFC 10-311] analyzing module xfft_256pt_32bit_subtracter_68
INFO: [VRFC 10-311] analyzing module xfft_256pt_32bit_twgen_half_sincos
INFO: [VRFC 10-311] analyzing module xfft_256pt_32bit_twiddle_gen
INFO: [VRFC 10-311] analyzing module xfft_256pt_32bit_xfft_v9_1_8
INFO: [VRFC 10-311] analyzing module xfft_256pt_32bit_xfft_v9_1_8_c
INFO: [VRFC 10-311] analyzing module xfft_256pt_32bit_xfft_v9_1_8_core
INFO: [VRFC 10-311] analyzing module xfft_256pt_32bit_xfft_v9_1_8_mux_bus2
INFO: [VRFC 10-311] analyzing module xfft_256pt_32bit_xfft_v9_1_8_mux_bus2_206
INFO: [VRFC 10-311] analyzing module xfft_256pt_32bit_xfft_v9_1_8_mux_bus2_207
INFO: [VRFC 10-311] analyzing module xfft_256pt_32bit_xfft_v9_1_8_mux_bus2_208
INFO: [VRFC 10-311] analyzing module xfft_256pt_32bit_xfft_v9_1_8_mux_bus2__parameterized0
INFO: [VRFC 10-311] analyzing module xfft_256pt_32bit_xfft_v9_1_8_mux_bus2__parameterized0_0
INFO: [VRFC 10-311] analyzing module xfft_256pt_32bit_xfft_v9_1_8_mux_bus2__parameterized0_1
INFO: [VRFC 10-311] analyzing module xfft_256pt_32bit_xfft_v9_1_8_mux_bus2__parameterized0_143
INFO: [VRFC 10-311] analyzing module xfft_256pt_32bit_xfft_v9_1_8_mux_bus2__parameterized0_144
INFO: [VRFC 10-311] analyzing module xfft_256pt_32bit_xfft_v9_1_8_mux_bus2__parameterized0_145
INFO: [VRFC 10-311] analyzing module xfft_256pt_32bit_xfft_v9_1_8_mux_bus2__parameterized0_146
INFO: [VRFC 10-311] analyzing module xfft_256pt_32bit_xfft_v9_1_8_mux_bus2__parameterized0_2
INFO: [VRFC 10-311] analyzing module xfft_256pt_32bit_xfft_v9_1_8_mux_bus2__parameterized0_27
INFO: [VRFC 10-311] analyzing module xfft_256pt_32bit_xfft_v9_1_8_mux_bus2__parameterized0_28
INFO: [VRFC 10-311] analyzing module xfft_256pt_32bit_xfft_v9_1_8_mux_bus2__parameterized0_29
INFO: [VRFC 10-311] analyzing module xfft_256pt_32bit_xfft_v9_1_8_mux_bus2__parameterized0_30
INFO: [VRFC 10-311] analyzing module xfft_256pt_32bit_xfft_v9_1_8_mux_bus2__parameterized0_85
INFO: [VRFC 10-311] analyzing module xfft_256pt_32bit_xfft_v9_1_8_mux_bus2__parameterized0_86
INFO: [VRFC 10-311] analyzing module xfft_256pt_32bit_xfft_v9_1_8_mux_bus2__parameterized0_87
INFO: [VRFC 10-311] analyzing module xfft_256pt_32bit_xfft_v9_1_8_mux_bus2__parameterized0_88
INFO: [VRFC 10-311] analyzing module xfft_256pt_32bit_xfft_v9_1_8_mux_bus2__parameterized1
INFO: [VRFC 10-311] analyzing module xfft_256pt_32bit_xfft_v9_1_8_mux_bus2__parameterized1_149
INFO: [VRFC 10-311] analyzing module xfft_256pt_32bit_xfft_v9_1_8_mux_bus2__parameterized1_150
INFO: [VRFC 10-311] analyzing module xfft_256pt_32bit_xfft_v9_1_8_mux_bus2__parameterized1_33
INFO: [VRFC 10-311] analyzing module xfft_256pt_32bit_xfft_v9_1_8_mux_bus2__parameterized1_34
INFO: [VRFC 10-311] analyzing module xfft_256pt_32bit_xfft_v9_1_8_mux_bus2__parameterized1_4
INFO: [VRFC 10-311] analyzing module xfft_256pt_32bit_xfft_v9_1_8_mux_bus2__parameterized1_91
INFO: [VRFC 10-311] analyzing module xfft_256pt_32bit_xfft_v9_1_8_mux_bus2__parameterized1_92
INFO: [VRFC 10-311] analyzing module xfft_256pt_32bit_xfft_v9_1_8_viv
INFO: [VRFC 10-311] analyzing module xfft_256pt_32bit_xor_bit_gate
INFO: [VRFC 10-311] analyzing module xfft_256pt_32bit_xor_bit_gate_222
INFO: [VRFC 10-311] analyzing module xfft_256pt_32bit_xor_bit_gate__parameterized0
INFO: [VRFC 10-311] analyzing module glbl
INFO: [VRFC 10-2263] Analyzing Verilog file "C:/Users/myles/.Xilinx/Projects/BARTLETT/BARTLETT.srcs/sim_1/new/BARTLETT_tb.v" into library xil_defaultlib
INFO: [VRFC 10-311] analyzing module BARTLETT_tb
