INFO: [VRFC 10-2263] Analyzing Verilog file "/home/bigpi/AMD/Vivado/2022.2/Projects/SW9A-AcousticsFPGA/SW9A-AcousticsFPGA.sim/sim_1/synth/func/xsim/SW9_tb_func_synth.v" into library xil_defaultlib
INFO: [VRFC 10-311] analyzing module CDC_DRIVER
INFO: [VRFC 10-311] analyzing module CDC_DRIVER__xdcDup__1
INFO: [VRFC 10-311] analyzing module CDC_DRIVER__xdcDup__2
INFO: [VRFC 10-311] analyzing module CDC_DRIVER__xdcDup__3
INFO: [VRFC 10-311] analyzing module SIPO
INFO: [VRFC 10-311] analyzing module SPI
INFO: [VRFC 10-311] analyzing module SPI_DATAPATH
INFO: [VRFC 10-311] analyzing module SPI_WRAPPER
INFO: [VRFC 10-311] analyzing module SPI__xdcDup__1
INFO: [VRFC 10-311] analyzing module SPI__xdcDup__2
INFO: [VRFC 10-311] analyzing module SPI__xdcDup__3
INFO: [VRFC 10-311] analyzing module UART
INFO: [VRFC 10-311] analyzing module UART_TX
INFO: [VRFC 10-311] analyzing module UART_TX_CONTROLLER
INFO: [VRFC 10-311] analyzing module UART_TX_DATAPATH
INFO: [VRFC 10-311] analyzing module clk_div
INFO: [VRFC 10-311] analyzing module clk_wiz_0
INFO: [VRFC 10-311] analyzing module clk_wiz_0_clk_wiz
INFO: [VRFC 10-311] analyzing module top
INFO: [VRFC 10-311] analyzing module xpm_cdc_gray
INFO: [VRFC 10-311] analyzing module xpm_cdc_gray__2
INFO: [VRFC 10-311] analyzing module xpm_cdc_gray__parameterized0
INFO: [VRFC 10-311] analyzing module xpm_cdc_gray__parameterized0__2
INFO: [VRFC 10-311] analyzing module xpm_cdc_handshake
INFO: [VRFC 10-311] analyzing module xpm_cdc_handshake__xdcDup__1
INFO: [VRFC 10-311] analyzing module xpm_cdc_handshake__xdcDup__2
INFO: [VRFC 10-311] analyzing module xpm_cdc_handshake__xdcDup__3
INFO: [VRFC 10-311] analyzing module xpm_cdc_single
INFO: [VRFC 10-311] analyzing module xpm_cdc_single__10
INFO: [VRFC 10-311] analyzing module xpm_cdc_single__11
INFO: [VRFC 10-311] analyzing module xpm_cdc_single__12
INFO: [VRFC 10-311] analyzing module xpm_cdc_single__13
INFO: [VRFC 10-311] analyzing module xpm_cdc_single__14
INFO: [VRFC 10-311] analyzing module xpm_cdc_single__8
INFO: [VRFC 10-311] analyzing module xpm_cdc_single__9
INFO: [VRFC 10-311] analyzing module xpm_cdc_sync_rst
INFO: [VRFC 10-311] analyzing module xpm_cdc_sync_rst__2
INFO: [VRFC 10-311] analyzing module xpm_counter_updn
INFO: [VRFC 10-311] analyzing module xpm_counter_updn_2
INFO: [VRFC 10-311] analyzing module xpm_counter_updn__parameterized0
INFO: [VRFC 10-311] analyzing module xpm_counter_updn__parameterized0_3
INFO: [VRFC 10-311] analyzing module xpm_counter_updn__parameterized1
INFO: [VRFC 10-311] analyzing module xpm_fifo_async
INFO: [VRFC 10-311] analyzing module xpm_fifo_base
INFO: [VRFC 10-311] analyzing module xpm_fifo_reg_bit
INFO: [VRFC 10-311] analyzing module xpm_fifo_reg_vec
INFO: [VRFC 10-311] analyzing module xpm_fifo_reg_vec_0
INFO: [VRFC 10-311] analyzing module xpm_fifo_reg_vec__parameterized0
INFO: [VRFC 10-311] analyzing module xpm_fifo_reg_vec__parameterized0_1
INFO: [VRFC 10-311] analyzing module xpm_fifo_rst
INFO: [VRFC 10-311] analyzing module xpm_memory_base
INFO: [VRFC 10-311] analyzing module glbl
INFO: [VRFC 10-2263] Analyzing SystemVerilog file "/home/bigpi/AMD/Vivado/2022.2/Projects/SW9A-AcousticsFPGA/sim/Top_tb.sv" into library xil_defaultlib
INFO: [VRFC 10-311] analyzing module SW9_tb
