Copyright 1986-2022 Xilinx, Inc. All Rights Reserved.
------------------------------------------------------------------------------------
| Tool Version : Vivado v.2022.2 (win64) Build 3671981 Fri Oct 14 05:00:03 MDT 2022
| Date         : Sat Jan  3 00:53:00 2026
| Host         : AustinsPC running 64-bit major release  (build 9200)
| Command      : report_control_sets -verbose -file top_control_sets_placed.rpt
| Design       : top
| Device       : xc7a35t
------------------------------------------------------------------------------------

Control Set Information

Table of Contents
-----------------
1. Summary
2. Histogram
3. Flip-Flop Distribution
4. Detailed Control Set Information

1. Summary
----------

+----------------------------------------------------------+-------+
|                          Status                          | Count |
+----------------------------------------------------------+-------+
| Total control sets                                       |    96 |
|    Minimum number of control sets                        |    96 |
|    Addition due to synthesis replication                 |     0 |
|    Addition due to physical synthesis replication        |     0 |
| Unused register locations in slices containing registers |   188 |
+----------------------------------------------------------+-------+
* Control sets can be merged at opt_design using control_set_merge or merge_equivalent_drivers
** Run report_qor_suggestions for automated merging and remapping suggestions


2. Histogram
------------

+--------------------+-------+
|       Fanout       | Count |
+--------------------+-------+
| Total control sets |    96 |
| >= 0 to < 4        |     1 |
| >= 4 to < 6        |     7 |
| >= 6 to < 8        |     2 |
| >= 8 to < 10       |    26 |
| >= 10 to < 12      |     3 |
| >= 12 to < 14      |     3 |
| >= 14 to < 16      |     0 |
| >= 16              |    54 |
+--------------------+-------+
* Control sets can be remapped at either synth_design or opt_design


3. Flip-Flop Distribution
-------------------------

+--------------+-----------------------+------------------------+-----------------+--------------+
| Clock Enable | Synchronous Set/Reset | Asynchronous Set/Reset | Total Registers | Total Slices |
+--------------+-----------------------+------------------------+-----------------+--------------+
| No           | No                    | No                     |             490 |          106 |
| No           | No                    | Yes                    |             748 |          176 |
| No           | Yes                   | No                     |              84 |           33 |
| Yes          | No                    | No                     |            7803 |         1643 |
| Yes          | No                    | Yes                    |            1255 |          386 |
| Yes          | Yes                   | No                     |             608 |          145 |
+--------------+-----------------------+------------------------+-----------------+--------------+


4. Detailed Control Set Information
-----------------------------------

+-------------------------------+-----------------------------------------------------------------------------------------------------------------------------------------------------------------------------------------------+-------------------------------------------------------------------------------------------------------------------------------------------------------------------------------------+------------------+----------------+--------------+
|          Clock Signal         |                                                                                         Enable Signal                                                                                         |                                                                                   Set/Reset Signal                                                                                  | Slice Load Count | Bel Load Count | Bels / Slice |
+-------------------------------+-----------------------------------------------------------------------------------------------------------------------------------------------------------------------------------------------+-------------------------------------------------------------------------------------------------------------------------------------------------------------------------------------+------------------+----------------+--------------+
|  clk_wiz_inst/inst/SPI_clk_2x |                                                                                                                                                                                               |                                                                                                                                                                                     |                1 |              2 |         2.00 |
|  clk_IBUF_BUFG                | bartlett_inst/fft_max_inst/your_instance_name/U0/i_synth/axi_wrapper/i_ce_and_fwd_inv_we                                                                                                      | bartlett_inst/fft_max_inst/your_instance_name/U0/i_synth/axi_wrapper/sclr_w2c                                                                                                       |                1 |              4 |         4.00 |
|  clk_IBUF_BUFG                |                                                                                                                                                                                               | UART_inst/UART_TX_inst/MASTER_TO_UART/gnuram_async_fifo.xpm_fifo_base_inst/xpm_fifo_rst_inst/FSM_onehot_gen_rst_ic.curr_wrst_state[4]_i_1_n_0                                       |                2 |              4 |         2.00 |
|  clk_IBUF_BUFG                | bartlett_inst/fft_max_inst/your_instance_name/U0/i_synth/axi_wrapper/ce_rank_0                                                                                                                | bartlett_inst/fft_max_inst/your_instance_name/U0/i_synth/xfft_inst/non_floating_point.arch_b.xfft_inst/control/control/process_state_s_reg_0                                        |                2 |              4 |         2.00 |
|  clk_IBUF_BUFG                | bartlett_inst/fft_max_inst/your_instance_name/U0/i_synth/axi_wrapper/i_ce_and_ld_start_delayed                                                                                                |                                                                                                                                                                                     |                2 |              4 |         2.00 |
|  clk_IBUF_BUFG                | UART_inst/UART_RX_inst/UART_RX_CONTROLLER_inst/E[0]                                                                                                                                           | bartlett_inst/bartlett_time_domain_inst/p_theta_inst/real_accumulator_inst/reset_b                                                                                                  |                1 |              4 |         4.00 |
|  clk_IBUF_BUFG                | bartlett_inst/fft_max_inst/your_instance_name/U0/i_synth/axi_wrapper/config_channel_fifo/gen_non_real_time.data_in_fifo_pt1/wr_enable                                                         |                                                                                                                                                                                     |                1 |              4 |         4.00 |
|  clk_IBUF_BUFG                | bartlett_inst/bartlett_time_domain_inst/p_theta_inst/real_accumulator_inst/m_axis_tvalid_reg_0[0]                                                                                             | bartlett_inst/bartlett_time_domain_inst/p_theta_inst/real_accumulator_inst/reset_b                                                                                                  |                1 |              5 |         5.00 |
|  clk_IBUF_BUFG                | bartlett_inst/fft_max_inst/your_instance_name/U0/i_synth/xfft_inst/non_floating_point.arch_b.xfft_inst/control/control/processing_state/ce_pedelay                                            | bartlett_inst/fft_max_inst/your_instance_name/U0/i_synth/axi_wrapper/sclr_w2c                                                                                                       |                4 |              7 |         1.75 |
|  clk_IBUF_BUFG                | bartlett_inst/fft_max_inst/your_instance_name/U0/i_synth/xfft_inst/non_floating_point.arch_b.xfft_inst/control/control/processing_state/i_ce_rn_reg                                           | bartlett_inst/fft_max_inst/your_instance_name/U0/i_synth/xfft_inst/non_floating_point.arch_b.xfft_inst/control/control/loading_state/sclr_or_nfft_we_or_loading                     |                3 |              7 |         2.33 |
|  clk_IBUF_BUFG                | UART_TRANSACTION_HANDLER_inst/UART_RX_DECODER_inst/SIPO[2][7]_i_1_n_0                                                                                                                         | bartlett_inst/bartlett_time_domain_inst/p_theta_inst/real_accumulator_inst/reset_b                                                                                                  |                2 |              8 |         4.00 |
|  clk_IBUF_BUFG                | bartlett_inst/fft_max_inst/your_instance_name/U0/i_synth/axi_wrapper/ce_w2c                                                                                                                   | bartlett_inst/fft_max_inst/your_instance_name/U0/i_synth/axi_wrapper/sclr_w2c                                                                                                       |                3 |              8 |         2.67 |
|  clk_IBUF_BUFG                | bartlett_inst/fft_max_inst/your_instance_name/U0/i_synth/axi_wrapper/ce_w2c                                                                                                                   | bartlett_inst/fft_max_inst/your_instance_name/U0/i_synth/axi_wrapper/sclr_int_reg_0[0]                                                                                              |                2 |              8 |         4.00 |
|  clk_IBUF_BUFG                | RING_BUFFER_channel_4_inst/RING_BUFFER_CONTROLLER_inst/WRITE_CONTROLLER_inst/FSM_sequential_current_state_reg[0]_0[0]                                                                         | bartlett_inst/bartlett_time_domain_inst/p_theta_inst/real_accumulator_inst/reset_b                                                                                                  |                2 |              8 |         4.00 |
|  clk_IBUF_BUFG                | RING_BUFFER_channel_1_inst/RING_BUFFER_CONTROLLER_inst/HEAD_CONTROLLER_inst/E[0]                                                                                                              | bartlett_inst/bartlett_time_domain_inst/p_theta_inst/real_accumulator_inst/reset_b                                                                                                  |                3 |              8 |         2.67 |
|  clk_IBUF_BUFG                | RING_BUFFER_channel_1_inst/RING_BUFFER_CONTROLLER_inst/WRITE_CONTROLLER_inst/FSM_sequential_current_state_reg[0]_0[0]                                                                         | bartlett_inst/bartlett_time_domain_inst/p_theta_inst/real_accumulator_inst/reset_b                                                                                                  |                2 |              8 |         4.00 |
|  clk_IBUF_BUFG                | bartlett_config_controller_inst/E[2]                                                                                                                                                          | bartlett_inst/bartlett_time_domain_inst/p_theta_inst/real_accumulator_inst/reset_b                                                                                                  |                2 |              8 |         4.00 |
|  clk_IBUF_BUFG                | bartlett_config_controller_inst/E[1]                                                                                                                                                          | bartlett_inst/bartlett_time_domain_inst/p_theta_inst/real_accumulator_inst/reset_b                                                                                                  |                2 |              8 |         4.00 |
|  clk_IBUF_BUFG                | RING_BUFFER_channel_2_inst/RING_BUFFER_CONTROLLER_inst/HEAD_CONTROLLER_inst/E[0]                                                                                                              | bartlett_inst/bartlett_time_domain_inst/p_theta_inst/real_accumulator_inst/reset_b                                                                                                  |                2 |              8 |         4.00 |
|  clk_IBUF_BUFG                | RING_BUFFER_channel_2_inst/RING_BUFFER_CONTROLLER_inst/WRITE_CONTROLLER_inst/FSM_sequential_current_state_reg[0]_0[0]                                                                         | bartlett_inst/bartlett_time_domain_inst/p_theta_inst/real_accumulator_inst/reset_b                                                                                                  |                3 |              8 |         2.67 |
|  clk_IBUF_BUFG                | UART_TRANSACTION_HANDLER_inst/UART_RX_DECODER_inst/SIPO[1][7]_i_1_n_0                                                                                                                         | bartlett_inst/bartlett_time_domain_inst/p_theta_inst/real_accumulator_inst/reset_b                                                                                                  |                2 |              8 |         4.00 |
|  clk_IBUF_BUFG                | UART_TRANSACTION_HANDLER_inst/UART_RX_DECODER_inst/SIPO[3][7]_i_1_n_0                                                                                                                         | bartlett_inst/bartlett_time_domain_inst/p_theta_inst/real_accumulator_inst/reset_b                                                                                                  |                3 |              8 |         2.67 |
|  clk_IBUF_BUFG                | UART_TRANSACTION_HANDLER_inst/UART_RX_DECODER_inst/SIPO[0][7]_i_1_n_0                                                                                                                         | bartlett_inst/bartlett_time_domain_inst/p_theta_inst/real_accumulator_inst/reset_b                                                                                                  |                2 |              8 |         4.00 |
|  clk_IBUF_BUFG                | UART_TRANSACTION_HANDLER_inst/UART_RX_DECODER_inst/SIPO                                                                                                                                       | bartlett_inst/bartlett_time_domain_inst/p_theta_inst/real_accumulator_inst/reset_b                                                                                                  |                3 |              8 |         2.67 |
|  clk_IBUF_BUFG                | RING_BUFFER_channel_3_inst/RING_BUFFER_CONTROLLER_inst/WRITE_CONTROLLER_inst/FSM_sequential_current_state_reg[0]_0[0]                                                                         | bartlett_inst/bartlett_time_domain_inst/p_theta_inst/real_accumulator_inst/reset_b                                                                                                  |                2 |              8 |         4.00 |
|  clk_IBUF_BUFG                | RING_BUFFER_channel_3_inst/RING_BUFFER_CONTROLLER_inst/HEAD_CONTROLLER_inst/E[0]                                                                                                              | bartlett_inst/bartlett_time_domain_inst/p_theta_inst/real_accumulator_inst/reset_b                                                                                                  |                2 |              8 |         4.00 |
|  clk_IBUF_BUFG                | UART_inst/UART_RX_inst/UART_RX_DATAPATH_inst/BIT_COUNTER/E[0]                                                                                                                                 | bartlett_inst/bartlett_time_domain_inst/p_theta_inst/real_accumulator_inst/reset_b                                                                                                  |                2 |              8 |         4.00 |
|  clk_IBUF_BUFG                | bartlett_inst/fft_max_inst/your_instance_name/U0/i_synth/axi_wrapper/symbols_out_remaining[7]_i_1_n_129                                                                                       | bartlett_inst/fft_max_inst/your_instance_name/U0/i_synth/axi_wrapper/reset_pipe[1]                                                                                                  |                2 |              8 |         4.00 |
|  clk_IBUF_BUFG                | RING_BUFFER_channel_4_inst/RING_BUFFER_CONTROLLER_inst/HEAD_CONTROLLER_inst/E[0]                                                                                                              | bartlett_inst/bartlett_time_domain_inst/p_theta_inst/real_accumulator_inst/reset_b                                                                                                  |                2 |              8 |         4.00 |
|  clk_IBUF_BUFG                | bartlett_inst/fft_max_inst/your_instance_name/U0/i_synth/xfft_inst/non_floating_point.arch_b.xfft_inst/control/delay_line_for_ld_start/E[0]                                                   | bartlett_inst/fft_max_inst/your_instance_name/U0/i_synth/axi_wrapper/sclr_w2c                                                                                                       |                4 |              8 |         2.00 |
|  clk_IBUF_BUFG                | bartlett_inst/fft_max_inst/your_instance_name/U0/i_synth/axi_wrapper/ce_w2c                                                                                                                   | bartlett_inst/fft_max_inst/your_instance_name/U0/i_synth/xfft_inst/non_floating_point.arch_b.xfft_inst/control/delay_line_for_ld_start/gen_ce_non_real_time.ce_predicted_reg_rep[0] |                4 |              8 |         2.00 |
|  clk_IBUF_BUFG                |                                                                                                                                                                                               | UART_inst/UART_TX_inst/MASTER_TO_UART/gnuram_async_fifo.xpm_fifo_base_inst/xpm_fifo_rst_inst/wrst_busy                                                                              |                3 |              9 |         3.00 |
|  clk_wiz_inst/inst/UART_clk   | UART_inst/UART_TX_inst/UART_TX_DATAPATH_inst/count_val_register_reg[3]_0                                                                                                                      | bartlett_inst/bartlett_time_domain_inst/p_theta_inst/real_accumulator_inst/reset_b                                                                                                  |                2 |              9 |         4.50 |
|  clk_wiz_inst/inst/UART_clk   |                                                                                                                                                                                               | UART_inst/UART_TX_inst/MASTER_TO_UART/gnuram_async_fifo.xpm_fifo_base_inst/xpm_fifo_rst_inst/gen_rst_ic.fifo_rd_rst_ic_reg_0                                                        |                2 |              9 |         4.50 |
|  clk_wiz_inst/inst/UART_clk   | UART_inst/UART_TX_inst/UART_TX_CONTROLLER_inst/FSM_onehot_current_state_reg[2]_0[1]                                                                                                           | bartlett_inst/bartlett_time_domain_inst/p_theta_inst/real_accumulator_inst/reset_b                                                                                                  |                3 |              9 |         3.00 |
|  clk_IBUF_BUFG                | bartlett_inst/fft_max_inst/your_instance_name/U0/i_synth/axi_wrapper/ce_w2c                                                                                                                   | bartlett_inst/fft_max_inst/your_instance_name/U0/i_synth/axi_wrapper/reset_pipe[1]                                                                                                  |                4 |              9 |         2.25 |
|  clk_IBUF_BUFG                | bartlett_inst/fft_max_inst/your_instance_name/U0/i_synth/axi_wrapper/xn_index_counter_ce                                                                                                      | bartlett_inst/fft_max_inst/your_instance_name/U0/i_synth/axi_wrapper/sclr_w2c                                                                                                       |                3 |             10 |         3.33 |
|  clk_IBUF_BUFG                | bartlett_inst/fft_max_inst/your_instance_name/U0/i_synth/axi_wrapper/xk_index_counter_ce                                                                                                      | bartlett_inst/fft_max_inst/your_instance_name/U0/i_synth/axi_wrapper/sclr_w2c                                                                                                       |                3 |             10 |         3.33 |
|  clk_wiz_inst/inst/UART_clk   |                                                                                                                                                                                               | bartlett_inst/bartlett_time_domain_inst/p_theta_inst/real_accumulator_inst/reset_b                                                                                                  |                4 |             10 |         2.50 |
|  clk_IBUF_BUFG                |                                                                                                                                                                                               | bartlett_inst/bartlett_time_domain_inst/p_theta_inst/your_instance_name/U0/i_synth/i_has_aresetn.i_reg_reset/sclr_i                                                                 |                5 |             12 |         2.40 |
|  clk_IBUF_BUFG                |                                                                                                                                                                                               | bartlett_inst/bartlett_time_domain_inst/rxx_inst/your_instance_name/U0/i_synth/i_has_aresetn.i_reg_reset/sclr_i                                                                     |                5 |             12 |         2.40 |
|  clk_IBUF_BUFG                | bartlett_inst/bartlett_time_domain_inst/rxx_inst/your_instance_name/U0/i_synth/i_with_throttle.i_output_fifo/fifo0/not_afull                                                                  |                                                                                                                                                                                     |                2 |             12 |         6.00 |
|  clk_wiz_inst/inst/UART_clk   | UART_inst/UART_TX_inst/MASTER_TO_UART/gnuram_async_fifo.xpm_fifo_base_inst/rdp_inst/E[0]                                                                                                      | UART_inst/UART_TX_inst/MASTER_TO_UART/gnuram_async_fifo.xpm_fifo_base_inst/xpm_fifo_rst_inst/gen_rst_ic.fifo_rd_rst_ic_reg_0                                                        |                5 |             16 |         3.20 |
|  clk_IBUF_BUFG                | bartlett_inst/bartlett_time_domain_inst/p_theta_inst/your_instance_name/U0/i_synth/i_with_throttle.i_output_fifo/fifo0/not_afull                                                              |                                                                                                                                                                                     |                3 |             22 |         7.33 |
|  clk_IBUF_BUFG                | UART_inst/UART_TX_inst/MASTER_TO_UART/gnuram_async_fifo.xpm_fifo_base_inst/xpm_fifo_rst_inst/wr_pntr_plus1_pf_carry                                                                           | UART_inst/UART_TX_inst/MASTER_TO_UART/gnuram_async_fifo.xpm_fifo_base_inst/xpm_fifo_rst_inst/wrst_busy                                                                              |               10 |             24 |         2.40 |
|  clk_wiz_inst/inst/UART_clk   |                                                                                                                                                                                               |                                                                                                                                                                                     |                6 |             29 |         4.83 |
|  clk_IBUF_BUFG                | bartlett_config_controller_inst/E[0]                                                                                                                                                          | bartlett_inst/bartlett_time_domain_inst/p_theta_inst/real_accumulator_inst/reset_b                                                                                                  |                6 |             32 |         5.33 |
|  clk_IBUF_BUFG                | UART_TRANSACTION_HANDLER_inst/UART_RX_DECODER_inst/SIPO_reg[0][7]_2[0]                                                                                                                        | bartlett_inst/bartlett_time_domain_inst/p_theta_inst/real_accumulator_inst/reset_b                                                                                                  |                5 |             32 |         6.40 |
|  clk_IBUF_BUFG                | UART_TRANSACTION_HANDLER_inst/UART_RX_DECODER_inst/SIPO_reg[0][7]_3[0]                                                                                                                        | bartlett_inst/bartlett_time_domain_inst/p_theta_inst/real_accumulator_inst/reset_b                                                                                                  |                6 |             32 |         5.33 |
|  clk_IBUF_BUFG                | UART_TRANSACTION_HANDLER_inst/UART_RX_DECODER_inst/SIPO_reg[0][7]_4[0]                                                                                                                        | bartlett_inst/bartlett_time_domain_inst/p_theta_inst/real_accumulator_inst/reset_b                                                                                                  |                7 |             32 |         4.57 |
|  clk_IBUF_BUFG                | UART_TRANSACTION_HANDLER_inst/UART_RX_DECODER_inst/SIPO_reg[0][1]_0[0]                                                                                                                        | bartlett_inst/bartlett_time_domain_inst/p_theta_inst/real_accumulator_inst/reset_b                                                                                                  |                8 |             32 |         4.00 |
|  clk_IBUF_BUFG                | UART_TRANSACTION_HANDLER_inst/UART_RX_DECODER_inst/SIPO_reg[0][7]_0[0]                                                                                                                        | bartlett_inst/bartlett_time_domain_inst/p_theta_inst/real_accumulator_inst/reset_b                                                                                                  |               10 |             32 |         3.20 |
|  clk_IBUF_BUFG                | UART_TRANSACTION_HANDLER_inst/UART_RX_DECODER_inst/SIPO_reg[0][7]_1[0]                                                                                                                        | bartlett_inst/bartlett_time_domain_inst/p_theta_inst/real_accumulator_inst/reset_b                                                                                                  |                7 |             32 |         4.57 |
|  clk_IBUF_BUFG                | bartlett_inst/bartlett_time_domain_inst/rxx_inst/state_reg_0[0]                                                                                                                               | bartlett_inst/bartlett_time_domain_inst/p_theta_inst/real_accumulator_inst/reset_b                                                                                                  |               11 |             32 |         2.91 |
|  clk_IBUF_BUFG                | bartlett_inst/bartlett_time_domain_inst/rxx_inst/state_reg_1[0]                                                                                                                               | bartlett_inst/bartlett_time_domain_inst/p_theta_inst/real_accumulator_inst/reset_b                                                                                                  |                8 |             32 |         4.00 |
|  clk_IBUF_BUFG                | bartlett_inst/bartlett_time_domain_inst/rxx_inst/state_reg_10[0]                                                                                                                              | bartlett_inst/bartlett_time_domain_inst/p_theta_inst/real_accumulator_inst/reset_b                                                                                                  |               14 |             32 |         2.29 |
|  clk_IBUF_BUFG                | bartlett_inst/bartlett_time_domain_inst/rxx_inst/state_reg_12[0]                                                                                                                              | bartlett_inst/bartlett_time_domain_inst/p_theta_inst/real_accumulator_inst/reset_b                                                                                                  |               11 |             32 |         2.91 |
|  clk_IBUF_BUFG                | bartlett_inst/bartlett_time_domain_inst/rxx_inst/state_reg_13[0]                                                                                                                              | bartlett_inst/bartlett_time_domain_inst/p_theta_inst/real_accumulator_inst/reset_b                                                                                                  |               11 |             32 |         2.91 |
|  clk_IBUF_BUFG                | bartlett_inst/bartlett_time_domain_inst/rxx_inst/state_reg_14[0]                                                                                                                              | bartlett_inst/bartlett_time_domain_inst/p_theta_inst/real_accumulator_inst/reset_b                                                                                                  |               16 |             32 |         2.00 |
|  clk_IBUF_BUFG                | bartlett_inst/bartlett_time_domain_inst/p_theta_inst/real_accumulator_inst/m_axis_tvalid_reg_1[0]                                                                                             | bartlett_inst/bartlett_time_domain_inst/p_theta_inst/real_accumulator_inst/reset_b                                                                                                  |                7 |             32 |         4.57 |
|  clk_IBUF_BUFG                | bartlett_inst/bartlett_time_domain_inst/rxx_inst/state_reg_6[0]                                                                                                                               | bartlett_inst/bartlett_time_domain_inst/p_theta_inst/real_accumulator_inst/reset_b                                                                                                  |               10 |             32 |         3.20 |
|  clk_IBUF_BUFG                | bartlett_inst/bartlett_time_domain_inst/rxx_inst/state_reg_4[0]                                                                                                                               | bartlett_inst/bartlett_time_domain_inst/p_theta_inst/real_accumulator_inst/reset_b                                                                                                  |                7 |             32 |         4.57 |
|  clk_IBUF_BUFG                | bartlett_inst/bartlett_time_domain_inst/rxx_inst/state_reg_9[0]                                                                                                                               | bartlett_inst/bartlett_time_domain_inst/p_theta_inst/real_accumulator_inst/reset_b                                                                                                  |               11 |             32 |         2.91 |
|  clk_IBUF_BUFG                | bartlett_inst/bartlett_time_domain_inst/rxx_inst/state_reg_3[0]                                                                                                                               | bartlett_inst/bartlett_time_domain_inst/p_theta_inst/real_accumulator_inst/reset_b                                                                                                  |               12 |             32 |         2.67 |
|  clk_IBUF_BUFG                | bartlett_inst/bartlett_time_domain_inst/rxx_inst/state_reg_5[0]                                                                                                                               | bartlett_inst/bartlett_time_domain_inst/p_theta_inst/real_accumulator_inst/reset_b                                                                                                  |               12 |             32 |         2.67 |
|  clk_IBUF_BUFG                | bartlett_inst/bartlett_time_domain_inst/p_theta_inst/real_accumulator_inst/E[0]                                                                                                               | bartlett_inst/bartlett_time_domain_inst/p_theta_inst/real_accumulator_inst/reset_b                                                                                                  |                5 |             32 |         6.40 |
|  clk_IBUF_BUFG                | bartlett_inst/bartlett_time_domain_inst/rxx_inst/state_reg_7[0]                                                                                                                               | bartlett_inst/bartlett_time_domain_inst/p_theta_inst/real_accumulator_inst/reset_b                                                                                                  |                8 |             32 |         4.00 |
|  clk_IBUF_BUFG                | bartlett_inst/bartlett_time_domain_inst/rxx_inst/state_reg_8[0]                                                                                                                               | bartlett_inst/bartlett_time_domain_inst/p_theta_inst/real_accumulator_inst/reset_b                                                                                                  |                9 |             32 |         3.56 |
|  clk_IBUF_BUFG                | bartlett_inst/bartlett_time_domain_inst/rxx_inst/state_reg_11[0]                                                                                                                              | bartlett_inst/bartlett_time_domain_inst/p_theta_inst/real_accumulator_inst/reset_b                                                                                                  |               12 |             32 |         2.67 |
|  clk_IBUF_BUFG                | bartlett_inst/bartlett_time_domain_inst/rxx_inst/state_reg_15[0]                                                                                                                              | bartlett_inst/bartlett_time_domain_inst/p_theta_inst/real_accumulator_inst/reset_b                                                                                                  |                9 |             32 |         3.56 |
|  clk_IBUF_BUFG                | bartlett_inst/bartlett_time_domain_inst/rxx_inst/state_reg_2[0]                                                                                                                               | bartlett_inst/bartlett_time_domain_inst/p_theta_inst/real_accumulator_inst/reset_b                                                                                                  |                8 |             32 |         4.00 |
|  clk_IBUF_BUFG                | bartlett_inst/bartlett_time_domain_inst/rxx_inst/your_instance_name/U0/i_synth/i_with_throttle.i_has_2to1.i_2to1/p_6_in                                                                       |                                                                                                                                                                                     |                6 |             34 |         5.67 |
|  clk_IBUF_BUFG                | bartlett_inst/bartlett_time_domain_inst/rxx_inst/your_instance_name/U0/i_synth/i_with_throttle.i_has_2to1.i_2to1/reg1_b_wr                                                                    |                                                                                                                                                                                     |                8 |             34 |         4.25 |
|  clk_IBUF_BUFG                | bartlett_inst/bartlett_time_domain_inst/rxx_inst/your_instance_name/U0/i_synth/i_with_throttle.i_has_2to1.i_2to1/p_14_in                                                                      |                                                                                                                                                                                     |                8 |             35 |         4.38 |
|  clk_IBUF_BUFG                | bartlett_inst/bartlett_time_domain_inst/rxx_inst/your_instance_name/U0/i_synth/i_with_throttle.i_has_2to1.i_2to1/reg1_a_wr                                                                    |                                                                                                                                                                                     |                8 |             35 |         4.38 |
|  clk_IBUF_BUFG                | bartlett_inst/bartlett_time_domain_inst/p_theta_inst/your_instance_name/U0/i_synth/i_with_throttle.i_has_2to1.i_2to1/reg1_a_wr                                                                |                                                                                                                                                                                     |                5 |             36 |         7.20 |
|  clk_IBUF_BUFG                | bartlett_inst/bartlett_time_domain_inst/p_theta_inst/your_instance_name/U0/i_synth/i_with_throttle.i_has_2to1.i_2to1/p_14_in                                                                  |                                                                                                                                                                                     |                5 |             36 |         7.20 |
|  clk_IBUF_BUFG                | UART_TRANSACTION_HANDLER_inst/UART_RX_DECODER_inst/E[0]                                                                                                                                       | bartlett_inst/bartlett_time_domain_inst/p_theta_inst/real_accumulator_inst/reset_b                                                                                                  |               17 |             36 |         2.12 |
|  clk_IBUF_BUFG                | bartlett_inst/bartlett_time_domain_inst/rxx_inst/your_instance_name/U0/i_synth/i_nd_to_rdy/wr_enable                                                                                          |                                                                                                                                                                                     |                5 |             37 |         7.40 |
|  clk_IBUF_BUFG                | bartlett_inst/bartlett_time_domain_inst/p_theta_inst/real_accumulator_inst/valid_buf_reg[0]_5                                                                                                 | bartlett_inst/bartlett_time_domain_inst/p_theta_inst/real_accumulator_inst/reset_b                                                                                                  |                8 |             37 |         4.62 |
|  clk_IBUF_BUFG                | bartlett_inst/bartlett_time_domain_inst/p_theta_inst/your_instance_name/U0/i_synth/i_with_throttle.i_has_2to1.i_2to1/reg1_b_wr                                                                |                                                                                                                                                                                     |                9 |             38 |         4.22 |
|  clk_IBUF_BUFG                | bartlett_inst/bartlett_time_domain_inst/p_theta_inst/your_instance_name/U0/i_synth/i_with_throttle.i_has_2to1.i_2to1/p_6_in                                                                   |                                                                                                                                                                                     |                7 |             38 |         5.43 |
|  clk_IBUF_BUFG                |                                                                                                                                                                                               | bartlett_inst/fft_max_inst/your_instance_name/U0/i_synth/axi_wrapper/reset_pipe[1]                                                                                                  |               16 |             38 |         2.38 |
|  clk_IBUF_BUFG                | bartlett_inst/bartlett_time_domain_inst/p_theta_inst/your_instance_name/U0/i_synth/i_nd_to_rdy/wr_enable                                                                                      |                                                                                                                                                                                     |                6 |             42 |         7.00 |
|  clk_IBUF_BUFG                | bartlett_inst/bartlett_time_domain_inst/p_theta_inst/state                                                                                                                                    | bartlett_inst/bartlett_time_domain_inst/p_theta_inst/real_accumulator_inst/reset_b                                                                                                  |               51 |             65 |         1.27 |
|  clk_IBUF_BUFG                | bartlett_inst/bartlett_time_domain_inst/p_theta_inst/your_instance_name/U0/i_synth/i_with_throttle.i_output_fifo/fifo0/not_afull                                                              | bartlett_inst/bartlett_time_domain_inst/p_theta_inst/your_instance_name/U0/i_synth/i_has_aresetn.i_reg_reset/sclr_i                                                                 |               18 |             97 |         5.39 |
|  clk_IBUF_BUFG                | bartlett_inst/bartlett_time_domain_inst/rxx_inst/your_instance_name/U0/i_synth/i_with_throttle.i_output_fifo/fifo0/not_afull                                                                  | bartlett_inst/bartlett_time_domain_inst/rxx_inst/your_instance_name/U0/i_synth/i_has_aresetn.i_reg_reset/sclr_i                                                                     |               32 |            124 |         3.88 |
|  clk_IBUF_BUFG                | bartlett_inst/fft_max_inst/your_instance_name/U0/i_synth/axi_wrapper/data_in_channel_fifo/gen_non_real_time.data_in_fifo_pt1/E[0]                                                             | bartlett_inst/fft_max_inst/your_instance_name/U0/i_synth/axi_wrapper/reset_pipe[1]                                                                                                  |               23 |            128 |         5.57 |
|  clk_IBUF_BUFG                | bartlett_inst/fft_max_inst/your_instance_name/U0/i_synth/axi_wrapper/data_in_channel_fifo/gen_non_real_time.data_in_fifo_pt1/gen_non_real_time.gen_has_skid_buffer.data_out_reg_full_2_reg[0] | bartlett_inst/fft_max_inst/your_instance_name/U0/i_synth/axi_wrapper/reset_pipe[1]                                                                                                  |               22 |            128 |         5.82 |
|  clk_IBUF_BUFG                | bartlett_inst/fft_max_inst/your_instance_name/U0/i_synth/axi_wrapper/data_out_channel/gen_non_real_time.fifo_i_1__0_n_129                                                                     |                                                                                                                                                                                     |               18 |            137 |         7.61 |
|  clk_IBUF_BUFG                | bartlett_inst/fft_max_inst/your_instance_name/U0/i_synth/axi_wrapper/data_out_channel/gen_non_real_time.fifo/fifo0/rd_enable                                                                  |                                                                                                                                                                                     |               18 |            137 |         7.61 |
|  clk_IBUF_BUFG                | bartlett_inst/fft_max_inst/max_fft_bin_inst/maximum_magnitude[33]_i_1_n_0                                                                                                                     | bartlett_inst/bartlett_time_domain_inst/p_theta_inst/real_accumulator_inst/reset_b                                                                                                  |               37 |            162 |         4.38 |
|  clk_IBUF_BUFG                | bartlett_inst/fft_max_inst/your_instance_name/U0/i_synth/axi_wrapper/i_sw_en                                                                                                                  |                                                                                                                                                                                     |              147 |            512 |         3.48 |
|  clk_IBUF_BUFG                |                                                                                                                                                                                               |                                                                                                                                                                                     |               99 |            587 |         5.93 |
|  clk_IBUF_BUFG                |                                                                                                                                                                                               | bartlett_inst/bartlett_time_domain_inst/p_theta_inst/real_accumulator_inst/reset_b                                                                                                  |              172 |            738 |         4.29 |
|  clk_IBUF_BUFG                | bartlett_inst/fft_max_inst/your_instance_name/U0/i_synth/axi_wrapper/ce_w2c                                                                                                                   |                                                                                                                                                                                     |             1417 |           7181 |         5.07 |
+-------------------------------+-----------------------------------------------------------------------------------------------------------------------------------------------------------------------------------------------+-------------------------------------------------------------------------------------------------------------------------------------------------------------------------------------+------------------+----------------+--------------+


