Copyright 1986-2022 Xilinx, Inc. All Rights Reserved.
-------------------------------------------------------------------------------------------------------------------------------
| Tool Version     : Vivado v.2022.2 (win64) Build 3671981 Fri Oct 14 05:00:03 MDT 2022
| Date             : Sat Jan  3 00:55:14 2026
| Host             : AustinsPC running 64-bit major release  (build 9200)
| Command          : report_power -file top_power_routed.rpt -pb top_power_summary_routed.pb -rpx top_power_routed.rpx
| Design           : top
| Device           : xc7a35tcpg236-1
| Design State     : routed
| Grade            : commercial
| Process          : typical
| Characterization : Production
-------------------------------------------------------------------------------------------------------------------------------

Power Report

Table of Contents
-----------------
1. Summary
1.1 On-Chip Components
1.2 Power Supply Summary
1.3 Confidence Level
2. Settings
2.1 Environment
2.2 Clock Constraints
3. Detailed Reports
3.1 By Hierarchy

1. Summary
----------

+--------------------------+--------------+
| Total On-Chip Power (W)  | 0.365        |
| Design Power Budget (W)  | Unspecified* |
| Power Budget Margin (W)  | NA           |
| Dynamic (W)              | 0.294        |
| Device Static (W)        | 0.072        |
| Effective TJA (C/W)      | 5.0          |
| Max Ambient (C)          | 83.2         |
| Junction Temperature (C) | 26.8         |
| Confidence Level         | Low          |
| Setting File             | ---          |
| Simulation Activity File | ---          |
| Design Nets Matched      | NA           |
+--------------------------+--------------+
* Specify Design Power Budget using, set_operating_conditions -design_power_budget <value in Watts>


1.1 On-Chip Components
----------------------

+-------------------------+-----------+----------+-----------+-----------------+
| On-Chip                 | Power (W) | Used     | Available | Utilization (%) |
+-------------------------+-----------+----------+-----------+-----------------+
| Clocks                  |     0.031 |        6 |       --- |             --- |
| Slice Logic             |     0.037 |    20107 |       --- |             --- |
|   LUT as Logic          |     0.029 |     5451 |     20800 |           26.21 |
|   Register              |     0.004 |    10988 |     41600 |           26.41 |
|   CARRY4                |     0.003 |      535 |      8150 |            6.56 |
|   LUT as Shift Register |    <0.001 |      374 |      9600 |            3.90 |
|   Others                |     0.000 |     1180 |       --- |             --- |
| Signals                 |     0.056 |    14329 |       --- |             --- |
| Block RAM               |     0.034 |       14 |        50 |           28.00 |
| MMCM                    |     0.090 |        1 |         5 |           20.00 |
| DSPs                    |     0.046 |       43 |        90 |           47.78 |
| I/O                     |    <0.001 |       20 |       106 |           18.87 |
| Static Power            |     0.072 |          |           |                 |
| Total                   |     0.365 |          |           |                 |
+-------------------------+-----------+----------+-----------+-----------------+


1.2 Power Supply Summary
------------------------

+-----------+-------------+-----------+-------------+------------+-------------+-------------+------------+
| Source    | Voltage (V) | Total (A) | Dynamic (A) | Static (A) | Powerup (A) | Budget (A)  | Margin (A) |
+-----------+-------------+-----------+-------------+------------+-------------+-------------+------------+
| Vccint    |       1.000 |     0.213 |       0.202 |      0.011 |       NA    | Unspecified | NA         |
| Vccaux    |       1.800 |     0.063 |       0.050 |      0.013 |       NA    | Unspecified | NA         |
| Vcco33    |       3.300 |     0.000 |       0.000 |      0.000 |       NA    | Unspecified | NA         |
| Vcco25    |       2.500 |     0.000 |       0.000 |      0.000 |       NA    | Unspecified | NA         |
| Vcco18    |       1.800 |     0.001 |       0.000 |      0.001 |       NA    | Unspecified | NA         |
| Vcco15    |       1.500 |     0.000 |       0.000 |      0.000 |       NA    | Unspecified | NA         |
| Vcco135   |       1.350 |     0.000 |       0.000 |      0.000 |       NA    | Unspecified | NA         |
| Vcco12    |       1.200 |     0.000 |       0.000 |      0.000 |       NA    | Unspecified | NA         |
| Vccaux_io |       1.800 |     0.000 |       0.000 |      0.000 |       NA    | Unspecified | NA         |
| Vccbram   |       1.000 |     0.002 |       0.002 |      0.001 |       NA    | Unspecified | NA         |
| MGTAVcc   |       1.000 |     0.000 |       0.000 |      0.000 |       NA    | Unspecified | NA         |
| MGTAVtt   |       1.200 |     0.000 |       0.000 |      0.000 |       NA    | Unspecified | NA         |
| Vccadc    |       1.800 |     0.020 |       0.000 |      0.020 |       NA    | Unspecified | NA         |
+-----------+-------------+-----------+-------------+------------+-------------+-------------+------------+


1.3 Confidence Level
--------------------

+-----------------------------+------------+--------------------------------------------------------+------------------------------------------------------------------------------------------------------------+
| User Input Data             | Confidence | Details                                                | Action                                                                                                     |
+-----------------------------+------------+--------------------------------------------------------+------------------------------------------------------------------------------------------------------------+
| Design implementation state | High       | Design is routed                                       |                                                                                                            |
| Clock nodes activity        | High       | User specified more than 95% of clocks                 |                                                                                                            |
| I/O nodes activity          | Low        | More than 75% of inputs are missing user specification | Provide missing input activity with simulation results or by editing the "By Resource Type -> I/Os" view   |
| Internal nodes activity     | Medium     | User specified less than 25% of internal nodes         | Provide missing internal nodes activity with simulation results or by editing the "By Resource Type" views |
| Device models               | High       | Device models are Production                           |                                                                                                            |
|                             |            |                                                        |                                                                                                            |
| Overall confidence level    | Low        |                                                        |                                                                                                            |
+-----------------------------+------------+--------------------------------------------------------+------------------------------------------------------------------------------------------------------------+


2. Settings
-----------

2.1 Environment
---------------

+-----------------------+--------------------------+
| Ambient Temp (C)      | 25.0                     |
| ThetaJA (C/W)         | 5.0                      |
| Airflow (LFM)         | 250                      |
| Heat Sink             | medium (Medium Profile)  |
| ThetaSA (C/W)         | 4.6                      |
| Board Selection       | medium (10"x10")         |
| # of Board Layers     | 12to15 (12 to 15 Layers) |
| Board Temperature (C) | 25.0                     |
+-----------------------+--------------------------+


2.2 Clock Constraints
---------------------

+---------------------------+----------------------------------------+-----------------+
| Clock                     | Domain                                 | Constraint (ns) |
+---------------------------+----------------------------------------+-----------------+
| SPI_clk_2x_clk_wiz_0      | clk_wiz_inst/inst/SPI_clk_2x_clk_wiz_0 |           166.7 |
| UART_clk_clk_wiz_0        | clk_wiz_inst/inst/UART_clk_clk_wiz_0   |           173.6 |
| clk_wiz_inst/inst/clk_in1 | clk_IBUF_BUFG                          |            10.0 |
| clkfbout_clk_wiz_0        | clk_wiz_inst/inst/clkfbout_clk_wiz_0   |            50.0 |
+---------------------------+----------------------------------------+-----------------+


3. Detailed Reports
-------------------

3.1 By Hierarchy
----------------

+-------------------------------+-----------+
| Name                          | Power (W) |
+-------------------------------+-----------+
| top                           |     0.294 |
|   RING_BUFFER_channel_1_inst  |     0.002 |
|     RING_BUFFER_DATAPATH_inst |     0.002 |
|       RING_BUFFER_RAM_inst    |     0.002 |
|   RING_BUFFER_channel_2_inst  |     0.002 |
|     RING_BUFFER_DATAPATH_inst |     0.002 |
|       RING_BUFFER_RAM_inst    |     0.002 |
|   RING_BUFFER_channel_3_inst  |     0.002 |
|     RING_BUFFER_DATAPATH_inst |     0.002 |
|       RING_BUFFER_RAM_inst    |     0.002 |
|   RING_BUFFER_channel_4_inst  |     0.002 |
|     RING_BUFFER_DATAPATH_inst |     0.002 |
|       RING_BUFFER_RAM_inst    |     0.002 |
|   UART_inst                   |     0.001 |
|     UART_TX_inst              |     0.001 |
|       MASTER_TO_UART          |     0.001 |
|   bartlett_inst               |     0.193 |
|     bartlett_time_domain_inst |     0.009 |
|       p_theta_inst            |     0.007 |
|       rxx_inst                |     0.002 |
|     fft_max_inst              |     0.182 |
|       max_fft_bin_inst        |     0.003 |
|       your_instance_name      |     0.180 |
|   clk_wiz_inst                |     0.090 |
|     inst                      |     0.090 |
+-------------------------------+-----------+


