
*** Running vivado
    with args -log clk_wiz_0.vds -m64 -product Vivado -mode batch -messageDb vivado.pb -notrace -source clk_wiz_0.tcl


****** Vivado v2022.2 (64-bit)
  **** SW Build 3671981 on Fri Oct 14 04:59:54 MDT 2022
  **** IP Build 3669848 on Fri Oct 14 08:30:02 MDT 2022
    ** Copyright 1986-2022 Xilinx, Inc. All Rights Reserved.

source clk_wiz_0.tcl -notrace
create_project: Time (s): cpu = 00:00:07 ; elapsed = 00:00:07 . Memory (MB): peak = 1545.020 ; gain = 0.020 ; free physical = 855 ; free virtual = 13940
INFO: [IP_Flow 19-6924] IPCACHE: Running cache check for IP inst: clk_wiz_0
Command: synth_design -top clk_wiz_0 -part xc7a35tcpg236-1 -incremental_mode off -mode out_of_context
Starting synth_design
Attempting to get a license for feature 'Synthesis' and/or device 'xc7a35t'
INFO: [Common 17-349] Got license for feature 'Synthesis' and/or device 'xc7a35t'
INFO: [Device 21-403] Loading part xc7a35tcpg236-1
INFO: [Synth 8-7079] Multithreading enabled for synth_design using a maximum of 4 processes.
INFO: [Synth 8-7078] Launching helper process for spawning children vivado processes
INFO: [Synth 8-7075] Helper process launched with PID 31250
INFO: [Synth 8-11241] undeclared symbol 'REGCCE', assumed default net type 'wire' [/home/bigpi/AMD/Vivado/2022.2/data/verilog/src/unimacro/BRAM_SINGLE_MACRO.v:2170]
---------------------------------------------------------------------------------
Starting RTL Elaboration : Time (s): cpu = 00:00:06 ; elapsed = 00:00:07 . Memory (MB): peak = 2167.109 ; gain = 371.770 ; free physical = 320 ; free virtual = 13109
Synthesis current peak Physical Memory [PSS] (MB): peak = 1374.154; parent = 1169.977; children = 204.178
Synthesis current peak Virtual Memory [VSS] (MB): peak = 3793.418; parent = 2170.082; children = 1623.336
---------------------------------------------------------------------------------
INFO: [Synth 8-6157] synthesizing module 'clk_wiz_0' [/home/bigpi/AMD/Vivado/2022.2/Projects/SW9A-AcousticsFPGA/SW9A-AcousticsFPGA.gen/sources_1/ip/clk_wiz_0/clk_wiz_0.v:69]
INFO: [Synth 8-6157] synthesizing module 'clk_wiz_0_clk_wiz' [/home/bigpi/AMD/Vivado/2022.2/Projects/SW9A-AcousticsFPGA/SW9A-AcousticsFPGA.gen/sources_1/ip/clk_wiz_0/clk_wiz_0_clk_wiz.v:69]
INFO: [Synth 8-6157] synthesizing module 'IBUF' [/home/bigpi/AMD/Vivado/2022.2/scripts/rt/data/unisim_comp.v:71326]
INFO: [Synth 8-6155] done synthesizing module 'IBUF' (0#1) [/home/bigpi/AMD/Vivado/2022.2/scripts/rt/data/unisim_comp.v:71326]
INFO: [Synth 8-6157] synthesizing module 'MMCME2_ADV' [/home/bigpi/AMD/Vivado/2022.2/scripts/rt/data/unisim_comp.v:79852]
	Parameter BANDWIDTH bound to: OPTIMIZED - type: string 
	Parameter CLKFBOUT_MULT_F bound to: 36.000000 - type: double 
	Parameter CLKFBOUT_PHASE bound to: 0.000000 - type: double 
	Parameter CLKFBOUT_USE_FINE_PS bound to: FALSE - type: string 
	Parameter CLKIN1_PERIOD bound to: 10.000000 - type: double 
	Parameter CLKOUT0_DIVIDE_F bound to: 125.000000 - type: double 
	Parameter CLKOUT0_DUTY_CYCLE bound to: 0.500000 - type: double 
	Parameter CLKOUT0_PHASE bound to: 0.000000 - type: double 
	Parameter CLKOUT0_USE_FINE_PS bound to: FALSE - type: string 
	Parameter CLKOUT1_DIVIDE bound to: 120 - type: integer 
	Parameter CLKOUT1_DUTY_CYCLE bound to: 0.500000 - type: double 
	Parameter CLKOUT1_PHASE bound to: 0.000000 - type: double 
	Parameter CLKOUT1_USE_FINE_PS bound to: FALSE - type: string 
	Parameter CLKOUT4_CASCADE bound to: FALSE - type: string 
	Parameter COMPENSATION bound to: ZHOLD - type: string 
	Parameter DIVCLK_DIVIDE bound to: 5 - type: integer 
	Parameter STARTUP_WAIT bound to: FALSE - type: string 
INFO: [Synth 8-6155] done synthesizing module 'MMCME2_ADV' (0#1) [/home/bigpi/AMD/Vivado/2022.2/scripts/rt/data/unisim_comp.v:79852]
INFO: [Synth 8-6157] synthesizing module 'BUFG' [/home/bigpi/AMD/Vivado/2022.2/scripts/rt/data/unisim_comp.v:1082]
INFO: [Synth 8-6155] done synthesizing module 'BUFG' (0#1) [/home/bigpi/AMD/Vivado/2022.2/scripts/rt/data/unisim_comp.v:1082]
INFO: [Synth 8-6155] done synthesizing module 'clk_wiz_0_clk_wiz' (0#1) [/home/bigpi/AMD/Vivado/2022.2/Projects/SW9A-AcousticsFPGA/SW9A-AcousticsFPGA.gen/sources_1/ip/clk_wiz_0/clk_wiz_0_clk_wiz.v:69]
INFO: [Synth 8-6155] done synthesizing module 'clk_wiz_0' (0#1) [/home/bigpi/AMD/Vivado/2022.2/Projects/SW9A-AcousticsFPGA/SW9A-AcousticsFPGA.gen/sources_1/ip/clk_wiz_0/clk_wiz_0.v:69]
---------------------------------------------------------------------------------
Finished RTL Elaboration : Time (s): cpu = 00:00:08 ; elapsed = 00:00:09 . Memory (MB): peak = 2235.047 ; gain = 439.707 ; free physical = 376 ; free virtual = 13152
Synthesis current peak Physical Memory [PSS] (MB): peak = 1374.154; parent = 1169.977; children = 204.444
Synthesis current peak Virtual Memory [VSS] (MB): peak = 3858.387; parent = 2235.051; children = 1623.336
---------------------------------------------------------------------------------
---------------------------------------------------------------------------------
Start Handling Custom Attributes
---------------------------------------------------------------------------------
---------------------------------------------------------------------------------
Finished Handling Custom Attributes : Time (s): cpu = 00:00:08 ; elapsed = 00:00:09 . Memory (MB): peak = 2252.859 ; gain = 457.520 ; free physical = 373 ; free virtual = 13149
Synthesis current peak Physical Memory [PSS] (MB): peak = 1374.154; parent = 1169.977; children = 204.444
Synthesis current peak Virtual Memory [VSS] (MB): peak = 3876.199; parent = 2252.863; children = 1623.336
---------------------------------------------------------------------------------
---------------------------------------------------------------------------------
Finished RTL Optimization Phase 1 : Time (s): cpu = 00:00:08 ; elapsed = 00:00:09 . Memory (MB): peak = 2252.859 ; gain = 457.520 ; free physical = 373 ; free virtual = 13149
Synthesis current peak Physical Memory [PSS] (MB): peak = 1374.154; parent = 1169.977; children = 204.444
Synthesis current peak Virtual Memory [VSS] (MB): peak = 3876.199; parent = 2252.863; children = 1623.336
---------------------------------------------------------------------------------
Netlist sorting complete. Time (s): cpu = 00:00:00 ; elapsed = 00:00:00 . Memory (MB): peak = 2258.797 ; gain = 0.000 ; free physical = 369 ; free virtual = 13145
INFO: [Netlist 29-17] Analyzing 1 Unisim elements for replacement
INFO: [Netlist 29-28] Unisim Transformation completed in 0 CPU seconds
INFO: [Project 1-570] Preparing netlist for logic optimization

Processing XDC Constraints
Initializing timing engine
Parsing XDC File [/home/bigpi/AMD/Vivado/2022.2/Projects/SW9A-AcousticsFPGA/SW9A-AcousticsFPGA.gen/sources_1/ip/clk_wiz_0/clk_wiz_0_ooc.xdc] for cell 'inst'
Finished Parsing XDC File [/home/bigpi/AMD/Vivado/2022.2/Projects/SW9A-AcousticsFPGA/SW9A-AcousticsFPGA.gen/sources_1/ip/clk_wiz_0/clk_wiz_0_ooc.xdc] for cell 'inst'
Parsing XDC File [/home/bigpi/AMD/Vivado/2022.2/Projects/SW9A-AcousticsFPGA/SW9A-AcousticsFPGA.gen/sources_1/ip/clk_wiz_0/clk_wiz_0_board.xdc] for cell 'inst'
Finished Parsing XDC File [/home/bigpi/AMD/Vivado/2022.2/Projects/SW9A-AcousticsFPGA/SW9A-AcousticsFPGA.gen/sources_1/ip/clk_wiz_0/clk_wiz_0_board.xdc] for cell 'inst'
Parsing XDC File [/home/bigpi/AMD/Vivado/2022.2/Projects/SW9A-AcousticsFPGA/SW9A-AcousticsFPGA.gen/sources_1/ip/clk_wiz_0/clk_wiz_0.xdc] for cell 'inst'
Finished Parsing XDC File [/home/bigpi/AMD/Vivado/2022.2/Projects/SW9A-AcousticsFPGA/SW9A-AcousticsFPGA.gen/sources_1/ip/clk_wiz_0/clk_wiz_0.xdc] for cell 'inst'
INFO: [Project 1-236] Implementation specific constraints were found while reading constraint file [/home/bigpi/AMD/Vivado/2022.2/Projects/SW9A-AcousticsFPGA/SW9A-AcousticsFPGA.gen/sources_1/ip/clk_wiz_0/clk_wiz_0.xdc]. These constraints will be ignored for synthesis but will be used in implementation. Impacted constraints are listed in the file [.Xil/clk_wiz_0_propImpl.xdc].
Resolution: To avoid this warning, move constraints listed in [.Xil/clk_wiz_0_propImpl.xdc] to another XDC file and exclude this new file from synthesis with the used_in_synthesis property (File Properties dialog in GUI) and re-run elaboration/synthesis.
INFO: [Timing 38-2] Deriving generated clocks
Parsing XDC File [/home/bigpi/AMD/Vivado/2022.2/Projects/SW9A-AcousticsFPGA/SW9A-AcousticsFPGA.runs/clk_wiz_0_synth_1/dont_touch.xdc]
Finished Parsing XDC File [/home/bigpi/AMD/Vivado/2022.2/Projects/SW9A-AcousticsFPGA/SW9A-AcousticsFPGA.runs/clk_wiz_0_synth_1/dont_touch.xdc]
Completed Processing XDC Constraints

Netlist sorting complete. Time (s): cpu = 00:00:00 ; elapsed = 00:00:00 . Memory (MB): peak = 2332.734 ; gain = 0.000 ; free physical = 268 ; free virtual = 13043
INFO: [Project 1-111] Unisim Transformation Summary:
No Unisim elements were transformed.

Constraint Validation Runtime : Time (s): cpu = 00:00:00.01 ; elapsed = 00:00:00.01 . Memory (MB): peak = 2332.734 ; gain = 0.000 ; free physical = 268 ; free virtual = 13043
INFO: [Designutils 20-5008] Incremental synthesis strategy off
INFO: [Synth 8-11241] undeclared symbol 'REGCCE', assumed default net type 'wire' [/home/bigpi/AMD/Vivado/2022.2/data/verilog/src/unimacro/BRAM_SINGLE_MACRO.v:2170]
---------------------------------------------------------------------------------
Finished Constraint Validation : Time (s): cpu = 00:00:16 ; elapsed = 00:00:18 . Memory (MB): peak = 2332.734 ; gain = 537.395 ; free physical = 390 ; free virtual = 13171
Synthesis current peak Physical Memory [PSS] (MB): peak = 1374.154; parent = 1169.977; children = 205.175
Synthesis current peak Virtual Memory [VSS] (MB): peak = 3924.059; parent = 2300.723; children = 1623.336
---------------------------------------------------------------------------------
---------------------------------------------------------------------------------
Start Loading Part and Timing Information
---------------------------------------------------------------------------------
Loading part: xc7a35tcpg236-1
---------------------------------------------------------------------------------
Finished Loading Part and Timing Information : Time (s): cpu = 00:00:16 ; elapsed = 00:00:18 . Memory (MB): peak = 2332.734 ; gain = 537.395 ; free physical = 395 ; free virtual = 13175
Synthesis current peak Physical Memory [PSS] (MB): peak = 1374.154; parent = 1169.977; children = 205.175
Synthesis current peak Virtual Memory [VSS] (MB): peak = 3924.059; parent = 2300.723; children = 1623.336
---------------------------------------------------------------------------------
---------------------------------------------------------------------------------
Start Applying 'set_property' XDC Constraints
---------------------------------------------------------------------------------
Applied set_property KEEP_HIERARCHY = SOFT for inst. (constraint file  /home/bigpi/AMD/Vivado/2022.2/Projects/SW9A-AcousticsFPGA/SW9A-AcousticsFPGA.runs/clk_wiz_0_synth_1/dont_touch.xdc, line 9).
---------------------------------------------------------------------------------
Finished applying 'set_property' XDC Constraints : Time (s): cpu = 00:00:16 ; elapsed = 00:00:18 . Memory (MB): peak = 2332.734 ; gain = 537.395 ; free physical = 385 ; free virtual = 13161
Synthesis current peak Physical Memory [PSS] (MB): peak = 1374.154; parent = 1169.977; children = 205.175
Synthesis current peak Virtual Memory [VSS] (MB): peak = 3924.059; parent = 2300.723; children = 1623.336
---------------------------------------------------------------------------------
---------------------------------------------------------------------------------
Finished RTL Optimization Phase 2 : Time (s): cpu = 00:00:16 ; elapsed = 00:00:18 . Memory (MB): peak = 2332.734 ; gain = 537.395 ; free physical = 401 ; free virtual = 13178
Synthesis current peak Physical Memory [PSS] (MB): peak = 1374.154; parent = 1169.977; children = 205.175
Synthesis current peak Virtual Memory [VSS] (MB): peak = 3924.059; parent = 2300.723; children = 1623.336
---------------------------------------------------------------------------------
---------------------------------------------------------------------------------
Start RTL Component Statistics 
---------------------------------------------------------------------------------
Detailed RTL Component Info : 
---------------------------------------------------------------------------------
Finished RTL Component Statistics 
---------------------------------------------------------------------------------
---------------------------------------------------------------------------------
Start Part Resource Summary
---------------------------------------------------------------------------------
Part Resources:
DSPs: 90 (col length:60)
BRAMs: 100 (col length: RAMB18 60 RAMB36 30)
---------------------------------------------------------------------------------
Finished Part Resource Summary
---------------------------------------------------------------------------------
---------------------------------------------------------------------------------
Start Cross Boundary and Area Optimization
---------------------------------------------------------------------------------
WARNING: [Synth 8-7080] Parallel synthesis criteria is not met
---------------------------------------------------------------------------------
Finished Cross Boundary and Area Optimization : Time (s): cpu = 00:00:18 ; elapsed = 00:00:20 . Memory (MB): peak = 2332.734 ; gain = 537.395 ; free physical = 417 ; free virtual = 13199
Synthesis current peak Physical Memory [PSS] (MB): peak = 1374.154; parent = 1169.977; children = 205.175
Synthesis current peak Virtual Memory [VSS] (MB): peak = 3924.059; parent = 2300.723; children = 1623.336
---------------------------------------------------------------------------------
---------------------------------------------------------------------------------
Start Applying XDC Timing Constraints
---------------------------------------------------------------------------------
---------------------------------------------------------------------------------
Finished Applying XDC Timing Constraints : Time (s): cpu = 00:00:24 ; elapsed = 00:00:26 . Memory (MB): peak = 2332.734 ; gain = 537.395 ; free physical = 330 ; free virtual = 13113
Synthesis current peak Physical Memory [PSS] (MB): peak = 1458.215; parent = 1253.071; children = 205.175
Synthesis current peak Virtual Memory [VSS] (MB): peak = 3924.059; parent = 2300.723; children = 1623.336
---------------------------------------------------------------------------------
---------------------------------------------------------------------------------
Start Timing Optimization
---------------------------------------------------------------------------------
---------------------------------------------------------------------------------
Finished Timing Optimization : Time (s): cpu = 00:00:24 ; elapsed = 00:00:26 . Memory (MB): peak = 2332.734 ; gain = 537.395 ; free physical = 330 ; free virtual = 13113
Synthesis current peak Physical Memory [PSS] (MB): peak = 1458.402; parent = 1253.259; children = 205.175
Synthesis current peak Virtual Memory [VSS] (MB): peak = 3924.059; parent = 2300.723; children = 1623.336
---------------------------------------------------------------------------------
---------------------------------------------------------------------------------
Start Technology Mapping
---------------------------------------------------------------------------------
---------------------------------------------------------------------------------
Finished Technology Mapping : Time (s): cpu = 00:00:24 ; elapsed = 00:00:26 . Memory (MB): peak = 2332.734 ; gain = 537.395 ; free physical = 314 ; free virtual = 13098
Synthesis current peak Physical Memory [PSS] (MB): peak = 1458.758; parent = 1253.614; children = 205.175
Synthesis current peak Virtual Memory [VSS] (MB): peak = 3924.059; parent = 2300.723; children = 1623.336
---------------------------------------------------------------------------------
---------------------------------------------------------------------------------
Start IO Insertion
---------------------------------------------------------------------------------
---------------------------------------------------------------------------------
Start Flattening Before IO Insertion
---------------------------------------------------------------------------------
---------------------------------------------------------------------------------
Finished Flattening Before IO Insertion
---------------------------------------------------------------------------------
---------------------------------------------------------------------------------
Start Final Netlist Cleanup
---------------------------------------------------------------------------------
---------------------------------------------------------------------------------
Finished Final Netlist Cleanup
---------------------------------------------------------------------------------
---------------------------------------------------------------------------------
Finished IO Insertion : Time (s): cpu = 00:00:27 ; elapsed = 00:00:29 . Memory (MB): peak = 2332.734 ; gain = 537.395 ; free physical = 334 ; free virtual = 13115
Synthesis current peak Physical Memory [PSS] (MB): peak = 1458.922; parent = 1253.778; children = 205.175
Synthesis current peak Virtual Memory [VSS] (MB): peak = 3924.059; parent = 2300.723; children = 1623.336
---------------------------------------------------------------------------------
---------------------------------------------------------------------------------
Start Renaming Generated Instances
---------------------------------------------------------------------------------
---------------------------------------------------------------------------------
Finished Renaming Generated Instances : Time (s): cpu = 00:00:27 ; elapsed = 00:00:29 . Memory (MB): peak = 2332.734 ; gain = 537.395 ; free physical = 334 ; free virtual = 13115
Synthesis current peak Physical Memory [PSS] (MB): peak = 1458.938; parent = 1253.794; children = 205.175
Synthesis current peak Virtual Memory [VSS] (MB): peak = 3924.059; parent = 2300.723; children = 1623.336
---------------------------------------------------------------------------------
---------------------------------------------------------------------------------
Start Rebuilding User Hierarchy
---------------------------------------------------------------------------------
---------------------------------------------------------------------------------
Finished Rebuilding User Hierarchy : Time (s): cpu = 00:00:27 ; elapsed = 00:00:29 . Memory (MB): peak = 2332.734 ; gain = 537.395 ; free physical = 334 ; free virtual = 13114
Synthesis current peak Physical Memory [PSS] (MB): peak = 1458.953; parent = 1253.810; children = 205.175
Synthesis current peak Virtual Memory [VSS] (MB): peak = 3924.059; parent = 2300.723; children = 1623.336
---------------------------------------------------------------------------------
---------------------------------------------------------------------------------
Start Renaming Generated Ports
---------------------------------------------------------------------------------
---------------------------------------------------------------------------------
Finished Renaming Generated Ports : Time (s): cpu = 00:00:27 ; elapsed = 00:00:29 . Memory (MB): peak = 2332.734 ; gain = 537.395 ; free physical = 334 ; free virtual = 13114
Synthesis current peak Physical Memory [PSS] (MB): peak = 1459.016; parent = 1253.872; children = 205.175
Synthesis current peak Virtual Memory [VSS] (MB): peak = 3924.059; parent = 2300.723; children = 1623.336
---------------------------------------------------------------------------------
---------------------------------------------------------------------------------
Start Handling Custom Attributes
---------------------------------------------------------------------------------
---------------------------------------------------------------------------------
Finished Handling Custom Attributes : Time (s): cpu = 00:00:27 ; elapsed = 00:00:29 . Memory (MB): peak = 2332.734 ; gain = 537.395 ; free physical = 334 ; free virtual = 13114
Synthesis current peak Physical Memory [PSS] (MB): peak = 1459.016; parent = 1253.872; children = 205.175
Synthesis current peak Virtual Memory [VSS] (MB): peak = 3924.059; parent = 2300.723; children = 1623.336
---------------------------------------------------------------------------------
---------------------------------------------------------------------------------
Start Renaming Generated Nets
---------------------------------------------------------------------------------
---------------------------------------------------------------------------------
Finished Renaming Generated Nets : Time (s): cpu = 00:00:27 ; elapsed = 00:00:29 . Memory (MB): peak = 2332.734 ; gain = 537.395 ; free physical = 334 ; free virtual = 13114
Synthesis current peak Physical Memory [PSS] (MB): peak = 1459.047; parent = 1253.903; children = 205.175
Synthesis current peak Virtual Memory [VSS] (MB): peak = 3924.059; parent = 2300.723; children = 1623.336
---------------------------------------------------------------------------------
---------------------------------------------------------------------------------
Start Writing Synthesis Report
---------------------------------------------------------------------------------

Report BlackBoxes: 
+-+--------------+----------+
| |BlackBox name |Instances |
+-+--------------+----------+
+-+--------------+----------+

Report Cell Usage: 
+------+-----------+------+
|      |Cell       |Count |
+------+-----------+------+
|1     |BUFG       |     3|
|2     |LUT1       |     1|
|3     |MMCME2_ADV |     1|
|4     |IBUF       |     1|
+------+-----------+------+
---------------------------------------------------------------------------------
Finished Writing Synthesis Report : Time (s): cpu = 00:00:27 ; elapsed = 00:00:29 . Memory (MB): peak = 2332.734 ; gain = 537.395 ; free physical = 334 ; free virtual = 13114
Synthesis current peak Physical Memory [PSS] (MB): peak = 1459.062; parent = 1253.919; children = 205.175
Synthesis current peak Virtual Memory [VSS] (MB): peak = 3924.059; parent = 2300.723; children = 1623.336
---------------------------------------------------------------------------------
Synthesis finished with 0 errors, 0 critical warnings and 1 warnings.
Synthesis Optimization Runtime : Time (s): cpu = 00:00:25 ; elapsed = 00:00:27 . Memory (MB): peak = 2332.734 ; gain = 457.520 ; free physical = 371 ; free virtual = 13151
Synthesis Optimization Complete : Time (s): cpu = 00:00:27 ; elapsed = 00:00:30 . Memory (MB): peak = 2332.734 ; gain = 537.395 ; free physical = 370 ; free virtual = 13150
INFO: [Project 1-571] Translating synthesized netlist
Netlist sorting complete. Time (s): cpu = 00:00:00 ; elapsed = 00:00:00 . Memory (MB): peak = 2332.734 ; gain = 0.000 ; free physical = 362 ; free virtual = 13143
INFO: [Netlist 29-17] Analyzing 1 Unisim elements for replacement
INFO: [Netlist 29-28] Unisim Transformation completed in 0 CPU seconds
INFO: [Project 1-570] Preparing netlist for logic optimization
INFO: [Opt 31-138] Pushed 0 inverter(s) to 0 load pin(s).
Netlist sorting complete. Time (s): cpu = 00:00:00 ; elapsed = 00:00:00 . Memory (MB): peak = 2332.734 ; gain = 0.000 ; free physical = 415 ; free virtual = 13195
INFO: [Project 1-111] Unisim Transformation Summary:
No Unisim elements were transformed.

Synth Design complete, checksum: ea8019ad
INFO: [Common 17-83] Releasing license: Synthesis
32 Infos, 1 Warnings, 0 Critical Warnings and 0 Errors encountered.
synth_design completed successfully
synth_design: Time (s): cpu = 00:00:38 ; elapsed = 00:00:36 . Memory (MB): peak = 2332.734 ; gain = 787.715 ; free physical = 602 ; free virtual = 13383
INFO: [Common 17-1381] The checkpoint '/home/bigpi/AMD/Vivado/2022.2/Projects/SW9A-AcousticsFPGA/SW9A-AcousticsFPGA.runs/clk_wiz_0_synth_1/clk_wiz_0.dcp' has been generated.
INFO: [Coretcl 2-1648] Added synthesis output to IP cache for IP clk_wiz_0, cache-ID = 6ad5a68dda099db4
INFO: [Common 17-1381] The checkpoint '/home/bigpi/AMD/Vivado/2022.2/Projects/SW9A-AcousticsFPGA/SW9A-AcousticsFPGA.runs/clk_wiz_0_synth_1/clk_wiz_0.dcp' has been generated.
INFO: [runtcl-4] Executing : report_utilization -file clk_wiz_0_utilization_synth.rpt -pb clk_wiz_0_utilization_synth.pb
INFO: [Common 17-206] Exiting Vivado at Sat Nov 15 12:54:38 2025...
